Archive member included to satisfy reference by file (symbol)

/home/khaled/ti/ccsv8/tools/compiler/gcc-arm-none-eabi-7-2017-q4-major/bin/../lib/gcc/arm-none-eabi/7.2.1/../../../../arm-none-eabi/lib/thumb/v7e-m/fpv4-sp/hard/libc.a(lib_a-exit.o)
                              /home/khaled/ti/ccsv8/tools/compiler/gcc-arm-none-eabi-7-2017-q4-major/bin/../lib/gcc/arm-none-eabi/7.2.1/../../../../arm-none-eabi/lib/thumb/v7e-m/fpv4-sp/hard/crt0.o (exit)
/home/khaled/ti/ccsv8/tools/compiler/gcc-arm-none-eabi-7-2017-q4-major/bin/../lib/gcc/arm-none-eabi/7.2.1/../../../../arm-none-eabi/lib/thumb/v7e-m/fpv4-sp/hard/libc.a(lib_a-impure.o)
                              /home/khaled/ti/ccsv8/tools/compiler/gcc-arm-none-eabi-7-2017-q4-major/bin/../lib/gcc/arm-none-eabi/7.2.1/../../../../arm-none-eabi/lib/thumb/v7e-m/fpv4-sp/hard/libc.a(lib_a-exit.o) (_global_impure_ptr)
/home/khaled/ti/ccsv8/tools/compiler/gcc-arm-none-eabi-7-2017-q4-major/bin/../lib/gcc/arm-none-eabi/7.2.1/../../../../arm-none-eabi/lib/thumb/v7e-m/fpv4-sp/hard/libc.a(lib_a-init.o)
                              /home/khaled/ti/ccsv8/tools/compiler/gcc-arm-none-eabi-7-2017-q4-major/bin/../lib/gcc/arm-none-eabi/7.2.1/../../../../arm-none-eabi/lib/thumb/v7e-m/fpv4-sp/hard/crt0.o (__libc_init_array)
/home/khaled/ti/ccsv8/tools/compiler/gcc-arm-none-eabi-7-2017-q4-major/bin/../lib/gcc/arm-none-eabi/7.2.1/../../../../arm-none-eabi/lib/thumb/v7e-m/fpv4-sp/hard/libc.a(lib_a-memset.o)
                              /home/khaled/ti/ccsv8/tools/compiler/gcc-arm-none-eabi-7-2017-q4-major/bin/../lib/gcc/arm-none-eabi/7.2.1/../../../../arm-none-eabi/lib/thumb/v7e-m/fpv4-sp/hard/crt0.o (memset)
/home/khaled/ti/ccsv8/tools/compiler/gcc-arm-none-eabi-7-2017-q4-major/bin/../lib/gcc/arm-none-eabi/7.2.1/../../../../arm-none-eabi/lib/thumb/v7e-m/fpv4-sp/hard/libc.a(lib_a-__call_atexit.o)
                              /home/khaled/ti/ccsv8/tools/compiler/gcc-arm-none-eabi-7-2017-q4-major/bin/../lib/gcc/arm-none-eabi/7.2.1/../../../../arm-none-eabi/lib/thumb/v7e-m/fpv4-sp/hard/libc.a(lib_a-exit.o) (__call_exitprocs)
/home/khaled/ti/ccsv8/tools/compiler/gcc-arm-none-eabi-7-2017-q4-major/bin/../lib/gcc/arm-none-eabi/7.2.1/../../../../arm-none-eabi/lib/thumb/v7e-m/fpv4-sp/hard/libc.a(lib_a-atexit.o)
                              /home/khaled/ti/ccsv8/tools/compiler/gcc-arm-none-eabi-7-2017-q4-major/bin/../lib/gcc/arm-none-eabi/7.2.1/../../../../arm-none-eabi/lib/thumb/v7e-m/fpv4-sp/hard/libc.a(lib_a-__call_atexit.o) (atexit)
/home/khaled/ti/ccsv8/tools/compiler/gcc-arm-none-eabi-7-2017-q4-major/bin/../lib/gcc/arm-none-eabi/7.2.1/../../../../arm-none-eabi/lib/thumb/v7e-m/fpv4-sp/hard/libc.a(lib_a-fini.o)
                              /home/khaled/ti/ccsv8/tools/compiler/gcc-arm-none-eabi-7-2017-q4-major/bin/../lib/gcc/arm-none-eabi/7.2.1/../../../../arm-none-eabi/lib/thumb/v7e-m/fpv4-sp/hard/libc.a(lib_a-__call_atexit.o) (__libc_fini_array)
/home/khaled/ti/ccsv8/tools/compiler/gcc-arm-none-eabi-7-2017-q4-major/bin/../lib/gcc/arm-none-eabi/7.2.1/../../../../arm-none-eabi/lib/thumb/v7e-m/fpv4-sp/hard/libc.a(lib_a-lock.o)
                              /home/khaled/ti/ccsv8/tools/compiler/gcc-arm-none-eabi-7-2017-q4-major/bin/../lib/gcc/arm-none-eabi/7.2.1/../../../../arm-none-eabi/lib/thumb/v7e-m/fpv4-sp/hard/libc.a(lib_a-__call_atexit.o) (__retarget_lock_acquire_recursive)
/home/khaled/ti/ccsv8/tools/compiler/gcc-arm-none-eabi-7-2017-q4-major/bin/../lib/gcc/arm-none-eabi/7.2.1/../../../../arm-none-eabi/lib/thumb/v7e-m/fpv4-sp/hard/libc.a(lib_a-__atexit.o)
                              /home/khaled/ti/ccsv8/tools/compiler/gcc-arm-none-eabi-7-2017-q4-major/bin/../lib/gcc/arm-none-eabi/7.2.1/../../../../arm-none-eabi/lib/thumb/v7e-m/fpv4-sp/hard/libc.a(lib_a-atexit.o) (__register_exitproc)
/home/khaled/ti/ccsv8/tools/compiler/gcc-arm-none-eabi-7-2017-q4-major/bin/../lib/gcc/arm-none-eabi/7.2.1/../../../../arm-none-eabi/lib/thumb/v7e-m/fpv4-sp/hard/libnosys.a(_exit.o)
                              /home/khaled/ti/ccsv8/tools/compiler/gcc-arm-none-eabi-7-2017-q4-major/bin/../lib/gcc/arm-none-eabi/7.2.1/../../../../arm-none-eabi/lib/thumb/v7e-m/fpv4-sp/hard/libc.a(lib_a-exit.o) (_exit)

Allocating common symbols
Common symbol       size              file

__lock___atexit_recursive_mutex
                    0x1               /home/khaled/ti/ccsv8/tools/compiler/gcc-arm-none-eabi-7-2017-q4-major/bin/../lib/gcc/arm-none-eabi/7.2.1/../../../../arm-none-eabi/lib/thumb/v7e-m/fpv4-sp/hard/libc.a(lib_a-lock.o)
__lock___arc4random_mutex
                    0x1               /home/khaled/ti/ccsv8/tools/compiler/gcc-arm-none-eabi-7-2017-q4-major/bin/../lib/gcc/arm-none-eabi/7.2.1/../../../../arm-none-eabi/lib/thumb/v7e-m/fpv4-sp/hard/libc.a(lib_a-lock.o)
__lock___env_recursive_mutex
                    0x1               /home/khaled/ti/ccsv8/tools/compiler/gcc-arm-none-eabi-7-2017-q4-major/bin/../lib/gcc/arm-none-eabi/7.2.1/../../../../arm-none-eabi/lib/thumb/v7e-m/fpv4-sp/hard/libc.a(lib_a-lock.o)
__lock___sinit_recursive_mutex
                    0x1               /home/khaled/ti/ccsv8/tools/compiler/gcc-arm-none-eabi-7-2017-q4-major/bin/../lib/gcc/arm-none-eabi/7.2.1/../../../../arm-none-eabi/lib/thumb/v7e-m/fpv4-sp/hard/libc.a(lib_a-lock.o)
__lock___malloc_recursive_mutex
                    0x1               /home/khaled/ti/ccsv8/tools/compiler/gcc-arm-none-eabi-7-2017-q4-major/bin/../lib/gcc/arm-none-eabi/7.2.1/../../../../arm-none-eabi/lib/thumb/v7e-m/fpv4-sp/hard/libc.a(lib_a-lock.o)
__lock___at_quick_exit_mutex
                    0x1               /home/khaled/ti/ccsv8/tools/compiler/gcc-arm-none-eabi-7-2017-q4-major/bin/../lib/gcc/arm-none-eabi/7.2.1/../../../../arm-none-eabi/lib/thumb/v7e-m/fpv4-sp/hard/libc.a(lib_a-lock.o)
__lock___dd_hash_mutex
                    0x1               /home/khaled/ti/ccsv8/tools/compiler/gcc-arm-none-eabi-7-2017-q4-major/bin/../lib/gcc/arm-none-eabi/7.2.1/../../../../arm-none-eabi/lib/thumb/v7e-m/fpv4-sp/hard/libc.a(lib_a-lock.o)
__lock___tz_mutex   0x1               /home/khaled/ti/ccsv8/tools/compiler/gcc-arm-none-eabi-7-2017-q4-major/bin/../lib/gcc/arm-none-eabi/7.2.1/../../../../arm-none-eabi/lib/thumb/v7e-m/fpv4-sp/hard/libc.a(lib_a-lock.o)
__lock___sfp_recursive_mutex
                    0x1               /home/khaled/ti/ccsv8/tools/compiler/gcc-arm-none-eabi-7-2017-q4-major/bin/../lib/gcc/arm-none-eabi/7.2.1/../../../../arm-none-eabi/lib/thumb/v7e-m/fpv4-sp/hard/libc.a(lib_a-lock.o)

Discarded input sections

 .debug_frame   0x0000000000000000       0x28 /home/khaled/ti/ccsv8/tools/compiler/gcc-arm-none-eabi-7-2017-q4-major/bin/../lib/gcc/arm-none-eabi/7.2.1/../../../../arm-none-eabi/lib/thumb/v7e-m/fpv4-sp/hard/libc.a(lib_a-exit.o)
 .ARM.attributes
                0x0000000000000000       0x34 /home/khaled/ti/ccsv8/tools/compiler/gcc-arm-none-eabi-7-2017-q4-major/bin/../lib/gcc/arm-none-eabi/7.2.1/../../../../arm-none-eabi/lib/thumb/v7e-m/fpv4-sp/hard/libc.a(lib_a-exit.o)
 .ARM.attributes
                0x0000000000000000       0x34 /home/khaled/ti/ccsv8/tools/compiler/gcc-arm-none-eabi-7-2017-q4-major/bin/../lib/gcc/arm-none-eabi/7.2.1/../../../../arm-none-eabi/lib/thumb/v7e-m/fpv4-sp/hard/libc.a(lib_a-impure.o)
 .debug_frame   0x0000000000000000       0x2c /home/khaled/ti/ccsv8/tools/compiler/gcc-arm-none-eabi-7-2017-q4-major/bin/../lib/gcc/arm-none-eabi/7.2.1/../../../../arm-none-eabi/lib/thumb/v7e-m/fpv4-sp/hard/libc.a(lib_a-init.o)
 .ARM.attributes
                0x0000000000000000       0x34 /home/khaled/ti/ccsv8/tools/compiler/gcc-arm-none-eabi-7-2017-q4-major/bin/../lib/gcc/arm-none-eabi/7.2.1/../../../../arm-none-eabi/lib/thumb/v7e-m/fpv4-sp/hard/libc.a(lib_a-init.o)
 .debug_frame   0x0000000000000000       0x38 /home/khaled/ti/ccsv8/tools/compiler/gcc-arm-none-eabi-7-2017-q4-major/bin/../lib/gcc/arm-none-eabi/7.2.1/../../../../arm-none-eabi/lib/thumb/v7e-m/fpv4-sp/hard/libc.a(lib_a-memset.o)
 .ARM.attributes
                0x0000000000000000       0x34 /home/khaled/ti/ccsv8/tools/compiler/gcc-arm-none-eabi-7-2017-q4-major/bin/../lib/gcc/arm-none-eabi/7.2.1/../../../../arm-none-eabi/lib/thumb/v7e-m/fpv4-sp/hard/libc.a(lib_a-memset.o)
 .debug_frame   0x0000000000000000       0x5c /home/khaled/ti/ccsv8/tools/compiler/gcc-arm-none-eabi-7-2017-q4-major/bin/../lib/gcc/arm-none-eabi/7.2.1/../../../../arm-none-eabi/lib/thumb/v7e-m/fpv4-sp/hard/libc.a(lib_a-__call_atexit.o)
 .ARM.attributes
                0x0000000000000000       0x34 /home/khaled/ti/ccsv8/tools/compiler/gcc-arm-none-eabi-7-2017-q4-major/bin/../lib/gcc/arm-none-eabi/7.2.1/../../../../arm-none-eabi/lib/thumb/v7e-m/fpv4-sp/hard/libc.a(lib_a-__call_atexit.o)
 .debug_frame   0x0000000000000000       0x20 /home/khaled/ti/ccsv8/tools/compiler/gcc-arm-none-eabi-7-2017-q4-major/bin/../lib/gcc/arm-none-eabi/7.2.1/../../../../arm-none-eabi/lib/thumb/v7e-m/fpv4-sp/hard/libc.a(lib_a-atexit.o)
 .ARM.attributes
                0x0000000000000000       0x34 /home/khaled/ti/ccsv8/tools/compiler/gcc-arm-none-eabi-7-2017-q4-major/bin/../lib/gcc/arm-none-eabi/7.2.1/../../../../arm-none-eabi/lib/thumb/v7e-m/fpv4-sp/hard/libc.a(lib_a-atexit.o)
 .debug_frame   0x0000000000000000       0x34 /home/khaled/ti/ccsv8/tools/compiler/gcc-arm-none-eabi-7-2017-q4-major/bin/../lib/gcc/arm-none-eabi/7.2.1/../../../../arm-none-eabi/lib/thumb/v7e-m/fpv4-sp/hard/libc.a(lib_a-fini.o)
 .ARM.attributes
                0x0000000000000000       0x34 /home/khaled/ti/ccsv8/tools/compiler/gcc-arm-none-eabi-7-2017-q4-major/bin/../lib/gcc/arm-none-eabi/7.2.1/../../../../arm-none-eabi/lib/thumb/v7e-m/fpv4-sp/hard/libc.a(lib_a-fini.o)
 .debug_frame   0x0000000000000000       0xb0 /home/khaled/ti/ccsv8/tools/compiler/gcc-arm-none-eabi-7-2017-q4-major/bin/../lib/gcc/arm-none-eabi/7.2.1/../../../../arm-none-eabi/lib/thumb/v7e-m/fpv4-sp/hard/libc.a(lib_a-lock.o)
 .ARM.attributes
                0x0000000000000000       0x34 /home/khaled/ti/ccsv8/tools/compiler/gcc-arm-none-eabi-7-2017-q4-major/bin/../lib/gcc/arm-none-eabi/7.2.1/../../../../arm-none-eabi/lib/thumb/v7e-m/fpv4-sp/hard/libc.a(lib_a-lock.o)
 .debug_frame   0x0000000000000000       0x34 /home/khaled/ti/ccsv8/tools/compiler/gcc-arm-none-eabi-7-2017-q4-major/bin/../lib/gcc/arm-none-eabi/7.2.1/../../../../arm-none-eabi/lib/thumb/v7e-m/fpv4-sp/hard/libc.a(lib_a-__atexit.o)
 .ARM.attributes
                0x0000000000000000       0x34 /home/khaled/ti/ccsv8/tools/compiler/gcc-arm-none-eabi-7-2017-q4-major/bin/../lib/gcc/arm-none-eabi/7.2.1/../../../../arm-none-eabi/lib/thumb/v7e-m/fpv4-sp/hard/libc.a(lib_a-__atexit.o)

Memory Configuration

Name             Origin             Length             Attributes
ROM              0x0000000000000000 0x0000000000040000 xr
RAM              0x0000000020000000 0x0000000000008000 xrw
*default*        0x0000000000000000 0xffffffffffffffff

Linker script and memory map

LOAD /home/khaled/ti/ccsv8/tools/compiler/gcc-arm-none-eabi-7-2017-q4-major/bin/../lib/gcc/arm-none-eabi/7.2.1/thumb/v7e-m/fpv4-sp/hard/crti.o
LOAD /home/khaled/ti/ccsv8/tools/compiler/gcc-arm-none-eabi-7-2017-q4-major/bin/../lib/gcc/arm-none-eabi/7.2.1/thumb/v7e-m/fpv4-sp/hard/crtbegin.o
LOAD /home/khaled/ti/ccsv8/tools/compiler/gcc-arm-none-eabi-7-2017-q4-major/bin/../lib/gcc/arm-none-eabi/7.2.1/../../../../arm-none-eabi/lib/thumb/v7e-m/fpv4-sp/hard/crt0.o
LOAD ./bsp.o
LOAD ./main.o
LOAD ./startup_tm4c_gnu.o
                0x0000000000000200                STACK_SIZE = 0x200
                0x0000000000000000                HEAP_SIZE = 0x0

.isr_vector     0x0000000000000000      0x26c
 *(.isr_vector)
 .isr_vector    0x0000000000000000      0x26c ./startup_tm4c_gnu.o
                0x0000000000000000                g_pfnVectors
                0x000000000000026c                . = ALIGN (0x4)

.eh_frame       0x000000000000026c        0x4
 .eh_frame      0x000000000000026c        0x0 /home/khaled/ti/ccsv8/tools/compiler/gcc-arm-none-eabi-7-2017-q4-major/bin/../lib/gcc/arm-none-eabi/7.2.1/thumb/v7e-m/fpv4-sp/hard/crtbegin.o
 .eh_frame      0x000000000000026c        0x4 /home/khaled/ti/ccsv8/tools/compiler/gcc-arm-none-eabi-7-2017-q4-major/bin/../lib/gcc/arm-none-eabi/7.2.1/thumb/v7e-m/fpv4-sp/hard/crtend.o

.ARM.extab      0x0000000000000270        0x0
 .ARM.extab     0x0000000000000270        0x0 /home/khaled/ti/ccsv8/tools/compiler/gcc-arm-none-eabi-7-2017-q4-major/bin/../lib/gcc/arm-none-eabi/7.2.1/../../../../arm-none-eabi/lib/thumb/v7e-m/fpv4-sp/hard/crt0.o

.ARM.exidx      0x0000000000000270        0x8
 .ARM.exidx     0x0000000000000270        0x8 /home/khaled/ti/ccsv8/tools/compiler/gcc-arm-none-eabi-7-2017-q4-major/bin/../lib/gcc/arm-none-eabi/7.2.1/../../../../arm-none-eabi/lib/thumb/v7e-m/fpv4-sp/hard/crt0.o

.text           0x0000000000000278      0x7fc
                0x0000000000000278                . = ALIGN (0x4)
 *(.text)
 .text          0x0000000000000278        0x0 /home/khaled/ti/ccsv8/tools/compiler/gcc-arm-none-eabi-7-2017-q4-major/bin/../lib/gcc/arm-none-eabi/7.2.1/thumb/v7e-m/fpv4-sp/hard/crti.o
 .text          0x0000000000000278       0x40 /home/khaled/ti/ccsv8/tools/compiler/gcc-arm-none-eabi-7-2017-q4-major/bin/../lib/gcc/arm-none-eabi/7.2.1/thumb/v7e-m/fpv4-sp/hard/crtbegin.o
 .text          0x00000000000002b8       0x74 /home/khaled/ti/ccsv8/tools/compiler/gcc-arm-none-eabi-7-2017-q4-major/bin/../lib/gcc/arm-none-eabi/7.2.1/../../../../arm-none-eabi/lib/thumb/v7e-m/fpv4-sp/hard/crt0.o
                0x00000000000002b8                _mainCRTStartup
                0x00000000000002b8                _start
 .text          0x000000000000032c        0x0 ./bsp.o
 .text          0x000000000000032c        0x0 ./main.o
 .text          0x000000000000032c        0x0 ./startup_tm4c_gnu.o
 .text          0x000000000000032c        0x0 /home/khaled/ti/ccsv8/tools/compiler/gcc-arm-none-eabi-7-2017-q4-major/bin/../lib/gcc/arm-none-eabi/7.2.1/../../../../arm-none-eabi/lib/thumb/v7e-m/fpv4-sp/hard/libc.a(lib_a-exit.o)
 .text          0x000000000000032c        0x0 /home/khaled/ti/ccsv8/tools/compiler/gcc-arm-none-eabi-7-2017-q4-major/bin/../lib/gcc/arm-none-eabi/7.2.1/../../../../arm-none-eabi/lib/thumb/v7e-m/fpv4-sp/hard/libc.a(lib_a-impure.o)
 .text          0x000000000000032c        0x0 /home/khaled/ti/ccsv8/tools/compiler/gcc-arm-none-eabi-7-2017-q4-major/bin/../lib/gcc/arm-none-eabi/7.2.1/../../../../arm-none-eabi/lib/thumb/v7e-m/fpv4-sp/hard/libc.a(lib_a-init.o)
 .text          0x000000000000032c        0x0 /home/khaled/ti/ccsv8/tools/compiler/gcc-arm-none-eabi-7-2017-q4-major/bin/../lib/gcc/arm-none-eabi/7.2.1/../../../../arm-none-eabi/lib/thumb/v7e-m/fpv4-sp/hard/libc.a(lib_a-memset.o)
 .text          0x000000000000032c        0x0 /home/khaled/ti/ccsv8/tools/compiler/gcc-arm-none-eabi-7-2017-q4-major/bin/../lib/gcc/arm-none-eabi/7.2.1/../../../../arm-none-eabi/lib/thumb/v7e-m/fpv4-sp/hard/libc.a(lib_a-__call_atexit.o)
 .text          0x000000000000032c        0x0 /home/khaled/ti/ccsv8/tools/compiler/gcc-arm-none-eabi-7-2017-q4-major/bin/../lib/gcc/arm-none-eabi/7.2.1/../../../../arm-none-eabi/lib/thumb/v7e-m/fpv4-sp/hard/libc.a(lib_a-atexit.o)
 .text          0x000000000000032c        0x0 /home/khaled/ti/ccsv8/tools/compiler/gcc-arm-none-eabi-7-2017-q4-major/bin/../lib/gcc/arm-none-eabi/7.2.1/../../../../arm-none-eabi/lib/thumb/v7e-m/fpv4-sp/hard/libc.a(lib_a-fini.o)
 .text          0x000000000000032c        0x0 /home/khaled/ti/ccsv8/tools/compiler/gcc-arm-none-eabi-7-2017-q4-major/bin/../lib/gcc/arm-none-eabi/7.2.1/../../../../arm-none-eabi/lib/thumb/v7e-m/fpv4-sp/hard/libc.a(lib_a-lock.o)
 .text          0x000000000000032c        0x0 /home/khaled/ti/ccsv8/tools/compiler/gcc-arm-none-eabi-7-2017-q4-major/bin/../lib/gcc/arm-none-eabi/7.2.1/../../../../arm-none-eabi/lib/thumb/v7e-m/fpv4-sp/hard/libc.a(lib_a-__atexit.o)
 .text          0x000000000000032c        0x0 /home/khaled/ti/ccsv8/tools/compiler/gcc-arm-none-eabi-7-2017-q4-major/bin/../lib/gcc/arm-none-eabi/7.2.1/../../../../arm-none-eabi/lib/thumb/v7e-m/fpv4-sp/hard/libnosys.a(_exit.o)
 .text          0x000000000000032c        0x0 /home/khaled/ti/ccsv8/tools/compiler/gcc-arm-none-eabi-7-2017-q4-major/bin/../lib/gcc/arm-none-eabi/7.2.1/thumb/v7e-m/fpv4-sp/hard/crtend.o
 .text          0x000000000000032c        0x0 /home/khaled/ti/ccsv8/tools/compiler/gcc-arm-none-eabi-7-2017-q4-major/bin/../lib/gcc/arm-none-eabi/7.2.1/thumb/v7e-m/fpv4-sp/hard/crtn.o
 *(.text*)
 .text.assert_failed
                0x000000000000032c       0x24 ./bsp.o
                0x000000000000032c                assert_failed
 .text.PortF_Init
                0x0000000000000350       0x54 ./bsp.o
                0x0000000000000350                PortF_Init
 .text.PLL_Init
                0x00000000000003a4       0x68 ./bsp.o
                0x00000000000003a4                PLL_Init
 .text.SysTick_Init
                0x000000000000040c       0x10 ./bsp.o
                0x000000000000040c                SysTick_Init
 .text.SysTick_Wait
                0x000000000000041c       0x20 ./bsp.o
                0x000000000000041c                SysTick_Wait
 .text.SysTick_Wait10ms
                0x000000000000043c       0x1c ./bsp.o
                0x000000000000043c                SysTick_Wait10ms
 .text.SysTick_Handler
                0x0000000000000458       0x1c ./bsp.o
                0x0000000000000458                SysTick_Handler
 .text.PortF_AHB_CMSIS_Init
                0x0000000000000474       0x38 ./bsp.o
                0x0000000000000474                PortF_AHB_CMSIS_Init
 .text.SysTick_CMSIS_Init
                0x00000000000004ac       0x18 ./bsp.o
                0x00000000000004ac                SysTick_CMSIS_Init
 .text.EdgeCounter_Init
                0x00000000000004c4       0xb8 ./bsp.o
                0x00000000000004c4                EdgeCounter_Init
 .text.GPIOPortF_IRQHandler
                0x000000000000057c       0x28 ./bsp.o
                0x000000000000057c                GPIOPortF_IRQHandler
 .text.SysTick_Init_interrupt
                0x00000000000005a4       0x30 ./bsp.o
                0x00000000000005a4                SysTick_Init_interrupt
 .text.main     0x00000000000005d4       0x60 ./main.o
                0x00000000000005d4                main
 .text.NMI_Handler
                0x0000000000000634       0x14 ./startup_tm4c_gnu.o
                0x0000000000000634                NMI_Handler
 .text.MemManage_Handler
                0x0000000000000648       0x18 ./startup_tm4c_gnu.o
                0x0000000000000648                MemManage_Handler
 .text.HardFault_Handler
                0x0000000000000660       0x18 ./startup_tm4c_gnu.o
                0x0000000000000660                HardFault_Handler
 .text.BusFault_Handler
                0x0000000000000678       0x18 ./startup_tm4c_gnu.o
                0x0000000000000678                BusFault_Handler
 .text.UsageFault_Handler
                0x0000000000000690       0x1c ./startup_tm4c_gnu.o
                0x0000000000000690                UsageFault_Handler
 .text.Default_Handler
                0x00000000000006ac       0x18 ./startup_tm4c_gnu.o
                0x00000000000006ac                uDMAST_IRQHandler
                0x00000000000006ac                GPIOPortP4_IRQHandler
                0x00000000000006ac                PWM1Gen3_IRQHandler
                0x00000000000006ac                WideTimer5B_IRQHandler
                0x00000000000006ac                DebugMon_Handler
                0x00000000000006ac                QEI2_IRQHandler
                0x00000000000006ac                FlashCtrl_IRQHandler
                0x00000000000006ac                GPIOPortP7_IRQHandler
                0x00000000000006ac                Timer0B_IRQHandler
                0x00000000000006ac                I2C0_IRQHandler
                0x00000000000006ac                WideTimer4B_IRQHandler
                0x00000000000006ac                PendSV_Handler
                0x00000000000006ac                I2C1_IRQHandler
                0x00000000000006ac                GPIOPortP5_IRQHandler
                0x00000000000006ac                PWMGen0_IRQHandler
                0x00000000000006ac                UART1_IRQHandler
                0x00000000000006ac                CAN1_IRQHandler
                0x00000000000006ac                Timer1B_IRQHandler
                0x00000000000006ac                Watchdog_IRQHandler
                0x00000000000006ac                GPIOPortS_IRQHandler
                0x00000000000006ac                GPIOPortQ7_IRQHandler
                0x00000000000006ac                PWM1Gen2_IRQHandler
                0x00000000000006ac                UART0_IRQHandler
                0x00000000000006ac                GPIOPortL_IRQHandler
                0x00000000000006ac                SSI0_IRQHandler
                0x00000000000006ac                GPIOPortM_IRQHandler
                0x00000000000006ac                FPU_IRQHandler
                0x00000000000006ac                ADCSeq1_IRQHandler
                0x00000000000006ac                GPIOPortP0_IRQHandler
                0x00000000000006ac                WideTimer0B_IRQHandler
                0x00000000000006ac                PWMFault_IRQHandler
                0x00000000000006ac                WideTimer1A_IRQHandler
                0x00000000000006ac                I2C4_IRQHandler
                0x00000000000006ac                I2C5_IRQHandler
                0x00000000000006ac                GPIOPortQ5_IRQHandler
                0x00000000000006ac                PWMGen1_IRQHandler
                0x00000000000006ac                SSI1_IRQHandler
                0x00000000000006ac                I2C2_IRQHandler
                0x00000000000006ac                GPIOPortC_IRQHandler
                0x00000000000006ac                UART5_IRQHandler
                0x00000000000006ac                GPIOPortK_IRQHandler
                0x00000000000006ac                ADCSeq2_IRQHandler
                0x00000000000006ac                PWMGen2_IRQHandler
                0x00000000000006ac                UART2_IRQHandler
                0x00000000000006ac                GPIOPortP3_IRQHandler
                0x00000000000006ac                ADC1Seq0_IRQHandler
                0x00000000000006ac                UART4_IRQHandler
                0x00000000000006ac                GPIOPortJ_IRQHandler
                0x00000000000006ac                Default_Handler
                0x00000000000006ac                WideTimer0A_IRQHandler
                0x00000000000006ac                Timer5A_IRQHandler
                0x00000000000006ac                WideTimer3B_IRQHandler
                0x00000000000006ac                WideTimer2B_IRQHandler
                0x00000000000006ac                WideTimer5A_IRQHandler
                0x00000000000006ac                Timer4A_IRQHandler
                0x00000000000006ac                QEI1_IRQHandler
                0x00000000000006ac                PWM1Fault_IRQHandler
                0x00000000000006ac                GPIOPortP6_IRQHandler
                0x00000000000006ac                QEI0_IRQHandler
                0x00000000000006ac                ADC1Seq2_IRQHandler
                0x00000000000006ac                ADC1Seq1_IRQHandler
                0x00000000000006ac                PWMGen3_IRQHandler
                0x00000000000006ac                GPIOPortD_IRQHandler
                0x00000000000006ac                USB0_IRQHandler
                0x00000000000006ac                I2C3_IRQHandler
                0x00000000000006ac                SVC_Handler
                0x00000000000006ac                GPIOPortP2_IRQHandler
                0x00000000000006ac                GPIOPortQ4_IRQHandler
                0x00000000000006ac                Timer3B_IRQHandler
                0x00000000000006ac                Timer3A_IRQHandler
                0x00000000000006ac                GPIOPortA_IRQHandler
                0x00000000000006ac                ADC1Seq3_IRQHandler
                0x00000000000006ac                Timer0A_IRQHandler
                0x00000000000006ac                GPIOPortP1_IRQHandler
                0x00000000000006ac                ADCSeq0_IRQHandler
                0x00000000000006ac                Timer1A_IRQHandler
                0x00000000000006ac                GPIOPortG_IRQHandler
                0x00000000000006ac                GPIOPortQ1_IRQHandler
                0x00000000000006ac                GPIOPortQ3_IRQHandler
                0x00000000000006ac                Timer5B_IRQHandler
                0x00000000000006ac                ADCSeq3_IRQHandler
                0x00000000000006ac                WideTimer4A_IRQHandler
                0x00000000000006ac                GPIOPortE_IRQHandler
                0x00000000000006ac                CAN0_IRQHandler
                0x00000000000006ac                GPIOPortQ0_IRQHandler
                0x00000000000006ac                Comp0_IRQHandler
                0x00000000000006ac                Comp1_IRQHandler
                0x00000000000006ac                Comp2_IRQHandler
                0x00000000000006ac                GPIOPortQ6_IRQHandler
                0x00000000000006ac                SSI2_IRQHandler
                0x00000000000006ac                PWM1Gen0_IRQHandler
                0x00000000000006ac                UART7_IRQHandler
                0x00000000000006ac                UART6_IRQHandler
                0x00000000000006ac                WideTimer2A_IRQHandler
                0x00000000000006ac                GPIOPortB_IRQHandler
                0x00000000000006ac                WideTimer3A_IRQHandler
                0x00000000000006ac                CAN2_IRQHandler
                0x00000000000006ac                WideTimer1B_IRQHandler
                0x00000000000006ac                GPIOPortH_IRQHandler
                0x00000000000006ac                GPIOPortQ2_IRQHandler
                0x00000000000006ac                GPIOPortR_IRQHandler
                0x00000000000006ac                Timer4B_IRQHandler
                0x00000000000006ac                Timer2A_IRQHandler
                0x00000000000006ac                SSI3_IRQHandler
                0x00000000000006ac                Timer2B_IRQHandler
                0x00000000000006ac                uDMAError_IRQHandler
                0x00000000000006ac                GPIOPortN_IRQHandler
                0x00000000000006ac                UART3_IRQHandler
                0x00000000000006ac                SysCtrl_IRQHandler
                0x00000000000006ac                Hibernate_IRQHandler
                0x00000000000006ac                PWM1Gen1_IRQHandler
 .text.Reset_Handler
                0x00000000000006c4       0x60 ./startup_tm4c_gnu.o
                0x00000000000006c4                Reset_Handler
 .text.exit     0x0000000000000724       0x20 /home/khaled/ti/ccsv8/tools/compiler/gcc-arm-none-eabi-7-2017-q4-major/bin/../lib/gcc/arm-none-eabi/7.2.1/../../../../arm-none-eabi/lib/thumb/v7e-m/fpv4-sp/hard/libc.a(lib_a-exit.o)
                0x0000000000000724                exit
 .text.__libc_init_array
                0x0000000000000744       0x48 /home/khaled/ti/ccsv8/tools/compiler/gcc-arm-none-eabi-7-2017-q4-major/bin/../lib/gcc/arm-none-eabi/7.2.1/../../../../arm-none-eabi/lib/thumb/v7e-m/fpv4-sp/hard/libc.a(lib_a-init.o)
                0x0000000000000744                __libc_init_array
 .text.memset   0x000000000000078c       0x94 /home/khaled/ti/ccsv8/tools/compiler/gcc-arm-none-eabi-7-2017-q4-major/bin/../lib/gcc/arm-none-eabi/7.2.1/../../../../arm-none-eabi/lib/thumb/v7e-m/fpv4-sp/hard/libc.a(lib_a-memset.o)
                0x000000000000078c                memset
 .text.startup.register_fini
                0x0000000000000820       0x14 /home/khaled/ti/ccsv8/tools/compiler/gcc-arm-none-eabi-7-2017-q4-major/bin/../lib/gcc/arm-none-eabi/7.2.1/../../../../arm-none-eabi/lib/thumb/v7e-m/fpv4-sp/hard/libc.a(lib_a-__call_atexit.o)
 .text.__call_exitprocs
                0x0000000000000834       0xe8 /home/khaled/ti/ccsv8/tools/compiler/gcc-arm-none-eabi-7-2017-q4-major/bin/../lib/gcc/arm-none-eabi/7.2.1/../../../../arm-none-eabi/lib/thumb/v7e-m/fpv4-sp/hard/libc.a(lib_a-__call_atexit.o)
                0x0000000000000834                __call_exitprocs
 .text.atexit   0x000000000000091c        0xc /home/khaled/ti/ccsv8/tools/compiler/gcc-arm-none-eabi-7-2017-q4-major/bin/../lib/gcc/arm-none-eabi/7.2.1/../../../../arm-none-eabi/lib/thumb/v7e-m/fpv4-sp/hard/libc.a(lib_a-atexit.o)
                0x000000000000091c                atexit
 .text.__libc_fini_array
                0x0000000000000928       0x34 /home/khaled/ti/ccsv8/tools/compiler/gcc-arm-none-eabi-7-2017-q4-major/bin/../lib/gcc/arm-none-eabi/7.2.1/../../../../arm-none-eabi/lib/thumb/v7e-m/fpv4-sp/hard/libc.a(lib_a-fini.o)
                0x0000000000000928                __libc_fini_array
 .text.__retarget_lock_init
                0x000000000000095c        0x4 /home/khaled/ti/ccsv8/tools/compiler/gcc-arm-none-eabi-7-2017-q4-major/bin/../lib/gcc/arm-none-eabi/7.2.1/../../../../arm-none-eabi/lib/thumb/v7e-m/fpv4-sp/hard/libc.a(lib_a-lock.o)
                0x000000000000095c                __retarget_lock_init
 .text.__retarget_lock_init_recursive
                0x0000000000000960        0x4 /home/khaled/ti/ccsv8/tools/compiler/gcc-arm-none-eabi-7-2017-q4-major/bin/../lib/gcc/arm-none-eabi/7.2.1/../../../../arm-none-eabi/lib/thumb/v7e-m/fpv4-sp/hard/libc.a(lib_a-lock.o)
                0x0000000000000960                __retarget_lock_init_recursive
 .text.__retarget_lock_close
                0x0000000000000964        0x4 /home/khaled/ti/ccsv8/tools/compiler/gcc-arm-none-eabi-7-2017-q4-major/bin/../lib/gcc/arm-none-eabi/7.2.1/../../../../arm-none-eabi/lib/thumb/v7e-m/fpv4-sp/hard/libc.a(lib_a-lock.o)
                0x0000000000000964                __retarget_lock_close
 .text.__retarget_lock_close_recursive
                0x0000000000000968        0x4 /home/khaled/ti/ccsv8/tools/compiler/gcc-arm-none-eabi-7-2017-q4-major/bin/../lib/gcc/arm-none-eabi/7.2.1/../../../../arm-none-eabi/lib/thumb/v7e-m/fpv4-sp/hard/libc.a(lib_a-lock.o)
                0x0000000000000968                __retarget_lock_close_recursive
 .text.__retarget_lock_acquire
                0x000000000000096c        0x4 /home/khaled/ti/ccsv8/tools/compiler/gcc-arm-none-eabi-7-2017-q4-major/bin/../lib/gcc/arm-none-eabi/7.2.1/../../../../arm-none-eabi/lib/thumb/v7e-m/fpv4-sp/hard/libc.a(lib_a-lock.o)
                0x000000000000096c                __retarget_lock_acquire
 .text.__retarget_lock_acquire_recursive
                0x0000000000000970        0x4 /home/khaled/ti/ccsv8/tools/compiler/gcc-arm-none-eabi-7-2017-q4-major/bin/../lib/gcc/arm-none-eabi/7.2.1/../../../../arm-none-eabi/lib/thumb/v7e-m/fpv4-sp/hard/libc.a(lib_a-lock.o)
                0x0000000000000970                __retarget_lock_acquire_recursive
 .text.__retarget_lock_try_acquire
                0x0000000000000974        0x4 /home/khaled/ti/ccsv8/tools/compiler/gcc-arm-none-eabi-7-2017-q4-major/bin/../lib/gcc/arm-none-eabi/7.2.1/../../../../arm-none-eabi/lib/thumb/v7e-m/fpv4-sp/hard/libc.a(lib_a-lock.o)
                0x0000000000000974                __retarget_lock_try_acquire
 .text.__retarget_lock_try_acquire_recursive
                0x0000000000000978        0x4 /home/khaled/ti/ccsv8/tools/compiler/gcc-arm-none-eabi-7-2017-q4-major/bin/../lib/gcc/arm-none-eabi/7.2.1/../../../../arm-none-eabi/lib/thumb/v7e-m/fpv4-sp/hard/libc.a(lib_a-lock.o)
                0x0000000000000978                __retarget_lock_try_acquire_recursive
 .text.__retarget_lock_release
                0x000000000000097c        0x4 /home/khaled/ti/ccsv8/tools/compiler/gcc-arm-none-eabi-7-2017-q4-major/bin/../lib/gcc/arm-none-eabi/7.2.1/../../../../arm-none-eabi/lib/thumb/v7e-m/fpv4-sp/hard/libc.a(lib_a-lock.o)
                0x000000000000097c                __retarget_lock_release
 .text.__retarget_lock_release_recursive
                0x0000000000000980        0x4 /home/khaled/ti/ccsv8/tools/compiler/gcc-arm-none-eabi-7-2017-q4-major/bin/../lib/gcc/arm-none-eabi/7.2.1/../../../../arm-none-eabi/lib/thumb/v7e-m/fpv4-sp/hard/libc.a(lib_a-lock.o)
                0x0000000000000980                __retarget_lock_release_recursive
 .text.__register_exitproc
                0x0000000000000984       0xc0 /home/khaled/ti/ccsv8/tools/compiler/gcc-arm-none-eabi-7-2017-q4-major/bin/../lib/gcc/arm-none-eabi/7.2.1/../../../../arm-none-eabi/lib/thumb/v7e-m/fpv4-sp/hard/libc.a(lib_a-__atexit.o)
                0x0000000000000984                __register_exitproc
 .text._exit    0x0000000000000a44        0x4 /home/khaled/ti/ccsv8/tools/compiler/gcc-arm-none-eabi-7-2017-q4-major/bin/../lib/gcc/arm-none-eabi/7.2.1/../../../../arm-none-eabi/lib/thumb/v7e-m/fpv4-sp/hard/libnosys.a(_exit.o)
                0x0000000000000a44                _exit
 *(.rodata)
 *(.rodata*)
 .rodata.Reset_Handler.str1.4
                0x0000000000000a48       0x10 ./startup_tm4c_gnu.o
                                          0xe (size before relaxing)
 .rodata._global_impure_ptr
                0x0000000000000a58        0x4 /home/khaled/ti/ccsv8/tools/compiler/gcc-arm-none-eabi-7-2017-q4-major/bin/../lib/gcc/arm-none-eabi/7.2.1/../../../../arm-none-eabi/lib/thumb/v7e-m/fpv4-sp/hard/libc.a(lib_a-impure.o)
                0x0000000000000a58                _global_impure_ptr
 *(.init)
 .init          0x0000000000000a5c        0x4 /home/khaled/ti/ccsv8/tools/compiler/gcc-arm-none-eabi-7-2017-q4-major/bin/../lib/gcc/arm-none-eabi/7.2.1/thumb/v7e-m/fpv4-sp/hard/crti.o
                0x0000000000000a5c                _init
 .init          0x0000000000000a60        0x8 /home/khaled/ti/ccsv8/tools/compiler/gcc-arm-none-eabi-7-2017-q4-major/bin/../lib/gcc/arm-none-eabi/7.2.1/thumb/v7e-m/fpv4-sp/hard/crtn.o
 *(.fini)
 .fini          0x0000000000000a68        0x4 /home/khaled/ti/ccsv8/tools/compiler/gcc-arm-none-eabi-7-2017-q4-major/bin/../lib/gcc/arm-none-eabi/7.2.1/thumb/v7e-m/fpv4-sp/hard/crti.o
                0x0000000000000a68                _fini
 .fini          0x0000000000000a6c        0x8 /home/khaled/ti/ccsv8/tools/compiler/gcc-arm-none-eabi-7-2017-q4-major/bin/../lib/gcc/arm-none-eabi/7.2.1/thumb/v7e-m/fpv4-sp/hard/crtn.o
                0x0000000000000a74                . = ALIGN (0x4)

.glue_7         0x0000000000000a74        0x0
 .glue_7        0x0000000000000a74        0x0 linker stubs

.glue_7t        0x0000000000000a74        0x0
 .glue_7t       0x0000000000000a74        0x0 linker stubs

.vfp11_veneer   0x0000000000000a74        0x0
 .vfp11_veneer  0x0000000000000a74        0x0 linker stubs

.v4_bx          0x0000000000000a74        0x0
 .v4_bx         0x0000000000000a74        0x0 linker stubs

.iplt           0x0000000000000a74        0x0
 .iplt          0x0000000000000a74        0x0 /home/khaled/ti/ccsv8/tools/compiler/gcc-arm-none-eabi-7-2017-q4-major/bin/../lib/gcc/arm-none-eabi/7.2.1/thumb/v7e-m/fpv4-sp/hard/crtbegin.o

.rel.dyn        0x0000000000000a74        0x0
 .rel.iplt      0x0000000000000a74        0x0 /home/khaled/ti/ccsv8/tools/compiler/gcc-arm-none-eabi-7-2017-q4-major/bin/../lib/gcc/arm-none-eabi/7.2.1/thumb/v7e-m/fpv4-sp/hard/crtbegin.o

.preinit_array  0x0000000000000a74        0x0
                0x0000000000000a74                PROVIDE (__preinit_array_start, .)
 *(.preinit_array*)
                0x0000000000000a74                PROVIDE (__preinit_array_end, .)

.init_array     0x0000000000000a74        0x8
                0x0000000000000a74                PROVIDE (__init_array_start, .)
 *(SORT_BY_NAME(.init_array.*))
 .init_array.00000
                0x0000000000000a74        0x4 /home/khaled/ti/ccsv8/tools/compiler/gcc-arm-none-eabi-7-2017-q4-major/bin/../lib/gcc/arm-none-eabi/7.2.1/../../../../arm-none-eabi/lib/thumb/v7e-m/fpv4-sp/hard/libc.a(lib_a-__call_atexit.o)
 *(.init_array*)
 .init_array    0x0000000000000a78        0x4 /home/khaled/ti/ccsv8/tools/compiler/gcc-arm-none-eabi-7-2017-q4-major/bin/../lib/gcc/arm-none-eabi/7.2.1/thumb/v7e-m/fpv4-sp/hard/crtbegin.o
                0x0000000000000a7c                PROVIDE (__init_array_end, .)

.fini_array     0x0000000000000a7c        0x4
                0x0000000000000a7c                PROVIDE (__fini_array_start, .)
 *(.fini_array*)
 .fini_array    0x0000000000000a7c        0x4 /home/khaled/ti/ccsv8/tools/compiler/gcc-arm-none-eabi-7-2017-q4-major/bin/../lib/gcc/arm-none-eabi/7.2.1/thumb/v7e-m/fpv4-sp/hard/crtbegin.o
 *(SORT_BY_NAME(.fini_array.*))
                0x0000000000000a80                PROVIDE (__fini_array_end, .)
                0x0000000000000a80                _etext = .

.stack          0x0000000020000000      0x200
                0x0000000020000000                __stack_start__ = .
                0x0000000020000200                . = (. + STACK_SIZE)
 *fill*         0x0000000020000000      0x200 
                0x0000000020000200                . = ALIGN (0x4)
                0x0000000020000200                __stack_end__ = .

.data           0x0000000020000200      0x434 load address 0x0000000000000a80
                0x0000000000000a80                __data_load = LOADADDR (.data)
                0x0000000020000200                __data_start = .
 *(.data)
 .data          0x0000000020000200        0x0 /home/khaled/ti/ccsv8/tools/compiler/gcc-arm-none-eabi-7-2017-q4-major/bin/../lib/gcc/arm-none-eabi/7.2.1/thumb/v7e-m/fpv4-sp/hard/crti.o
 .data          0x0000000020000200        0x4 /home/khaled/ti/ccsv8/tools/compiler/gcc-arm-none-eabi-7-2017-q4-major/bin/../lib/gcc/arm-none-eabi/7.2.1/thumb/v7e-m/fpv4-sp/hard/crtbegin.o
                0x0000000020000200                __dso_handle
 .data          0x0000000020000204        0x0 /home/khaled/ti/ccsv8/tools/compiler/gcc-arm-none-eabi-7-2017-q4-major/bin/../lib/gcc/arm-none-eabi/7.2.1/../../../../arm-none-eabi/lib/thumb/v7e-m/fpv4-sp/hard/crt0.o
 .data          0x0000000020000204        0x0 ./bsp.o
 .data          0x0000000020000204        0x0 ./main.o
 .data          0x0000000020000204        0x0 ./startup_tm4c_gnu.o
 .data          0x0000000020000204        0x0 /home/khaled/ti/ccsv8/tools/compiler/gcc-arm-none-eabi-7-2017-q4-major/bin/../lib/gcc/arm-none-eabi/7.2.1/../../../../arm-none-eabi/lib/thumb/v7e-m/fpv4-sp/hard/libc.a(lib_a-exit.o)
 .data          0x0000000020000204        0x0 /home/khaled/ti/ccsv8/tools/compiler/gcc-arm-none-eabi-7-2017-q4-major/bin/../lib/gcc/arm-none-eabi/7.2.1/../../../../arm-none-eabi/lib/thumb/v7e-m/fpv4-sp/hard/libc.a(lib_a-impure.o)
 .data          0x0000000020000204        0x0 /home/khaled/ti/ccsv8/tools/compiler/gcc-arm-none-eabi-7-2017-q4-major/bin/../lib/gcc/arm-none-eabi/7.2.1/../../../../arm-none-eabi/lib/thumb/v7e-m/fpv4-sp/hard/libc.a(lib_a-init.o)
 .data          0x0000000020000204        0x0 /home/khaled/ti/ccsv8/tools/compiler/gcc-arm-none-eabi-7-2017-q4-major/bin/../lib/gcc/arm-none-eabi/7.2.1/../../../../arm-none-eabi/lib/thumb/v7e-m/fpv4-sp/hard/libc.a(lib_a-memset.o)
 .data          0x0000000020000204        0x0 /home/khaled/ti/ccsv8/tools/compiler/gcc-arm-none-eabi-7-2017-q4-major/bin/../lib/gcc/arm-none-eabi/7.2.1/../../../../arm-none-eabi/lib/thumb/v7e-m/fpv4-sp/hard/libc.a(lib_a-__call_atexit.o)
 .data          0x0000000020000204        0x0 /home/khaled/ti/ccsv8/tools/compiler/gcc-arm-none-eabi-7-2017-q4-major/bin/../lib/gcc/arm-none-eabi/7.2.1/../../../../arm-none-eabi/lib/thumb/v7e-m/fpv4-sp/hard/libc.a(lib_a-atexit.o)
 .data          0x0000000020000204        0x0 /home/khaled/ti/ccsv8/tools/compiler/gcc-arm-none-eabi-7-2017-q4-major/bin/../lib/gcc/arm-none-eabi/7.2.1/../../../../arm-none-eabi/lib/thumb/v7e-m/fpv4-sp/hard/libc.a(lib_a-fini.o)
 .data          0x0000000020000204        0x0 /home/khaled/ti/ccsv8/tools/compiler/gcc-arm-none-eabi-7-2017-q4-major/bin/../lib/gcc/arm-none-eabi/7.2.1/../../../../arm-none-eabi/lib/thumb/v7e-m/fpv4-sp/hard/libc.a(lib_a-lock.o)
 .data          0x0000000020000204        0x0 /home/khaled/ti/ccsv8/tools/compiler/gcc-arm-none-eabi-7-2017-q4-major/bin/../lib/gcc/arm-none-eabi/7.2.1/../../../../arm-none-eabi/lib/thumb/v7e-m/fpv4-sp/hard/libc.a(lib_a-__atexit.o)
 .data          0x0000000020000204        0x0 /home/khaled/ti/ccsv8/tools/compiler/gcc-arm-none-eabi-7-2017-q4-major/bin/../lib/gcc/arm-none-eabi/7.2.1/../../../../arm-none-eabi/lib/thumb/v7e-m/fpv4-sp/hard/libnosys.a(_exit.o)
 .data          0x0000000020000204        0x0 /home/khaled/ti/ccsv8/tools/compiler/gcc-arm-none-eabi-7-2017-q4-major/bin/../lib/gcc/arm-none-eabi/7.2.1/thumb/v7e-m/fpv4-sp/hard/crtend.o
 .data          0x0000000020000204        0x0 /home/khaled/ti/ccsv8/tools/compiler/gcc-arm-none-eabi-7-2017-q4-major/bin/../lib/gcc/arm-none-eabi/7.2.1/thumb/v7e-m/fpv4-sp/hard/crtn.o
 *(.data*)
 .data._impure_ptr
                0x0000000020000204        0x4 /home/khaled/ti/ccsv8/tools/compiler/gcc-arm-none-eabi-7-2017-q4-major/bin/../lib/gcc/arm-none-eabi/7.2.1/../../../../arm-none-eabi/lib/thumb/v7e-m/fpv4-sp/hard/libc.a(lib_a-impure.o)
                0x0000000020000204                _impure_ptr
 .data.impure_data
                0x0000000020000208      0x428 /home/khaled/ti/ccsv8/tools/compiler/gcc-arm-none-eabi-7-2017-q4-major/bin/../lib/gcc/arm-none-eabi/7.2.1/../../../../arm-none-eabi/lib/thumb/v7e-m/fpv4-sp/hard/libc.a(lib_a-impure.o)
 .data.__atexit_recursive_mutex
                0x0000000020000630        0x4 /home/khaled/ti/ccsv8/tools/compiler/gcc-arm-none-eabi-7-2017-q4-major/bin/../lib/gcc/arm-none-eabi/7.2.1/../../../../arm-none-eabi/lib/thumb/v7e-m/fpv4-sp/hard/libc.a(lib_a-__call_atexit.o)
                0x0000000020000630                __atexit_recursive_mutex
                0x0000000020000634                . = ALIGN (0x4)
                0x0000000020000634                __data_end__ = .
                0x0000000020000634                _edata = __data_end__

.igot.plt       0x0000000020000634        0x0 load address 0x0000000000000eb4
 .igot.plt      0x0000000020000634        0x0 /home/khaled/ti/ccsv8/tools/compiler/gcc-arm-none-eabi-7-2017-q4-major/bin/../lib/gcc/arm-none-eabi/7.2.1/thumb/v7e-m/fpv4-sp/hard/crtbegin.o

.bss            0x0000000020000634       0x48 load address 0x0000000000000eb4
                0x0000000020000634                __bss_start__ = .
 *(.bss)
 .bss           0x0000000020000634        0x0 /home/khaled/ti/ccsv8/tools/compiler/gcc-arm-none-eabi-7-2017-q4-major/bin/../lib/gcc/arm-none-eabi/7.2.1/thumb/v7e-m/fpv4-sp/hard/crti.o
 .bss           0x0000000020000634       0x1c /home/khaled/ti/ccsv8/tools/compiler/gcc-arm-none-eabi-7-2017-q4-major/bin/../lib/gcc/arm-none-eabi/7.2.1/thumb/v7e-m/fpv4-sp/hard/crtbegin.o
 .bss           0x0000000020000650        0x0 /home/khaled/ti/ccsv8/tools/compiler/gcc-arm-none-eabi-7-2017-q4-major/bin/../lib/gcc/arm-none-eabi/7.2.1/../../../../arm-none-eabi/lib/thumb/v7e-m/fpv4-sp/hard/crt0.o
 .bss           0x0000000020000650        0x0 ./bsp.o
 .bss           0x0000000020000650        0x0 ./main.o
 .bss           0x0000000020000650        0x0 ./startup_tm4c_gnu.o
 .bss           0x0000000020000650        0x0 /home/khaled/ti/ccsv8/tools/compiler/gcc-arm-none-eabi-7-2017-q4-major/bin/../lib/gcc/arm-none-eabi/7.2.1/../../../../arm-none-eabi/lib/thumb/v7e-m/fpv4-sp/hard/libc.a(lib_a-exit.o)
 .bss           0x0000000020000650        0x0 /home/khaled/ti/ccsv8/tools/compiler/gcc-arm-none-eabi-7-2017-q4-major/bin/../lib/gcc/arm-none-eabi/7.2.1/../../../../arm-none-eabi/lib/thumb/v7e-m/fpv4-sp/hard/libc.a(lib_a-impure.o)
 .bss           0x0000000020000650        0x0 /home/khaled/ti/ccsv8/tools/compiler/gcc-arm-none-eabi-7-2017-q4-major/bin/../lib/gcc/arm-none-eabi/7.2.1/../../../../arm-none-eabi/lib/thumb/v7e-m/fpv4-sp/hard/libc.a(lib_a-init.o)
 .bss           0x0000000020000650        0x0 /home/khaled/ti/ccsv8/tools/compiler/gcc-arm-none-eabi-7-2017-q4-major/bin/../lib/gcc/arm-none-eabi/7.2.1/../../../../arm-none-eabi/lib/thumb/v7e-m/fpv4-sp/hard/libc.a(lib_a-memset.o)
 .bss           0x0000000020000650        0x0 /home/khaled/ti/ccsv8/tools/compiler/gcc-arm-none-eabi-7-2017-q4-major/bin/../lib/gcc/arm-none-eabi/7.2.1/../../../../arm-none-eabi/lib/thumb/v7e-m/fpv4-sp/hard/libc.a(lib_a-__call_atexit.o)
 .bss           0x0000000020000650        0x0 /home/khaled/ti/ccsv8/tools/compiler/gcc-arm-none-eabi-7-2017-q4-major/bin/../lib/gcc/arm-none-eabi/7.2.1/../../../../arm-none-eabi/lib/thumb/v7e-m/fpv4-sp/hard/libc.a(lib_a-atexit.o)
 .bss           0x0000000020000650        0x0 /home/khaled/ti/ccsv8/tools/compiler/gcc-arm-none-eabi-7-2017-q4-major/bin/../lib/gcc/arm-none-eabi/7.2.1/../../../../arm-none-eabi/lib/thumb/v7e-m/fpv4-sp/hard/libc.a(lib_a-fini.o)
 .bss           0x0000000020000650        0x0 /home/khaled/ti/ccsv8/tools/compiler/gcc-arm-none-eabi-7-2017-q4-major/bin/../lib/gcc/arm-none-eabi/7.2.1/../../../../arm-none-eabi/lib/thumb/v7e-m/fpv4-sp/hard/libc.a(lib_a-lock.o)
 .bss           0x0000000020000650        0x0 /home/khaled/ti/ccsv8/tools/compiler/gcc-arm-none-eabi-7-2017-q4-major/bin/../lib/gcc/arm-none-eabi/7.2.1/../../../../arm-none-eabi/lib/thumb/v7e-m/fpv4-sp/hard/libc.a(lib_a-__atexit.o)
 .bss           0x0000000020000650        0x0 /home/khaled/ti/ccsv8/tools/compiler/gcc-arm-none-eabi-7-2017-q4-major/bin/../lib/gcc/arm-none-eabi/7.2.1/../../../../arm-none-eabi/lib/thumb/v7e-m/fpv4-sp/hard/libnosys.a(_exit.o)
 .bss           0x0000000020000650        0x0 /home/khaled/ti/ccsv8/tools/compiler/gcc-arm-none-eabi-7-2017-q4-major/bin/../lib/gcc/arm-none-eabi/7.2.1/thumb/v7e-m/fpv4-sp/hard/crtend.o
 .bss           0x0000000020000650        0x0 /home/khaled/ti/ccsv8/tools/compiler/gcc-arm-none-eabi-7-2017-q4-major/bin/../lib/gcc/arm-none-eabi/7.2.1/thumb/v7e-m/fpv4-sp/hard/crtn.o
 *(.bss*)
 .bss.FallingEdges
                0x0000000020000650        0x4 ./bsp.o
                0x0000000020000650                FallingEdges
 .bss.Counts    0x0000000020000654        0x4 ./main.o
                0x0000000020000654                Counts
 *(COMMON)
 COMMON         0x0000000020000658       0x21 /home/khaled/ti/ccsv8/tools/compiler/gcc-arm-none-eabi-7-2017-q4-major/bin/../lib/gcc/arm-none-eabi/7.2.1/../../../../arm-none-eabi/lib/thumb/v7e-m/fpv4-sp/hard/libc.a(lib_a-lock.o)
                0x0000000020000658                __lock___atexit_recursive_mutex
                0x000000002000065c                __lock___arc4random_mutex
                0x0000000020000660                __lock___env_recursive_mutex
                0x0000000020000664                __lock___sinit_recursive_mutex
                0x0000000020000668                __lock___malloc_recursive_mutex
                0x000000002000066c                __lock___at_quick_exit_mutex
                0x0000000020000670                __lock___dd_hash_mutex
                0x0000000020000674                __lock___tz_mutex
                0x0000000020000678                __lock___sfp_recursive_mutex
                0x000000002000067c                . = ALIGN (0x4)
 *fill*         0x0000000020000679        0x3 
                0x000000002000067c                _ebss = .
                0x000000002000067c                __bss_end__ = .
                [!provide]                        PROVIDE (end, _ebss)
                [!provide]                        PROVIDE (_end, _ebss)
                [!provide]                        PROVIDE (__end__, _ebss)

.heap           0x000000002000067c        0x0
                0x000000002000067c                __heap_start__ = .
                0x000000002000067c                . = (. + HEAP_SIZE)
                0x000000002000067c                . = ALIGN (0x4)
                0x000000002000067c                __heap_end__ = .

/DISCARD/
 libc.a(*)
 libm.a(*)
 libgcc.a(*)
START GROUP
LOAD /home/khaled/ti/ccsv8/tools/compiler/gcc-arm-none-eabi-7-2017-q4-major/bin/../lib/gcc/arm-none-eabi/7.2.1/thumb/v7e-m/fpv4-sp/hard/libgcc.a
LOAD /home/khaled/ti/ccsv8/tools/compiler/gcc-arm-none-eabi-7-2017-q4-major/bin/../lib/gcc/arm-none-eabi/7.2.1/../../../../arm-none-eabi/lib/thumb/v7e-m/fpv4-sp/hard/libg.a
LOAD /home/khaled/ti/ccsv8/tools/compiler/gcc-arm-none-eabi-7-2017-q4-major/bin/../lib/gcc/arm-none-eabi/7.2.1/../../../../arm-none-eabi/lib/thumb/v7e-m/fpv4-sp/hard/libc.a
END GROUP
START GROUP
LOAD /home/khaled/ti/ccsv8/tools/compiler/gcc-arm-none-eabi-7-2017-q4-major/bin/../lib/gcc/arm-none-eabi/7.2.1/thumb/v7e-m/fpv4-sp/hard/libgcc.a
LOAD /home/khaled/ti/ccsv8/tools/compiler/gcc-arm-none-eabi-7-2017-q4-major/bin/../lib/gcc/arm-none-eabi/7.2.1/../../../../arm-none-eabi/lib/thumb/v7e-m/fpv4-sp/hard/libc.a
LOAD /home/khaled/ti/ccsv8/tools/compiler/gcc-arm-none-eabi-7-2017-q4-major/bin/../lib/gcc/arm-none-eabi/7.2.1/../../../../arm-none-eabi/lib/thumb/v7e-m/fpv4-sp/hard/libnosys.a
END GROUP
LOAD /home/khaled/ti/ccsv8/tools/compiler/gcc-arm-none-eabi-7-2017-q4-major/bin/../lib/gcc/arm-none-eabi/7.2.1/thumb/v7e-m/fpv4-sp/hard/crtend.o
LOAD /home/khaled/ti/ccsv8/tools/compiler/gcc-arm-none-eabi-7-2017-q4-major/bin/../lib/gcc/arm-none-eabi/7.2.1/thumb/v7e-m/fpv4-sp/hard/crtn.o
OUTPUT(Edge_Triggered_Interrupt.out elf32-littlearm)

.ARM.attributes
                0x0000000000000000       0x30
 .ARM.attributes
                0x0000000000000000       0x22 /home/khaled/ti/ccsv8/tools/compiler/gcc-arm-none-eabi-7-2017-q4-major/bin/../lib/gcc/arm-none-eabi/7.2.1/thumb/v7e-m/fpv4-sp/hard/crti.o
 .ARM.attributes
                0x0000000000000022       0x34 /home/khaled/ti/ccsv8/tools/compiler/gcc-arm-none-eabi-7-2017-q4-major/bin/../lib/gcc/arm-none-eabi/7.2.1/thumb/v7e-m/fpv4-sp/hard/crtbegin.o
 .ARM.attributes
                0x0000000000000056       0x20 /home/khaled/ti/ccsv8/tools/compiler/gcc-arm-none-eabi-7-2017-q4-major/bin/../lib/gcc/arm-none-eabi/7.2.1/../../../../arm-none-eabi/lib/thumb/v7e-m/fpv4-sp/hard/crt0.o
 .ARM.attributes
                0x0000000000000076       0x39 ./bsp.o
 .ARM.attributes
                0x00000000000000af       0x39 ./main.o
 .ARM.attributes
                0x00000000000000e8       0x39 ./startup_tm4c_gnu.o
 .ARM.attributes
                0x0000000000000121       0x34 /home/khaled/ti/ccsv8/tools/compiler/gcc-arm-none-eabi-7-2017-q4-major/bin/../lib/gcc/arm-none-eabi/7.2.1/../../../../arm-none-eabi/lib/thumb/v7e-m/fpv4-sp/hard/libnosys.a(_exit.o)
 .ARM.attributes
                0x0000000000000155       0x34 /home/khaled/ti/ccsv8/tools/compiler/gcc-arm-none-eabi-7-2017-q4-major/bin/../lib/gcc/arm-none-eabi/7.2.1/thumb/v7e-m/fpv4-sp/hard/crtend.o
 .ARM.attributes
                0x0000000000000189       0x22 /home/khaled/ti/ccsv8/tools/compiler/gcc-arm-none-eabi-7-2017-q4-major/bin/../lib/gcc/arm-none-eabi/7.2.1/thumb/v7e-m/fpv4-sp/hard/crtn.o

.comment        0x0000000000000000       0x7e
 .comment       0x0000000000000000       0x7e ./bsp.o
                                         0x7f (size before relaxing)
 .comment       0x000000000000007e       0x7f ./main.o
 .comment       0x000000000000007e       0x7f ./startup_tm4c_gnu.o

.debug_info     0x0000000000000000     0x1458
 .debug_info    0x0000000000000000     0x11b4 ./bsp.o
 .debug_info    0x00000000000011b4       0xf9 ./main.o
 .debug_info    0x00000000000012ad      0x1ab ./startup_tm4c_gnu.o

.debug_abbrev   0x0000000000000000      0x32d
 .debug_abbrev  0x0000000000000000      0x1a9 ./bsp.o
 .debug_abbrev  0x00000000000001a9       0xa6 ./main.o
 .debug_abbrev  0x000000000000024f       0xde ./startup_tm4c_gnu.o

.debug_loc      0x0000000000000000       0xb1
 .debug_loc     0x0000000000000000       0x6a ./bsp.o
 .debug_loc     0x000000000000006a       0x47 ./startup_tm4c_gnu.o

.debug_aranges  0x0000000000000000       0xe8
 .debug_aranges
                0x0000000000000000       0x78 ./bsp.o
 .debug_aranges
                0x0000000000000078       0x20 ./main.o
 .debug_aranges
                0x0000000000000098       0x50 ./startup_tm4c_gnu.o

.debug_ranges   0x0000000000000000       0xb8
 .debug_ranges  0x0000000000000000       0x68 ./bsp.o
 .debug_ranges  0x0000000000000068       0x10 ./main.o
 .debug_ranges  0x0000000000000078       0x40 ./startup_tm4c_gnu.o

.debug_line     0x0000000000000000      0x501
 .debug_line    0x0000000000000000      0x2c5 ./bsp.o
 .debug_line    0x00000000000002c5      0x174 ./main.o
 .debug_line    0x0000000000000439       0xc8 ./startup_tm4c_gnu.o

.debug_str      0x0000000000000000      0xa69
 .debug_str     0x0000000000000000      0x913 ./bsp.o
                                        0x974 (size before relaxing)
 .debug_str     0x0000000000000913       0x15 ./main.o
                                        0x1dd (size before relaxing)
 .debug_str     0x0000000000000928      0x141 ./startup_tm4c_gnu.o
                                        0x22b (size before relaxing)

.debug_frame    0x0000000000000000      0x1b4
 .debug_frame   0x0000000000000000       0xe4 ./bsp.o
 .debug_frame   0x00000000000000e4       0x28 ./main.o
 .debug_frame   0x000000000000010c       0x88 ./startup_tm4c_gnu.o
 .debug_frame   0x0000000000000194       0x20 /home/khaled/ti/ccsv8/tools/compiler/gcc-arm-none-eabi-7-2017-q4-major/bin/../lib/gcc/arm-none-eabi/7.2.1/../../../../arm-none-eabi/lib/thumb/v7e-m/fpv4-sp/hard/libnosys.a(_exit.o)
