Archive member included to satisfy reference by file (symbol)

/home/khaled/ti/ccsv8/tools/compiler/gcc-arm-none-eabi-7-2017-q4-major/bin/../lib/gcc/arm-none-eabi/7.2.1/../../../../arm-none-eabi/lib/thumb/v7e-m/fpv4-sp/hard/libc.a(lib_a-exit.o)
                              /home/khaled/ti/ccsv8/tools/compiler/gcc-arm-none-eabi-7-2017-q4-major/bin/../lib/gcc/arm-none-eabi/7.2.1/../../../../arm-none-eabi/lib/thumb/v7e-m/fpv4-sp/hard/crt0.o (exit)
/home/khaled/ti/ccsv8/tools/compiler/gcc-arm-none-eabi-7-2017-q4-major/bin/../lib/gcc/arm-none-eabi/7.2.1/../../../../arm-none-eabi/lib/thumb/v7e-m/fpv4-sp/hard/libc.a(lib_a-impure.o)
                              /home/khaled/ti/ccsv8/tools/compiler/gcc-arm-none-eabi-7-2017-q4-major/bin/../lib/gcc/arm-none-eabi/7.2.1/../../../../arm-none-eabi/lib/thumb/v7e-m/fpv4-sp/hard/libc.a(lib_a-exit.o) (_global_impure_ptr)
/home/khaled/ti/ccsv8/tools/compiler/gcc-arm-none-eabi-7-2017-q4-major/bin/../lib/gcc/arm-none-eabi/7.2.1/../../../../arm-none-eabi/lib/thumb/v7e-m/fpv4-sp/hard/libc.a(lib_a-init.o)
                              /home/khaled/ti/ccsv8/tools/compiler/gcc-arm-none-eabi-7-2017-q4-major/bin/../lib/gcc/arm-none-eabi/7.2.1/../../../../arm-none-eabi/lib/thumb/v7e-m/fpv4-sp/hard/crt0.o (__libc_init_array)
/home/khaled/ti/ccsv8/tools/compiler/gcc-arm-none-eabi-7-2017-q4-major/bin/../lib/gcc/arm-none-eabi/7.2.1/../../../../arm-none-eabi/lib/thumb/v7e-m/fpv4-sp/hard/libc.a(lib_a-memset.o)
                              /home/khaled/ti/ccsv8/tools/compiler/gcc-arm-none-eabi-7-2017-q4-major/bin/../lib/gcc/arm-none-eabi/7.2.1/../../../../arm-none-eabi/lib/thumb/v7e-m/fpv4-sp/hard/crt0.o (memset)
/home/khaled/ti/ccsv8/tools/compiler/gcc-arm-none-eabi-7-2017-q4-major/bin/../lib/gcc/arm-none-eabi/7.2.1/../../../../arm-none-eabi/lib/thumb/v7e-m/fpv4-sp/hard/libc.a(lib_a-__call_atexit.o)
                              /home/khaled/ti/ccsv8/tools/compiler/gcc-arm-none-eabi-7-2017-q4-major/bin/../lib/gcc/arm-none-eabi/7.2.1/../../../../arm-none-eabi/lib/thumb/v7e-m/fpv4-sp/hard/libc.a(lib_a-exit.o) (__call_exitprocs)
/home/khaled/ti/ccsv8/tools/compiler/gcc-arm-none-eabi-7-2017-q4-major/bin/../lib/gcc/arm-none-eabi/7.2.1/../../../../arm-none-eabi/lib/thumb/v7e-m/fpv4-sp/hard/libc.a(lib_a-atexit.o)
                              /home/khaled/ti/ccsv8/tools/compiler/gcc-arm-none-eabi-7-2017-q4-major/bin/../lib/gcc/arm-none-eabi/7.2.1/../../../../arm-none-eabi/lib/thumb/v7e-m/fpv4-sp/hard/libc.a(lib_a-__call_atexit.o) (atexit)
/home/khaled/ti/ccsv8/tools/compiler/gcc-arm-none-eabi-7-2017-q4-major/bin/../lib/gcc/arm-none-eabi/7.2.1/../../../../arm-none-eabi/lib/thumb/v7e-m/fpv4-sp/hard/libc.a(lib_a-fini.o)
                              /home/khaled/ti/ccsv8/tools/compiler/gcc-arm-none-eabi-7-2017-q4-major/bin/../lib/gcc/arm-none-eabi/7.2.1/../../../../arm-none-eabi/lib/thumb/v7e-m/fpv4-sp/hard/libc.a(lib_a-__call_atexit.o) (__libc_fini_array)
/home/khaled/ti/ccsv8/tools/compiler/gcc-arm-none-eabi-7-2017-q4-major/bin/../lib/gcc/arm-none-eabi/7.2.1/../../../../arm-none-eabi/lib/thumb/v7e-m/fpv4-sp/hard/libc.a(lib_a-lock.o)
                              /home/khaled/ti/ccsv8/tools/compiler/gcc-arm-none-eabi-7-2017-q4-major/bin/../lib/gcc/arm-none-eabi/7.2.1/../../../../arm-none-eabi/lib/thumb/v7e-m/fpv4-sp/hard/libc.a(lib_a-__call_atexit.o) (__retarget_lock_acquire_recursive)
/home/khaled/ti/ccsv8/tools/compiler/gcc-arm-none-eabi-7-2017-q4-major/bin/../lib/gcc/arm-none-eabi/7.2.1/../../../../arm-none-eabi/lib/thumb/v7e-m/fpv4-sp/hard/libc.a(lib_a-__atexit.o)
                              /home/khaled/ti/ccsv8/tools/compiler/gcc-arm-none-eabi-7-2017-q4-major/bin/../lib/gcc/arm-none-eabi/7.2.1/../../../../arm-none-eabi/lib/thumb/v7e-m/fpv4-sp/hard/libc.a(lib_a-atexit.o) (__register_exitproc)
/home/khaled/ti/ccsv8/tools/compiler/gcc-arm-none-eabi-7-2017-q4-major/bin/../lib/gcc/arm-none-eabi/7.2.1/../../../../arm-none-eabi/lib/thumb/v7e-m/fpv4-sp/hard/libnosys.a(_exit.o)
                              /home/khaled/ti/ccsv8/tools/compiler/gcc-arm-none-eabi-7-2017-q4-major/bin/../lib/gcc/arm-none-eabi/7.2.1/../../../../arm-none-eabi/lib/thumb/v7e-m/fpv4-sp/hard/libc.a(lib_a-exit.o) (_exit)

Allocating common symbols
Common symbol       size              file

__lock___atexit_recursive_mutex
                    0x1               /home/khaled/ti/ccsv8/tools/compiler/gcc-arm-none-eabi-7-2017-q4-major/bin/../lib/gcc/arm-none-eabi/7.2.1/../../../../arm-none-eabi/lib/thumb/v7e-m/fpv4-sp/hard/libc.a(lib_a-lock.o)
__lock___arc4random_mutex
                    0x1               /home/khaled/ti/ccsv8/tools/compiler/gcc-arm-none-eabi-7-2017-q4-major/bin/../lib/gcc/arm-none-eabi/7.2.1/../../../../arm-none-eabi/lib/thumb/v7e-m/fpv4-sp/hard/libc.a(lib_a-lock.o)
Out                 0x4               ./main.o
__lock___env_recursive_mutex
                    0x1               /home/khaled/ti/ccsv8/tools/compiler/gcc-arm-none-eabi-7-2017-q4-major/bin/../lib/gcc/arm-none-eabi/7.2.1/../../../../arm-none-eabi/lib/thumb/v7e-m/fpv4-sp/hard/libc.a(lib_a-lock.o)
__lock___sinit_recursive_mutex
                    0x1               /home/khaled/ti/ccsv8/tools/compiler/gcc-arm-none-eabi-7-2017-q4-major/bin/../lib/gcc/arm-none-eabi/7.2.1/../../../../arm-none-eabi/lib/thumb/v7e-m/fpv4-sp/hard/libc.a(lib_a-lock.o)
__lock___malloc_recursive_mutex
                    0x1               /home/khaled/ti/ccsv8/tools/compiler/gcc-arm-none-eabi-7-2017-q4-major/bin/../lib/gcc/arm-none-eabi/7.2.1/../../../../arm-none-eabi/lib/thumb/v7e-m/fpv4-sp/hard/libc.a(lib_a-lock.o)
In                  0x4               ./main.o
__lock___at_quick_exit_mutex
                    0x1               /home/khaled/ti/ccsv8/tools/compiler/gcc-arm-none-eabi-7-2017-q4-major/bin/../lib/gcc/arm-none-eabi/7.2.1/../../../../arm-none-eabi/lib/thumb/v7e-m/fpv4-sp/hard/libc.a(lib_a-lock.o)
__lock___dd_hash_mutex
                    0x1               /home/khaled/ti/ccsv8/tools/compiler/gcc-arm-none-eabi-7-2017-q4-major/bin/../lib/gcc/arm-none-eabi/7.2.1/../../../../arm-none-eabi/lib/thumb/v7e-m/fpv4-sp/hard/libc.a(lib_a-lock.o)
__lock___tz_mutex   0x1               /home/khaled/ti/ccsv8/tools/compiler/gcc-arm-none-eabi-7-2017-q4-major/bin/../lib/gcc/arm-none-eabi/7.2.1/../../../../arm-none-eabi/lib/thumb/v7e-m/fpv4-sp/hard/libc.a(lib_a-lock.o)
__lock___sfp_recursive_mutex
                    0x1               /home/khaled/ti/ccsv8/tools/compiler/gcc-arm-none-eabi-7-2017-q4-major/bin/../lib/gcc/arm-none-eabi/7.2.1/../../../../arm-none-eabi/lib/thumb/v7e-m/fpv4-sp/hard/libc.a(lib_a-lock.o)

Discarded input sections

 .debug_frame   0x0000000000000000       0x28 /home/khaled/ti/ccsv8/tools/compiler/gcc-arm-none-eabi-7-2017-q4-major/bin/../lib/gcc/arm-none-eabi/7.2.1/../../../../arm-none-eabi/lib/thumb/v7e-m/fpv4-sp/hard/libc.a(lib_a-exit.o)
 .ARM.attributes
                0x0000000000000000       0x34 /home/khaled/ti/ccsv8/tools/compiler/gcc-arm-none-eabi-7-2017-q4-major/bin/../lib/gcc/arm-none-eabi/7.2.1/../../../../arm-none-eabi/lib/thumb/v7e-m/fpv4-sp/hard/libc.a(lib_a-exit.o)
 .ARM.attributes
                0x0000000000000000       0x34 /home/khaled/ti/ccsv8/tools/compiler/gcc-arm-none-eabi-7-2017-q4-major/bin/../lib/gcc/arm-none-eabi/7.2.1/../../../../arm-none-eabi/lib/thumb/v7e-m/fpv4-sp/hard/libc.a(lib_a-impure.o)
 .debug_frame   0x0000000000000000       0x2c /home/khaled/ti/ccsv8/tools/compiler/gcc-arm-none-eabi-7-2017-q4-major/bin/../lib/gcc/arm-none-eabi/7.2.1/../../../../arm-none-eabi/lib/thumb/v7e-m/fpv4-sp/hard/libc.a(lib_a-init.o)
 .ARM.attributes
                0x0000000000000000       0x34 /home/khaled/ti/ccsv8/tools/compiler/gcc-arm-none-eabi-7-2017-q4-major/bin/../lib/gcc/arm-none-eabi/7.2.1/../../../../arm-none-eabi/lib/thumb/v7e-m/fpv4-sp/hard/libc.a(lib_a-init.o)
 .debug_frame   0x0000000000000000       0x38 /home/khaled/ti/ccsv8/tools/compiler/gcc-arm-none-eabi-7-2017-q4-major/bin/../lib/gcc/arm-none-eabi/7.2.1/../../../../arm-none-eabi/lib/thumb/v7e-m/fpv4-sp/hard/libc.a(lib_a-memset.o)
 .ARM.attributes
                0x0000000000000000       0x34 /home/khaled/ti/ccsv8/tools/compiler/gcc-arm-none-eabi-7-2017-q4-major/bin/../lib/gcc/arm-none-eabi/7.2.1/../../../../arm-none-eabi/lib/thumb/v7e-m/fpv4-sp/hard/libc.a(lib_a-memset.o)
 .debug_frame   0x0000000000000000       0x5c /home/khaled/ti/ccsv8/tools/compiler/gcc-arm-none-eabi-7-2017-q4-major/bin/../lib/gcc/arm-none-eabi/7.2.1/../../../../arm-none-eabi/lib/thumb/v7e-m/fpv4-sp/hard/libc.a(lib_a-__call_atexit.o)
 .ARM.attributes
                0x0000000000000000       0x34 /home/khaled/ti/ccsv8/tools/compiler/gcc-arm-none-eabi-7-2017-q4-major/bin/../lib/gcc/arm-none-eabi/7.2.1/../../../../arm-none-eabi/lib/thumb/v7e-m/fpv4-sp/hard/libc.a(lib_a-__call_atexit.o)
 .debug_frame   0x0000000000000000       0x20 /home/khaled/ti/ccsv8/tools/compiler/gcc-arm-none-eabi-7-2017-q4-major/bin/../lib/gcc/arm-none-eabi/7.2.1/../../../../arm-none-eabi/lib/thumb/v7e-m/fpv4-sp/hard/libc.a(lib_a-atexit.o)
 .ARM.attributes
                0x0000000000000000       0x34 /home/khaled/ti/ccsv8/tools/compiler/gcc-arm-none-eabi-7-2017-q4-major/bin/../lib/gcc/arm-none-eabi/7.2.1/../../../../arm-none-eabi/lib/thumb/v7e-m/fpv4-sp/hard/libc.a(lib_a-atexit.o)
 .debug_frame   0x0000000000000000       0x34 /home/khaled/ti/ccsv8/tools/compiler/gcc-arm-none-eabi-7-2017-q4-major/bin/../lib/gcc/arm-none-eabi/7.2.1/../../../../arm-none-eabi/lib/thumb/v7e-m/fpv4-sp/hard/libc.a(lib_a-fini.o)
 .ARM.attributes
                0x0000000000000000       0x34 /home/khaled/ti/ccsv8/tools/compiler/gcc-arm-none-eabi-7-2017-q4-major/bin/../lib/gcc/arm-none-eabi/7.2.1/../../../../arm-none-eabi/lib/thumb/v7e-m/fpv4-sp/hard/libc.a(lib_a-fini.o)
 .debug_frame   0x0000000000000000       0xb0 /home/khaled/ti/ccsv8/tools/compiler/gcc-arm-none-eabi-7-2017-q4-major/bin/../lib/gcc/arm-none-eabi/7.2.1/../../../../arm-none-eabi/lib/thumb/v7e-m/fpv4-sp/hard/libc.a(lib_a-lock.o)
 .ARM.attributes
                0x0000000000000000       0x34 /home/khaled/ti/ccsv8/tools/compiler/gcc-arm-none-eabi-7-2017-q4-major/bin/../lib/gcc/arm-none-eabi/7.2.1/../../../../arm-none-eabi/lib/thumb/v7e-m/fpv4-sp/hard/libc.a(lib_a-lock.o)
 .debug_frame   0x0000000000000000       0x34 /home/khaled/ti/ccsv8/tools/compiler/gcc-arm-none-eabi-7-2017-q4-major/bin/../lib/gcc/arm-none-eabi/7.2.1/../../../../arm-none-eabi/lib/thumb/v7e-m/fpv4-sp/hard/libc.a(lib_a-__atexit.o)
 .ARM.attributes
                0x0000000000000000       0x34 /home/khaled/ti/ccsv8/tools/compiler/gcc-arm-none-eabi-7-2017-q4-major/bin/../lib/gcc/arm-none-eabi/7.2.1/../../../../arm-none-eabi/lib/thumb/v7e-m/fpv4-sp/hard/libc.a(lib_a-__atexit.o)

Memory Configuration

Name             Origin             Length             Attributes
ROM              0x0000000000000000 0x0000000000040000 xr
RAM              0x0000000020000000 0x0000000000008000 xrw
*default*        0x0000000000000000 0xffffffffffffffff

Linker script and memory map

LOAD /home/khaled/ti/ccsv8/tools/compiler/gcc-arm-none-eabi-7-2017-q4-major/bin/../lib/gcc/arm-none-eabi/7.2.1/thumb/v7e-m/fpv4-sp/hard/crti.o
LOAD /home/khaled/ti/ccsv8/tools/compiler/gcc-arm-none-eabi-7-2017-q4-major/bin/../lib/gcc/arm-none-eabi/7.2.1/thumb/v7e-m/fpv4-sp/hard/crtbegin.o
LOAD /home/khaled/ti/ccsv8/tools/compiler/gcc-arm-none-eabi-7-2017-q4-major/bin/../lib/gcc/arm-none-eabi/7.2.1/../../../../arm-none-eabi/lib/thumb/v7e-m/fpv4-sp/hard/crt0.o
LOAD ./bsp.o
LOAD ./main.o
LOAD ./startup_tm4c_gnu.o
                0x0000000000000200                STACK_SIZE = 0x200
                0x0000000000000000                HEAP_SIZE = 0x0

.isr_vector     0x0000000000000000      0x26c
 *(.isr_vector)
 .isr_vector    0x0000000000000000      0x26c ./startup_tm4c_gnu.o
                0x0000000000000000                g_pfnVectors
                0x000000000000026c                . = ALIGN (0x4)

.eh_frame       0x000000000000026c        0x4
 .eh_frame      0x000000000000026c        0x0 /home/khaled/ti/ccsv8/tools/compiler/gcc-arm-none-eabi-7-2017-q4-major/bin/../lib/gcc/arm-none-eabi/7.2.1/thumb/v7e-m/fpv4-sp/hard/crtbegin.o
 .eh_frame      0x000000000000026c        0x4 /home/khaled/ti/ccsv8/tools/compiler/gcc-arm-none-eabi-7-2017-q4-major/bin/../lib/gcc/arm-none-eabi/7.2.1/thumb/v7e-m/fpv4-sp/hard/crtend.o

.ARM.extab      0x0000000000000270        0x0
 .ARM.extab     0x0000000000000270        0x0 /home/khaled/ti/ccsv8/tools/compiler/gcc-arm-none-eabi-7-2017-q4-major/bin/../lib/gcc/arm-none-eabi/7.2.1/../../../../arm-none-eabi/lib/thumb/v7e-m/fpv4-sp/hard/crt0.o

.ARM.exidx      0x0000000000000270        0x8
 .ARM.exidx     0x0000000000000270        0x8 /home/khaled/ti/ccsv8/tools/compiler/gcc-arm-none-eabi-7-2017-q4-major/bin/../lib/gcc/arm-none-eabi/7.2.1/../../../../arm-none-eabi/lib/thumb/v7e-m/fpv4-sp/hard/crt0.o

.text           0x0000000000000278      0x694
                0x0000000000000278                . = ALIGN (0x4)
 *(.text)
 .text          0x0000000000000278        0x0 /home/khaled/ti/ccsv8/tools/compiler/gcc-arm-none-eabi-7-2017-q4-major/bin/../lib/gcc/arm-none-eabi/7.2.1/thumb/v7e-m/fpv4-sp/hard/crti.o
 .text          0x0000000000000278       0x40 /home/khaled/ti/ccsv8/tools/compiler/gcc-arm-none-eabi-7-2017-q4-major/bin/../lib/gcc/arm-none-eabi/7.2.1/thumb/v7e-m/fpv4-sp/hard/crtbegin.o
 .text          0x00000000000002b8       0x74 /home/khaled/ti/ccsv8/tools/compiler/gcc-arm-none-eabi-7-2017-q4-major/bin/../lib/gcc/arm-none-eabi/7.2.1/../../../../arm-none-eabi/lib/thumb/v7e-m/fpv4-sp/hard/crt0.o
                0x00000000000002b8                _mainCRTStartup
                0x00000000000002b8                _start
 .text          0x000000000000032c        0x0 ./bsp.o
 .text          0x000000000000032c        0x0 ./main.o
 .text          0x000000000000032c        0x0 ./startup_tm4c_gnu.o
 .text          0x000000000000032c        0x0 /home/khaled/ti/ccsv8/tools/compiler/gcc-arm-none-eabi-7-2017-q4-major/bin/../lib/gcc/arm-none-eabi/7.2.1/../../../../arm-none-eabi/lib/thumb/v7e-m/fpv4-sp/hard/libc.a(lib_a-exit.o)
 .text          0x000000000000032c        0x0 /home/khaled/ti/ccsv8/tools/compiler/gcc-arm-none-eabi-7-2017-q4-major/bin/../lib/gcc/arm-none-eabi/7.2.1/../../../../arm-none-eabi/lib/thumb/v7e-m/fpv4-sp/hard/libc.a(lib_a-impure.o)
 .text          0x000000000000032c        0x0 /home/khaled/ti/ccsv8/tools/compiler/gcc-arm-none-eabi-7-2017-q4-major/bin/../lib/gcc/arm-none-eabi/7.2.1/../../../../arm-none-eabi/lib/thumb/v7e-m/fpv4-sp/hard/libc.a(lib_a-init.o)
 .text          0x000000000000032c        0x0 /home/khaled/ti/ccsv8/tools/compiler/gcc-arm-none-eabi-7-2017-q4-major/bin/../lib/gcc/arm-none-eabi/7.2.1/../../../../arm-none-eabi/lib/thumb/v7e-m/fpv4-sp/hard/libc.a(lib_a-memset.o)
 .text          0x000000000000032c        0x0 /home/khaled/ti/ccsv8/tools/compiler/gcc-arm-none-eabi-7-2017-q4-major/bin/../lib/gcc/arm-none-eabi/7.2.1/../../../../arm-none-eabi/lib/thumb/v7e-m/fpv4-sp/hard/libc.a(lib_a-__call_atexit.o)
 .text          0x000000000000032c        0x0 /home/khaled/ti/ccsv8/tools/compiler/gcc-arm-none-eabi-7-2017-q4-major/bin/../lib/gcc/arm-none-eabi/7.2.1/../../../../arm-none-eabi/lib/thumb/v7e-m/fpv4-sp/hard/libc.a(lib_a-atexit.o)
 .text          0x000000000000032c        0x0 /home/khaled/ti/ccsv8/tools/compiler/gcc-arm-none-eabi-7-2017-q4-major/bin/../lib/gcc/arm-none-eabi/7.2.1/../../../../arm-none-eabi/lib/thumb/v7e-m/fpv4-sp/hard/libc.a(lib_a-fini.o)
 .text          0x000000000000032c        0x0 /home/khaled/ti/ccsv8/tools/compiler/gcc-arm-none-eabi-7-2017-q4-major/bin/../lib/gcc/arm-none-eabi/7.2.1/../../../../arm-none-eabi/lib/thumb/v7e-m/fpv4-sp/hard/libc.a(lib_a-lock.o)
 .text          0x000000000000032c        0x0 /home/khaled/ti/ccsv8/tools/compiler/gcc-arm-none-eabi-7-2017-q4-major/bin/../lib/gcc/arm-none-eabi/7.2.1/../../../../arm-none-eabi/lib/thumb/v7e-m/fpv4-sp/hard/libc.a(lib_a-__atexit.o)
 .text          0x000000000000032c        0x0 /home/khaled/ti/ccsv8/tools/compiler/gcc-arm-none-eabi-7-2017-q4-major/bin/../lib/gcc/arm-none-eabi/7.2.1/../../../../arm-none-eabi/lib/thumb/v7e-m/fpv4-sp/hard/libnosys.a(_exit.o)
 .text          0x000000000000032c        0x0 /home/khaled/ti/ccsv8/tools/compiler/gcc-arm-none-eabi-7-2017-q4-major/bin/../lib/gcc/arm-none-eabi/7.2.1/thumb/v7e-m/fpv4-sp/hard/crtend.o
 .text          0x000000000000032c        0x0 /home/khaled/ti/ccsv8/tools/compiler/gcc-arm-none-eabi-7-2017-q4-major/bin/../lib/gcc/arm-none-eabi/7.2.1/thumb/v7e-m/fpv4-sp/hard/crtn.o
 *(.text*)
 .text.assert_failed
                0x000000000000032c       0x24 ./bsp.o
                0x000000000000032c                assert_failed
 .text.PortF_Init
                0x0000000000000350       0x54 ./bsp.o
                0x0000000000000350                PortF_Init
 .text.PLL_Init
                0x00000000000003a4       0x68 ./bsp.o
                0x00000000000003a4                PLL_Init
 .text.SysTick_Init
                0x000000000000040c       0x10 ./bsp.o
                0x000000000000040c                SysTick_Init
 .text.SysTick_Wait
                0x000000000000041c       0x20 ./bsp.o
                0x000000000000041c                SysTick_Wait
 .text.SysTick_Wait10ms
                0x000000000000043c       0x1c ./bsp.o
                0x000000000000043c                SysTick_Wait10ms
 .text.SysTick_Handler
                0x0000000000000458       0x10 ./bsp.o
                0x0000000000000458                SysTick_Handler
 .text.PortF_AHB_CMSIS_Init
                0x0000000000000468       0x38 ./bsp.o
                0x0000000000000468                PortF_AHB_CMSIS_Init
 .text.SysTick_CMSIS_Init
                0x00000000000004a0       0x18 ./bsp.o
                0x00000000000004a0                SysTick_CMSIS_Init
 .text.main     0x00000000000004b8       0x12 ./main.o
                0x00000000000004b8                main
 *fill*         0x00000000000004ca        0x2 
 .text.NMI_Handler
                0x00000000000004cc       0x14 ./startup_tm4c_gnu.o
                0x00000000000004cc                NMI_Handler
 .text.MemManage_Handler
                0x00000000000004e0       0x18 ./startup_tm4c_gnu.o
                0x00000000000004e0                MemManage_Handler
 .text.HardFault_Handler
                0x00000000000004f8       0x18 ./startup_tm4c_gnu.o
                0x00000000000004f8                HardFault_Handler
 .text.BusFault_Handler
                0x0000000000000510       0x18 ./startup_tm4c_gnu.o
                0x0000000000000510                BusFault_Handler
 .text.UsageFault_Handler
                0x0000000000000528       0x1c ./startup_tm4c_gnu.o
                0x0000000000000528                UsageFault_Handler
 .text.Default_Handler
                0x0000000000000544       0x18 ./startup_tm4c_gnu.o
                0x0000000000000544                uDMAST_IRQHandler
                0x0000000000000544                GPIOPortP4_IRQHandler
                0x0000000000000544                PWM1Gen3_IRQHandler
                0x0000000000000544                WideTimer5B_IRQHandler
                0x0000000000000544                DebugMon_Handler
                0x0000000000000544                QEI2_IRQHandler
                0x0000000000000544                FlashCtrl_IRQHandler
                0x0000000000000544                GPIOPortP7_IRQHandler
                0x0000000000000544                Timer0B_IRQHandler
                0x0000000000000544                I2C0_IRQHandler
                0x0000000000000544                WideTimer4B_IRQHandler
                0x0000000000000544                PendSV_Handler
                0x0000000000000544                I2C1_IRQHandler
                0x0000000000000544                GPIOPortP5_IRQHandler
                0x0000000000000544                PWMGen0_IRQHandler
                0x0000000000000544                UART1_IRQHandler
                0x0000000000000544                CAN1_IRQHandler
                0x0000000000000544                Timer1B_IRQHandler
                0x0000000000000544                Watchdog_IRQHandler
                0x0000000000000544                GPIOPortS_IRQHandler
                0x0000000000000544                GPIOPortQ7_IRQHandler
                0x0000000000000544                PWM1Gen2_IRQHandler
                0x0000000000000544                UART0_IRQHandler
                0x0000000000000544                GPIOPortL_IRQHandler
                0x0000000000000544                SSI0_IRQHandler
                0x0000000000000544                GPIOPortM_IRQHandler
                0x0000000000000544                FPU_IRQHandler
                0x0000000000000544                ADCSeq1_IRQHandler
                0x0000000000000544                GPIOPortP0_IRQHandler
                0x0000000000000544                WideTimer0B_IRQHandler
                0x0000000000000544                PWMFault_IRQHandler
                0x0000000000000544                WideTimer1A_IRQHandler
                0x0000000000000544                I2C4_IRQHandler
                0x0000000000000544                I2C5_IRQHandler
                0x0000000000000544                GPIOPortQ5_IRQHandler
                0x0000000000000544                PWMGen1_IRQHandler
                0x0000000000000544                SSI1_IRQHandler
                0x0000000000000544                I2C2_IRQHandler
                0x0000000000000544                GPIOPortC_IRQHandler
                0x0000000000000544                UART5_IRQHandler
                0x0000000000000544                GPIOPortK_IRQHandler
                0x0000000000000544                ADCSeq2_IRQHandler
                0x0000000000000544                PWMGen2_IRQHandler
                0x0000000000000544                UART2_IRQHandler
                0x0000000000000544                GPIOPortP3_IRQHandler
                0x0000000000000544                ADC1Seq0_IRQHandler
                0x0000000000000544                UART4_IRQHandler
                0x0000000000000544                GPIOPortJ_IRQHandler
                0x0000000000000544                Default_Handler
                0x0000000000000544                WideTimer0A_IRQHandler
                0x0000000000000544                Timer5A_IRQHandler
                0x0000000000000544                WideTimer3B_IRQHandler
                0x0000000000000544                WideTimer2B_IRQHandler
                0x0000000000000544                WideTimer5A_IRQHandler
                0x0000000000000544                Timer4A_IRQHandler
                0x0000000000000544                QEI1_IRQHandler
                0x0000000000000544                PWM1Fault_IRQHandler
                0x0000000000000544                GPIOPortP6_IRQHandler
                0x0000000000000544                QEI0_IRQHandler
                0x0000000000000544                ADC1Seq2_IRQHandler
                0x0000000000000544                ADC1Seq1_IRQHandler
                0x0000000000000544                PWMGen3_IRQHandler
                0x0000000000000544                GPIOPortD_IRQHandler
                0x0000000000000544                USB0_IRQHandler
                0x0000000000000544                I2C3_IRQHandler
                0x0000000000000544                SVC_Handler
                0x0000000000000544                GPIOPortP2_IRQHandler
                0x0000000000000544                GPIOPortQ4_IRQHandler
                0x0000000000000544                Timer3B_IRQHandler
                0x0000000000000544                Timer3A_IRQHandler
                0x0000000000000544                GPIOPortA_IRQHandler
                0x0000000000000544                ADC1Seq3_IRQHandler
                0x0000000000000544                Timer0A_IRQHandler
                0x0000000000000544                GPIOPortP1_IRQHandler
                0x0000000000000544                ADCSeq0_IRQHandler
                0x0000000000000544                Timer1A_IRQHandler
                0x0000000000000544                GPIOPortG_IRQHandler
                0x0000000000000544                GPIOPortQ1_IRQHandler
                0x0000000000000544                GPIOPortQ3_IRQHandler
                0x0000000000000544                Timer5B_IRQHandler
                0x0000000000000544                ADCSeq3_IRQHandler
                0x0000000000000544                WideTimer4A_IRQHandler
                0x0000000000000544                GPIOPortE_IRQHandler
                0x0000000000000544                CAN0_IRQHandler
                0x0000000000000544                GPIOPortQ0_IRQHandler
                0x0000000000000544                Comp0_IRQHandler
                0x0000000000000544                Comp1_IRQHandler
                0x0000000000000544                Comp2_IRQHandler
                0x0000000000000544                GPIOPortQ6_IRQHandler
                0x0000000000000544                SSI2_IRQHandler
                0x0000000000000544                PWM1Gen0_IRQHandler
                0x0000000000000544                GPIOPortF_IRQHandler
                0x0000000000000544                UART7_IRQHandler
                0x0000000000000544                UART6_IRQHandler
                0x0000000000000544                WideTimer2A_IRQHandler
                0x0000000000000544                GPIOPortB_IRQHandler
                0x0000000000000544                WideTimer3A_IRQHandler
                0x0000000000000544                CAN2_IRQHandler
                0x0000000000000544                WideTimer1B_IRQHandler
                0x0000000000000544                GPIOPortH_IRQHandler
                0x0000000000000544                GPIOPortQ2_IRQHandler
                0x0000000000000544                GPIOPortR_IRQHandler
                0x0000000000000544                Timer4B_IRQHandler
                0x0000000000000544                Timer2A_IRQHandler
                0x0000000000000544                SSI3_IRQHandler
                0x0000000000000544                Timer2B_IRQHandler
                0x0000000000000544                uDMAError_IRQHandler
                0x0000000000000544                GPIOPortN_IRQHandler
                0x0000000000000544                UART3_IRQHandler
                0x0000000000000544                SysCtrl_IRQHandler
                0x0000000000000544                Hibernate_IRQHandler
                0x0000000000000544                PWM1Gen1_IRQHandler
 .text.Reset_Handler
                0x000000000000055c       0x60 ./startup_tm4c_gnu.o
                0x000000000000055c                Reset_Handler
 .text.exit     0x00000000000005bc       0x20 /home/khaled/ti/ccsv8/tools/compiler/gcc-arm-none-eabi-7-2017-q4-major/bin/../lib/gcc/arm-none-eabi/7.2.1/../../../../arm-none-eabi/lib/thumb/v7e-m/fpv4-sp/hard/libc.a(lib_a-exit.o)
                0x00000000000005bc                exit
 .text.__libc_init_array
                0x00000000000005dc       0x48 /home/khaled/ti/ccsv8/tools/compiler/gcc-arm-none-eabi-7-2017-q4-major/bin/../lib/gcc/arm-none-eabi/7.2.1/../../../../arm-none-eabi/lib/thumb/v7e-m/fpv4-sp/hard/libc.a(lib_a-init.o)
                0x00000000000005dc                __libc_init_array
 .text.memset   0x0000000000000624       0x94 /home/khaled/ti/ccsv8/tools/compiler/gcc-arm-none-eabi-7-2017-q4-major/bin/../lib/gcc/arm-none-eabi/7.2.1/../../../../arm-none-eabi/lib/thumb/v7e-m/fpv4-sp/hard/libc.a(lib_a-memset.o)
                0x0000000000000624                memset
 .text.startup.register_fini
                0x00000000000006b8       0x14 /home/khaled/ti/ccsv8/tools/compiler/gcc-arm-none-eabi-7-2017-q4-major/bin/../lib/gcc/arm-none-eabi/7.2.1/../../../../arm-none-eabi/lib/thumb/v7e-m/fpv4-sp/hard/libc.a(lib_a-__call_atexit.o)
 .text.__call_exitprocs
                0x00000000000006cc       0xe8 /home/khaled/ti/ccsv8/tools/compiler/gcc-arm-none-eabi-7-2017-q4-major/bin/../lib/gcc/arm-none-eabi/7.2.1/../../../../arm-none-eabi/lib/thumb/v7e-m/fpv4-sp/hard/libc.a(lib_a-__call_atexit.o)
                0x00000000000006cc                __call_exitprocs
 .text.atexit   0x00000000000007b4        0xc /home/khaled/ti/ccsv8/tools/compiler/gcc-arm-none-eabi-7-2017-q4-major/bin/../lib/gcc/arm-none-eabi/7.2.1/../../../../arm-none-eabi/lib/thumb/v7e-m/fpv4-sp/hard/libc.a(lib_a-atexit.o)
                0x00000000000007b4                atexit
 .text.__libc_fini_array
                0x00000000000007c0       0x34 /home/khaled/ti/ccsv8/tools/compiler/gcc-arm-none-eabi-7-2017-q4-major/bin/../lib/gcc/arm-none-eabi/7.2.1/../../../../arm-none-eabi/lib/thumb/v7e-m/fpv4-sp/hard/libc.a(lib_a-fini.o)
                0x00000000000007c0                __libc_fini_array
 .text.__retarget_lock_init
                0x00000000000007f4        0x4 /home/khaled/ti/ccsv8/tools/compiler/gcc-arm-none-eabi-7-2017-q4-major/bin/../lib/gcc/arm-none-eabi/7.2.1/../../../../arm-none-eabi/lib/thumb/v7e-m/fpv4-sp/hard/libc.a(lib_a-lock.o)
                0x00000000000007f4                __retarget_lock_init
 .text.__retarget_lock_init_recursive
                0x00000000000007f8        0x4 /home/khaled/ti/ccsv8/tools/compiler/gcc-arm-none-eabi-7-2017-q4-major/bin/../lib/gcc/arm-none-eabi/7.2.1/../../../../arm-none-eabi/lib/thumb/v7e-m/fpv4-sp/hard/libc.a(lib_a-lock.o)
                0x00000000000007f8                __retarget_lock_init_recursive
 .text.__retarget_lock_close
                0x00000000000007fc        0x4 /home/khaled/ti/ccsv8/tools/compiler/gcc-arm-none-eabi-7-2017-q4-major/bin/../lib/gcc/arm-none-eabi/7.2.1/../../../../arm-none-eabi/lib/thumb/v7e-m/fpv4-sp/hard/libc.a(lib_a-lock.o)
                0x00000000000007fc                __retarget_lock_close
 .text.__retarget_lock_close_recursive
                0x0000000000000800        0x4 /home/khaled/ti/ccsv8/tools/compiler/gcc-arm-none-eabi-7-2017-q4-major/bin/../lib/gcc/arm-none-eabi/7.2.1/../../../../arm-none-eabi/lib/thumb/v7e-m/fpv4-sp/hard/libc.a(lib_a-lock.o)
                0x0000000000000800                __retarget_lock_close_recursive
 .text.__retarget_lock_acquire
                0x0000000000000804        0x4 /home/khaled/ti/ccsv8/tools/compiler/gcc-arm-none-eabi-7-2017-q4-major/bin/../lib/gcc/arm-none-eabi/7.2.1/../../../../arm-none-eabi/lib/thumb/v7e-m/fpv4-sp/hard/libc.a(lib_a-lock.o)
                0x0000000000000804                __retarget_lock_acquire
 .text.__retarget_lock_acquire_recursive
                0x0000000000000808        0x4 /home/khaled/ti/ccsv8/tools/compiler/gcc-arm-none-eabi-7-2017-q4-major/bin/../lib/gcc/arm-none-eabi/7.2.1/../../../../arm-none-eabi/lib/thumb/v7e-m/fpv4-sp/hard/libc.a(lib_a-lock.o)
                0x0000000000000808                __retarget_lock_acquire_recursive
 .text.__retarget_lock_try_acquire
                0x000000000000080c        0x4 /home/khaled/ti/ccsv8/tools/compiler/gcc-arm-none-eabi-7-2017-q4-major/bin/../lib/gcc/arm-none-eabi/7.2.1/../../../../arm-none-eabi/lib/thumb/v7e-m/fpv4-sp/hard/libc.a(lib_a-lock.o)
                0x000000000000080c                __retarget_lock_try_acquire
 .text.__retarget_lock_try_acquire_recursive
                0x0000000000000810        0x4 /home/khaled/ti/ccsv8/tools/compiler/gcc-arm-none-eabi-7-2017-q4-major/bin/../lib/gcc/arm-none-eabi/7.2.1/../../../../arm-none-eabi/lib/thumb/v7e-m/fpv4-sp/hard/libc.a(lib_a-lock.o)
                0x0000000000000810                __retarget_lock_try_acquire_recursive
 .text.__retarget_lock_release
                0x0000000000000814        0x4 /home/khaled/ti/ccsv8/tools/compiler/gcc-arm-none-eabi-7-2017-q4-major/bin/../lib/gcc/arm-none-eabi/7.2.1/../../../../arm-none-eabi/lib/thumb/v7e-m/fpv4-sp/hard/libc.a(lib_a-lock.o)
                0x0000000000000814                __retarget_lock_release
 .text.__retarget_lock_release_recursive
                0x0000000000000818        0x4 /home/khaled/ti/ccsv8/tools/compiler/gcc-arm-none-eabi-7-2017-q4-major/bin/../lib/gcc/arm-none-eabi/7.2.1/../../../../arm-none-eabi/lib/thumb/v7e-m/fpv4-sp/hard/libc.a(lib_a-lock.o)
                0x0000000000000818                __retarget_lock_release_recursive
 .text.__register_exitproc
                0x000000000000081c       0xc0 /home/khaled/ti/ccsv8/tools/compiler/gcc-arm-none-eabi-7-2017-q4-major/bin/../lib/gcc/arm-none-eabi/7.2.1/../../../../arm-none-eabi/lib/thumb/v7e-m/fpv4-sp/hard/libc.a(lib_a-__atexit.o)
                0x000000000000081c                __register_exitproc
 .text._exit    0x00000000000008dc        0x4 /home/khaled/ti/ccsv8/tools/compiler/gcc-arm-none-eabi-7-2017-q4-major/bin/../lib/gcc/arm-none-eabi/7.2.1/../../../../arm-none-eabi/lib/thumb/v7e-m/fpv4-sp/hard/libnosys.a(_exit.o)
                0x00000000000008dc                _exit
 *(.rodata)
 *(.rodata*)
 .rodata.Reset_Handler.str1.4
                0x00000000000008e0       0x10 ./startup_tm4c_gnu.o
                                          0xe (size before relaxing)
 .rodata._global_impure_ptr
                0x00000000000008f0        0x4 /home/khaled/ti/ccsv8/tools/compiler/gcc-arm-none-eabi-7-2017-q4-major/bin/../lib/gcc/arm-none-eabi/7.2.1/../../../../arm-none-eabi/lib/thumb/v7e-m/fpv4-sp/hard/libc.a(lib_a-impure.o)
                0x00000000000008f0                _global_impure_ptr
 *(.init)
 .init          0x00000000000008f4        0x4 /home/khaled/ti/ccsv8/tools/compiler/gcc-arm-none-eabi-7-2017-q4-major/bin/../lib/gcc/arm-none-eabi/7.2.1/thumb/v7e-m/fpv4-sp/hard/crti.o
                0x00000000000008f4                _init
 .init          0x00000000000008f8        0x8 /home/khaled/ti/ccsv8/tools/compiler/gcc-arm-none-eabi-7-2017-q4-major/bin/../lib/gcc/arm-none-eabi/7.2.1/thumb/v7e-m/fpv4-sp/hard/crtn.o
 *(.fini)
 .fini          0x0000000000000900        0x4 /home/khaled/ti/ccsv8/tools/compiler/gcc-arm-none-eabi-7-2017-q4-major/bin/../lib/gcc/arm-none-eabi/7.2.1/thumb/v7e-m/fpv4-sp/hard/crti.o
                0x0000000000000900                _fini
 .fini          0x0000000000000904        0x8 /home/khaled/ti/ccsv8/tools/compiler/gcc-arm-none-eabi-7-2017-q4-major/bin/../lib/gcc/arm-none-eabi/7.2.1/thumb/v7e-m/fpv4-sp/hard/crtn.o
                0x000000000000090c                . = ALIGN (0x4)

.glue_7         0x000000000000090c        0x0
 .glue_7        0x000000000000090c        0x0 linker stubs

.glue_7t        0x000000000000090c        0x0
 .glue_7t       0x000000000000090c        0x0 linker stubs

.vfp11_veneer   0x000000000000090c        0x0
 .vfp11_veneer  0x000000000000090c        0x0 linker stubs

.v4_bx          0x000000000000090c        0x0
 .v4_bx         0x000000000000090c        0x0 linker stubs

.iplt           0x000000000000090c        0x0
 .iplt          0x000000000000090c        0x0 /home/khaled/ti/ccsv8/tools/compiler/gcc-arm-none-eabi-7-2017-q4-major/bin/../lib/gcc/arm-none-eabi/7.2.1/thumb/v7e-m/fpv4-sp/hard/crtbegin.o

.rel.dyn        0x000000000000090c        0x0
 .rel.iplt      0x000000000000090c        0x0 /home/khaled/ti/ccsv8/tools/compiler/gcc-arm-none-eabi-7-2017-q4-major/bin/../lib/gcc/arm-none-eabi/7.2.1/thumb/v7e-m/fpv4-sp/hard/crtbegin.o

.preinit_array  0x000000000000090c        0x0
                0x000000000000090c                PROVIDE (__preinit_array_start, .)
 *(.preinit_array*)
                0x000000000000090c                PROVIDE (__preinit_array_end, .)

.init_array     0x000000000000090c        0x8
                0x000000000000090c                PROVIDE (__init_array_start, .)
 *(SORT_BY_NAME(.init_array.*))
 .init_array.00000
                0x000000000000090c        0x4 /home/khaled/ti/ccsv8/tools/compiler/gcc-arm-none-eabi-7-2017-q4-major/bin/../lib/gcc/arm-none-eabi/7.2.1/../../../../arm-none-eabi/lib/thumb/v7e-m/fpv4-sp/hard/libc.a(lib_a-__call_atexit.o)
 *(.init_array*)
 .init_array    0x0000000000000910        0x4 /home/khaled/ti/ccsv8/tools/compiler/gcc-arm-none-eabi-7-2017-q4-major/bin/../lib/gcc/arm-none-eabi/7.2.1/thumb/v7e-m/fpv4-sp/hard/crtbegin.o
                0x0000000000000914                PROVIDE (__init_array_end, .)

.fini_array     0x0000000000000914        0x4
                0x0000000000000914                PROVIDE (__fini_array_start, .)
 *(.fini_array*)
 .fini_array    0x0000000000000914        0x4 /home/khaled/ti/ccsv8/tools/compiler/gcc-arm-none-eabi-7-2017-q4-major/bin/../lib/gcc/arm-none-eabi/7.2.1/thumb/v7e-m/fpv4-sp/hard/crtbegin.o
 *(SORT_BY_NAME(.fini_array.*))
                0x0000000000000918                PROVIDE (__fini_array_end, .)
                0x0000000000000918                _etext = .

.stack          0x0000000020000000      0x200
                0x0000000020000000                __stack_start__ = .
                0x0000000020000200                . = (. + STACK_SIZE)
 *fill*         0x0000000020000000      0x200 
                0x0000000020000200                . = ALIGN (0x4)
                0x0000000020000200                __stack_end__ = .

.data           0x0000000020000200      0x434 load address 0x0000000000000918
                0x0000000000000918                __data_load = LOADADDR (.data)
                0x0000000020000200                __data_start = .
 *(.data)
 .data          0x0000000020000200        0x0 /home/khaled/ti/ccsv8/tools/compiler/gcc-arm-none-eabi-7-2017-q4-major/bin/../lib/gcc/arm-none-eabi/7.2.1/thumb/v7e-m/fpv4-sp/hard/crti.o
 .data          0x0000000020000200        0x4 /home/khaled/ti/ccsv8/tools/compiler/gcc-arm-none-eabi-7-2017-q4-major/bin/../lib/gcc/arm-none-eabi/7.2.1/thumb/v7e-m/fpv4-sp/hard/crtbegin.o
                0x0000000020000200                __dso_handle
 .data          0x0000000020000204        0x0 /home/khaled/ti/ccsv8/tools/compiler/gcc-arm-none-eabi-7-2017-q4-major/bin/../lib/gcc/arm-none-eabi/7.2.1/../../../../arm-none-eabi/lib/thumb/v7e-m/fpv4-sp/hard/crt0.o
 .data          0x0000000020000204        0x0 ./bsp.o
 .data          0x0000000020000204        0x0 ./main.o
 .data          0x0000000020000204        0x0 ./startup_tm4c_gnu.o
 .data          0x0000000020000204        0x0 /home/khaled/ti/ccsv8/tools/compiler/gcc-arm-none-eabi-7-2017-q4-major/bin/../lib/gcc/arm-none-eabi/7.2.1/../../../../arm-none-eabi/lib/thumb/v7e-m/fpv4-sp/hard/libc.a(lib_a-exit.o)
 .data          0x0000000020000204        0x0 /home/khaled/ti/ccsv8/tools/compiler/gcc-arm-none-eabi-7-2017-q4-major/bin/../lib/gcc/arm-none-eabi/7.2.1/../../../../arm-none-eabi/lib/thumb/v7e-m/fpv4-sp/hard/libc.a(lib_a-impure.o)
 .data          0x0000000020000204        0x0 /home/khaled/ti/ccsv8/tools/compiler/gcc-arm-none-eabi-7-2017-q4-major/bin/../lib/gcc/arm-none-eabi/7.2.1/../../../../arm-none-eabi/lib/thumb/v7e-m/fpv4-sp/hard/libc.a(lib_a-init.o)
 .data          0x0000000020000204        0x0 /home/khaled/ti/ccsv8/tools/compiler/gcc-arm-none-eabi-7-2017-q4-major/bin/../lib/gcc/arm-none-eabi/7.2.1/../../../../arm-none-eabi/lib/thumb/v7e-m/fpv4-sp/hard/libc.a(lib_a-memset.o)
 .data          0x0000000020000204        0x0 /home/khaled/ti/ccsv8/tools/compiler/gcc-arm-none-eabi-7-2017-q4-major/bin/../lib/gcc/arm-none-eabi/7.2.1/../../../../arm-none-eabi/lib/thumb/v7e-m/fpv4-sp/hard/libc.a(lib_a-__call_atexit.o)
 .data          0x0000000020000204        0x0 /home/khaled/ti/ccsv8/tools/compiler/gcc-arm-none-eabi-7-2017-q4-major/bin/../lib/gcc/arm-none-eabi/7.2.1/../../../../arm-none-eabi/lib/thumb/v7e-m/fpv4-sp/hard/libc.a(lib_a-atexit.o)
 .data          0x0000000020000204        0x0 /home/khaled/ti/ccsv8/tools/compiler/gcc-arm-none-eabi-7-2017-q4-major/bin/../lib/gcc/arm-none-eabi/7.2.1/../../../../arm-none-eabi/lib/thumb/v7e-m/fpv4-sp/hard/libc.a(lib_a-fini.o)
 .data          0x0000000020000204        0x0 /home/khaled/ti/ccsv8/tools/compiler/gcc-arm-none-eabi-7-2017-q4-major/bin/../lib/gcc/arm-none-eabi/7.2.1/../../../../arm-none-eabi/lib/thumb/v7e-m/fpv4-sp/hard/libc.a(lib_a-lock.o)
 .data          0x0000000020000204        0x0 /home/khaled/ti/ccsv8/tools/compiler/gcc-arm-none-eabi-7-2017-q4-major/bin/../lib/gcc/arm-none-eabi/7.2.1/../../../../arm-none-eabi/lib/thumb/v7e-m/fpv4-sp/hard/libc.a(lib_a-__atexit.o)
 .data          0x0000000020000204        0x0 /home/khaled/ti/ccsv8/tools/compiler/gcc-arm-none-eabi-7-2017-q4-major/bin/../lib/gcc/arm-none-eabi/7.2.1/../../../../arm-none-eabi/lib/thumb/v7e-m/fpv4-sp/hard/libnosys.a(_exit.o)
 .data          0x0000000020000204        0x0 /home/khaled/ti/ccsv8/tools/compiler/gcc-arm-none-eabi-7-2017-q4-major/bin/../lib/gcc/arm-none-eabi/7.2.1/thumb/v7e-m/fpv4-sp/hard/crtend.o
 .data          0x0000000020000204        0x0 /home/khaled/ti/ccsv8/tools/compiler/gcc-arm-none-eabi-7-2017-q4-major/bin/../lib/gcc/arm-none-eabi/7.2.1/thumb/v7e-m/fpv4-sp/hard/crtn.o
 *(.data*)
 .data._impure_ptr
                0x0000000020000204        0x4 /home/khaled/ti/ccsv8/tools/compiler/gcc-arm-none-eabi-7-2017-q4-major/bin/../lib/gcc/arm-none-eabi/7.2.1/../../../../arm-none-eabi/lib/thumb/v7e-m/fpv4-sp/hard/libc.a(lib_a-impure.o)
                0x0000000020000204                _impure_ptr
 .data.impure_data
                0x0000000020000208      0x428 /home/khaled/ti/ccsv8/tools/compiler/gcc-arm-none-eabi-7-2017-q4-major/bin/../lib/gcc/arm-none-eabi/7.2.1/../../../../arm-none-eabi/lib/thumb/v7e-m/fpv4-sp/hard/libc.a(lib_a-impure.o)
 .data.__atexit_recursive_mutex
                0x0000000020000630        0x4 /home/khaled/ti/ccsv8/tools/compiler/gcc-arm-none-eabi-7-2017-q4-major/bin/../lib/gcc/arm-none-eabi/7.2.1/../../../../arm-none-eabi/lib/thumb/v7e-m/fpv4-sp/hard/libc.a(lib_a-__call_atexit.o)
                0x0000000020000630                __atexit_recursive_mutex
                0x0000000020000634                . = ALIGN (0x4)
                0x0000000020000634                __data_end__ = .
                0x0000000020000634                _edata = __data_end__

.igot.plt       0x0000000020000634        0x0 load address 0x0000000000000d4c
 .igot.plt      0x0000000020000634        0x0 /home/khaled/ti/ccsv8/tools/compiler/gcc-arm-none-eabi-7-2017-q4-major/bin/../lib/gcc/arm-none-eabi/7.2.1/thumb/v7e-m/fpv4-sp/hard/crtbegin.o

.bss            0x0000000020000634       0x48 load address 0x0000000000000d4c
                0x0000000020000634                __bss_start__ = .
 *(.bss)
 .bss           0x0000000020000634        0x0 /home/khaled/ti/ccsv8/tools/compiler/gcc-arm-none-eabi-7-2017-q4-major/bin/../lib/gcc/arm-none-eabi/7.2.1/thumb/v7e-m/fpv4-sp/hard/crti.o
 .bss           0x0000000020000634       0x1c /home/khaled/ti/ccsv8/tools/compiler/gcc-arm-none-eabi-7-2017-q4-major/bin/../lib/gcc/arm-none-eabi/7.2.1/thumb/v7e-m/fpv4-sp/hard/crtbegin.o
 .bss           0x0000000020000650        0x0 /home/khaled/ti/ccsv8/tools/compiler/gcc-arm-none-eabi-7-2017-q4-major/bin/../lib/gcc/arm-none-eabi/7.2.1/../../../../arm-none-eabi/lib/thumb/v7e-m/fpv4-sp/hard/crt0.o
 .bss           0x0000000020000650        0x0 ./bsp.o
 .bss           0x0000000020000650        0x0 ./main.o
 .bss           0x0000000020000650        0x0 ./startup_tm4c_gnu.o
 .bss           0x0000000020000650        0x0 /home/khaled/ti/ccsv8/tools/compiler/gcc-arm-none-eabi-7-2017-q4-major/bin/../lib/gcc/arm-none-eabi/7.2.1/../../../../arm-none-eabi/lib/thumb/v7e-m/fpv4-sp/hard/libc.a(lib_a-exit.o)
 .bss           0x0000000020000650        0x0 /home/khaled/ti/ccsv8/tools/compiler/gcc-arm-none-eabi-7-2017-q4-major/bin/../lib/gcc/arm-none-eabi/7.2.1/../../../../arm-none-eabi/lib/thumb/v7e-m/fpv4-sp/hard/libc.a(lib_a-impure.o)
 .bss           0x0000000020000650        0x0 /home/khaled/ti/ccsv8/tools/compiler/gcc-arm-none-eabi-7-2017-q4-major/bin/../lib/gcc/arm-none-eabi/7.2.1/../../../../arm-none-eabi/lib/thumb/v7e-m/fpv4-sp/hard/libc.a(lib_a-init.o)
 .bss           0x0000000020000650        0x0 /home/khaled/ti/ccsv8/tools/compiler/gcc-arm-none-eabi-7-2017-q4-major/bin/../lib/gcc/arm-none-eabi/7.2.1/../../../../arm-none-eabi/lib/thumb/v7e-m/fpv4-sp/hard/libc.a(lib_a-memset.o)
 .bss           0x0000000020000650        0x0 /home/khaled/ti/ccsv8/tools/compiler/gcc-arm-none-eabi-7-2017-q4-major/bin/../lib/gcc/arm-none-eabi/7.2.1/../../../../arm-none-eabi/lib/thumb/v7e-m/fpv4-sp/hard/libc.a(lib_a-__call_atexit.o)
 .bss           0x0000000020000650        0x0 /home/khaled/ti/ccsv8/tools/compiler/gcc-arm-none-eabi-7-2017-q4-major/bin/../lib/gcc/arm-none-eabi/7.2.1/../../../../arm-none-eabi/lib/thumb/v7e-m/fpv4-sp/hard/libc.a(lib_a-atexit.o)
 .bss           0x0000000020000650        0x0 /home/khaled/ti/ccsv8/tools/compiler/gcc-arm-none-eabi-7-2017-q4-major/bin/../lib/gcc/arm-none-eabi/7.2.1/../../../../arm-none-eabi/lib/thumb/v7e-m/fpv4-sp/hard/libc.a(lib_a-fini.o)
 .bss           0x0000000020000650        0x0 /home/khaled/ti/ccsv8/tools/compiler/gcc-arm-none-eabi-7-2017-q4-major/bin/../lib/gcc/arm-none-eabi/7.2.1/../../../../arm-none-eabi/lib/thumb/v7e-m/fpv4-sp/hard/libc.a(lib_a-lock.o)
 .bss           0x0000000020000650        0x0 /home/khaled/ti/ccsv8/tools/compiler/gcc-arm-none-eabi-7-2017-q4-major/bin/../lib/gcc/arm-none-eabi/7.2.1/../../../../arm-none-eabi/lib/thumb/v7e-m/fpv4-sp/hard/libc.a(lib_a-__atexit.o)
 .bss           0x0000000020000650        0x0 /home/khaled/ti/ccsv8/tools/compiler/gcc-arm-none-eabi-7-2017-q4-major/bin/../lib/gcc/arm-none-eabi/7.2.1/../../../../arm-none-eabi/lib/thumb/v7e-m/fpv4-sp/hard/libnosys.a(_exit.o)
 .bss           0x0000000020000650        0x0 /home/khaled/ti/ccsv8/tools/compiler/gcc-arm-none-eabi-7-2017-q4-major/bin/../lib/gcc/arm-none-eabi/7.2.1/thumb/v7e-m/fpv4-sp/hard/crtend.o
 .bss           0x0000000020000650        0x0 /home/khaled/ti/ccsv8/tools/compiler/gcc-arm-none-eabi-7-2017-q4-major/bin/../lib/gcc/arm-none-eabi/7.2.1/thumb/v7e-m/fpv4-sp/hard/crtn.o
 *(.bss*)
 *(COMMON)
 COMMON         0x0000000020000650        0x8 ./main.o
                0x0000000020000650                Out
                0x0000000020000654                In
 COMMON         0x0000000020000658       0x21 /home/khaled/ti/ccsv8/tools/compiler/gcc-arm-none-eabi-7-2017-q4-major/bin/../lib/gcc/arm-none-eabi/7.2.1/../../../../arm-none-eabi/lib/thumb/v7e-m/fpv4-sp/hard/libc.a(lib_a-lock.o)
                0x0000000020000658                __lock___atexit_recursive_mutex
                0x000000002000065c                __lock___arc4random_mutex
                0x0000000020000660                __lock___env_recursive_mutex
                0x0000000020000664                __lock___sinit_recursive_mutex
                0x0000000020000668                __lock___malloc_recursive_mutex
                0x000000002000066c                __lock___at_quick_exit_mutex
                0x0000000020000670                __lock___dd_hash_mutex
                0x0000000020000674                __lock___tz_mutex
                0x0000000020000678                __lock___sfp_recursive_mutex
                0x000000002000067c                . = ALIGN (0x4)
 *fill*         0x0000000020000679        0x3 
                0x000000002000067c                _ebss = .
                0x000000002000067c                __bss_end__ = .
                [!provide]                        PROVIDE (end, _ebss)
                [!provide]                        PROVIDE (_end, _ebss)
                [!provide]                        PROVIDE (__end__, _ebss)

.heap           0x000000002000067c        0x0
                0x000000002000067c                __heap_start__ = .
                0x000000002000067c                . = (. + HEAP_SIZE)
                0x000000002000067c                . = ALIGN (0x4)
                0x000000002000067c                __heap_end__ = .

/DISCARD/
 libc.a(*)
 libm.a(*)
 libgcc.a(*)
START GROUP
LOAD /home/khaled/ti/ccsv8/tools/compiler/gcc-arm-none-eabi-7-2017-q4-major/bin/../lib/gcc/arm-none-eabi/7.2.1/thumb/v7e-m/fpv4-sp/hard/libgcc.a
LOAD /home/khaled/ti/ccsv8/tools/compiler/gcc-arm-none-eabi-7-2017-q4-major/bin/../lib/gcc/arm-none-eabi/7.2.1/../../../../arm-none-eabi/lib/thumb/v7e-m/fpv4-sp/hard/libg.a
LOAD /home/khaled/ti/ccsv8/tools/compiler/gcc-arm-none-eabi-7-2017-q4-major/bin/../lib/gcc/arm-none-eabi/7.2.1/../../../../arm-none-eabi/lib/thumb/v7e-m/fpv4-sp/hard/libc.a
END GROUP
START GROUP
LOAD /home/khaled/ti/ccsv8/tools/compiler/gcc-arm-none-eabi-7-2017-q4-major/bin/../lib/gcc/arm-none-eabi/7.2.1/thumb/v7e-m/fpv4-sp/hard/libgcc.a
LOAD /home/khaled/ti/ccsv8/tools/compiler/gcc-arm-none-eabi-7-2017-q4-major/bin/../lib/gcc/arm-none-eabi/7.2.1/../../../../arm-none-eabi/lib/thumb/v7e-m/fpv4-sp/hard/libc.a
LOAD /home/khaled/ti/ccsv8/tools/compiler/gcc-arm-none-eabi-7-2017-q4-major/bin/../lib/gcc/arm-none-eabi/7.2.1/../../../../arm-none-eabi/lib/thumb/v7e-m/fpv4-sp/hard/libnosys.a
END GROUP
LOAD /home/khaled/ti/ccsv8/tools/compiler/gcc-arm-none-eabi-7-2017-q4-major/bin/../lib/gcc/arm-none-eabi/7.2.1/thumb/v7e-m/fpv4-sp/hard/crtend.o
LOAD /home/khaled/ti/ccsv8/tools/compiler/gcc-arm-none-eabi-7-2017-q4-major/bin/../lib/gcc/arm-none-eabi/7.2.1/thumb/v7e-m/fpv4-sp/hard/crtn.o
OUTPUT(training.out elf32-littlearm)

.ARM.attributes
                0x0000000000000000       0x30
 .ARM.attributes
                0x0000000000000000       0x22 /home/khaled/ti/ccsv8/tools/compiler/gcc-arm-none-eabi-7-2017-q4-major/bin/../lib/gcc/arm-none-eabi/7.2.1/thumb/v7e-m/fpv4-sp/hard/crti.o
 .ARM.attributes
                0x0000000000000022       0x34 /home/khaled/ti/ccsv8/tools/compiler/gcc-arm-none-eabi-7-2017-q4-major/bin/../lib/gcc/arm-none-eabi/7.2.1/thumb/v7e-m/fpv4-sp/hard/crtbegin.o
 .ARM.attributes
                0x0000000000000056       0x20 /home/khaled/ti/ccsv8/tools/compiler/gcc-arm-none-eabi-7-2017-q4-major/bin/../lib/gcc/arm-none-eabi/7.2.1/../../../../arm-none-eabi/lib/thumb/v7e-m/fpv4-sp/hard/crt0.o
 .ARM.attributes
                0x0000000000000076       0x39 ./bsp.o
 .ARM.attributes
                0x00000000000000af       0x39 ./main.o
 .ARM.attributes
                0x00000000000000e8       0x39 ./startup_tm4c_gnu.o
 .ARM.attributes
                0x0000000000000121       0x34 /home/khaled/ti/ccsv8/tools/compiler/gcc-arm-none-eabi-7-2017-q4-major/bin/../lib/gcc/arm-none-eabi/7.2.1/../../../../arm-none-eabi/lib/thumb/v7e-m/fpv4-sp/hard/libnosys.a(_exit.o)
 .ARM.attributes
                0x0000000000000155       0x34 /home/khaled/ti/ccsv8/tools/compiler/gcc-arm-none-eabi-7-2017-q4-major/bin/../lib/gcc/arm-none-eabi/7.2.1/thumb/v7e-m/fpv4-sp/hard/crtend.o
 .ARM.attributes
                0x0000000000000189       0x22 /home/khaled/ti/ccsv8/tools/compiler/gcc-arm-none-eabi-7-2017-q4-major/bin/../lib/gcc/arm-none-eabi/7.2.1/thumb/v7e-m/fpv4-sp/hard/crtn.o

.comment        0x0000000000000000       0x7e
 .comment       0x0000000000000000       0x7e ./bsp.o
                                         0x7f (size before relaxing)
 .comment       0x000000000000007e       0x7f ./main.o
 .comment       0x000000000000007e       0x7f ./startup_tm4c_gnu.o

.debug_info     0x0000000000000000     0x13c2
 .debug_info    0x0000000000000000     0x112b ./bsp.o
 .debug_info    0x000000000000112b       0xec ./main.o
 .debug_info    0x0000000000001217      0x1ab ./startup_tm4c_gnu.o

.debug_abbrev   0x0000000000000000      0x2de
 .debug_abbrev  0x0000000000000000      0x169 ./bsp.o
 .debug_abbrev  0x0000000000000169       0x97 ./main.o
 .debug_abbrev  0x0000000000000200       0xde ./startup_tm4c_gnu.o

.debug_loc      0x0000000000000000       0x9e
 .debug_loc     0x0000000000000000       0x57 ./bsp.o
 .debug_loc     0x0000000000000057       0x47 ./startup_tm4c_gnu.o

.debug_aranges  0x0000000000000000       0xd0
 .debug_aranges
                0x0000000000000000       0x60 ./bsp.o
 .debug_aranges
                0x0000000000000060       0x20 ./main.o
 .debug_aranges
                0x0000000000000080       0x50 ./startup_tm4c_gnu.o

.debug_ranges   0x0000000000000000       0xa0
 .debug_ranges  0x0000000000000000       0x50 ./bsp.o
 .debug_ranges  0x0000000000000050       0x10 ./main.o
 .debug_ranges  0x0000000000000060       0x40 ./startup_tm4c_gnu.o

.debug_line     0x0000000000000000      0x492
 .debug_line    0x0000000000000000      0x25d ./bsp.o
 .debug_line    0x000000000000025d      0x16d ./main.o
 .debug_line    0x00000000000003ca       0xc8 ./startup_tm4c_gnu.o

.debug_str      0x0000000000000000      0x9d2
 .debug_str     0x0000000000000000      0x89e ./bsp.o
                                        0x8ff (size before relaxing)
 .debug_str     0x000000000000089e       0x1c ./main.o
                                        0x1c0 (size before relaxing)
 .debug_str     0x00000000000008ba      0x118 ./startup_tm4c_gnu.o
                                        0x22b (size before relaxing)

.debug_frame    0x0000000000000000      0x184
 .debug_frame   0x0000000000000000       0xb4 ./bsp.o
 .debug_frame   0x00000000000000b4       0x28 ./main.o
 .debug_frame   0x00000000000000dc       0x88 ./startup_tm4c_gnu.o
 .debug_frame   0x0000000000000164       0x20 /home/khaled/ti/ccsv8/tools/compiler/gcc-arm-none-eabi-7-2017-q4-major/bin/../lib/gcc/arm-none-eabi/7.2.1/../../../../arm-none-eabi/lib/thumb/v7e-m/fpv4-sp/hard/libnosys.a(_exit.o)
