Archive member included to satisfy reference by file (symbol)

/home/khaled/ti/ccsv8/tools/compiler/gcc-arm-none-eabi-7-2017-q4-major/bin/../lib/gcc/arm-none-eabi/7.2.1/../../../../arm-none-eabi/lib/thumb/v7e-m/fpv4-sp/hard/libc.a(lib_a-exit.o)
                              /home/khaled/ti/ccsv8/tools/compiler/gcc-arm-none-eabi-7-2017-q4-major/bin/../lib/gcc/arm-none-eabi/7.2.1/../../../../arm-none-eabi/lib/thumb/v7e-m/fpv4-sp/hard/crt0.o (exit)
/home/khaled/ti/ccsv8/tools/compiler/gcc-arm-none-eabi-7-2017-q4-major/bin/../lib/gcc/arm-none-eabi/7.2.1/../../../../arm-none-eabi/lib/thumb/v7e-m/fpv4-sp/hard/libc.a(lib_a-impure.o)
                              /home/khaled/ti/ccsv8/tools/compiler/gcc-arm-none-eabi-7-2017-q4-major/bin/../lib/gcc/arm-none-eabi/7.2.1/../../../../arm-none-eabi/lib/thumb/v7e-m/fpv4-sp/hard/libc.a(lib_a-exit.o) (_global_impure_ptr)
/home/khaled/ti/ccsv8/tools/compiler/gcc-arm-none-eabi-7-2017-q4-major/bin/../lib/gcc/arm-none-eabi/7.2.1/../../../../arm-none-eabi/lib/thumb/v7e-m/fpv4-sp/hard/libc.a(lib_a-init.o)
                              /home/khaled/ti/ccsv8/tools/compiler/gcc-arm-none-eabi-7-2017-q4-major/bin/../lib/gcc/arm-none-eabi/7.2.1/../../../../arm-none-eabi/lib/thumb/v7e-m/fpv4-sp/hard/crt0.o (__libc_init_array)
/home/khaled/ti/ccsv8/tools/compiler/gcc-arm-none-eabi-7-2017-q4-major/bin/../lib/gcc/arm-none-eabi/7.2.1/../../../../arm-none-eabi/lib/thumb/v7e-m/fpv4-sp/hard/libc.a(lib_a-malloc.o)
                              ./main.o (malloc)
/home/khaled/ti/ccsv8/tools/compiler/gcc-arm-none-eabi-7-2017-q4-major/bin/../lib/gcc/arm-none-eabi/7.2.1/../../../../arm-none-eabi/lib/thumb/v7e-m/fpv4-sp/hard/libc.a(lib_a-mallocr.o)
                              /home/khaled/ti/ccsv8/tools/compiler/gcc-arm-none-eabi-7-2017-q4-major/bin/../lib/gcc/arm-none-eabi/7.2.1/../../../../arm-none-eabi/lib/thumb/v7e-m/fpv4-sp/hard/libc.a(lib_a-malloc.o) (_malloc_r)
/home/khaled/ti/ccsv8/tools/compiler/gcc-arm-none-eabi-7-2017-q4-major/bin/../lib/gcc/arm-none-eabi/7.2.1/../../../../arm-none-eabi/lib/thumb/v7e-m/fpv4-sp/hard/libc.a(lib_a-memset.o)
                              /home/khaled/ti/ccsv8/tools/compiler/gcc-arm-none-eabi-7-2017-q4-major/bin/../lib/gcc/arm-none-eabi/7.2.1/../../../../arm-none-eabi/lib/thumb/v7e-m/fpv4-sp/hard/crt0.o (memset)
/home/khaled/ti/ccsv8/tools/compiler/gcc-arm-none-eabi-7-2017-q4-major/bin/../lib/gcc/arm-none-eabi/7.2.1/../../../../arm-none-eabi/lib/thumb/v7e-m/fpv4-sp/hard/libc.a(lib_a-mlock.o)
                              /home/khaled/ti/ccsv8/tools/compiler/gcc-arm-none-eabi-7-2017-q4-major/bin/../lib/gcc/arm-none-eabi/7.2.1/../../../../arm-none-eabi/lib/thumb/v7e-m/fpv4-sp/hard/libc.a(lib_a-mallocr.o) (__malloc_lock)
/home/khaled/ti/ccsv8/tools/compiler/gcc-arm-none-eabi-7-2017-q4-major/bin/../lib/gcc/arm-none-eabi/7.2.1/../../../../arm-none-eabi/lib/thumb/v7e-m/fpv4-sp/hard/libc.a(lib_a-realloc.o)
                              ./main.o (realloc)
/home/khaled/ti/ccsv8/tools/compiler/gcc-arm-none-eabi-7-2017-q4-major/bin/../lib/gcc/arm-none-eabi/7.2.1/../../../../arm-none-eabi/lib/thumb/v7e-m/fpv4-sp/hard/libc.a(lib_a-reallocr.o)
                              /home/khaled/ti/ccsv8/tools/compiler/gcc-arm-none-eabi-7-2017-q4-major/bin/../lib/gcc/arm-none-eabi/7.2.1/../../../../arm-none-eabi/lib/thumb/v7e-m/fpv4-sp/hard/libc.a(lib_a-realloc.o) (_realloc_r)
/home/khaled/ti/ccsv8/tools/compiler/gcc-arm-none-eabi-7-2017-q4-major/bin/../lib/gcc/arm-none-eabi/7.2.1/../../../../arm-none-eabi/lib/thumb/v7e-m/fpv4-sp/hard/libc.a(lib_a-sbrkr.o)
                              /home/khaled/ti/ccsv8/tools/compiler/gcc-arm-none-eabi-7-2017-q4-major/bin/../lib/gcc/arm-none-eabi/7.2.1/../../../../arm-none-eabi/lib/thumb/v7e-m/fpv4-sp/hard/libc.a(lib_a-mallocr.o) (_sbrk_r)
/home/khaled/ti/ccsv8/tools/compiler/gcc-arm-none-eabi-7-2017-q4-major/bin/../lib/gcc/arm-none-eabi/7.2.1/../../../../arm-none-eabi/lib/thumb/v7e-m/fpv4-sp/hard/libc.a(lib_a-__call_atexit.o)
                              /home/khaled/ti/ccsv8/tools/compiler/gcc-arm-none-eabi-7-2017-q4-major/bin/../lib/gcc/arm-none-eabi/7.2.1/../../../../arm-none-eabi/lib/thumb/v7e-m/fpv4-sp/hard/libc.a(lib_a-exit.o) (__call_exitprocs)
/home/khaled/ti/ccsv8/tools/compiler/gcc-arm-none-eabi-7-2017-q4-major/bin/../lib/gcc/arm-none-eabi/7.2.1/../../../../arm-none-eabi/lib/thumb/v7e-m/fpv4-sp/hard/libc.a(lib_a-atexit.o)
                              /home/khaled/ti/ccsv8/tools/compiler/gcc-arm-none-eabi-7-2017-q4-major/bin/../lib/gcc/arm-none-eabi/7.2.1/../../../../arm-none-eabi/lib/thumb/v7e-m/fpv4-sp/hard/libc.a(lib_a-__call_atexit.o) (atexit)
/home/khaled/ti/ccsv8/tools/compiler/gcc-arm-none-eabi-7-2017-q4-major/bin/../lib/gcc/arm-none-eabi/7.2.1/../../../../arm-none-eabi/lib/thumb/v7e-m/fpv4-sp/hard/libc.a(lib_a-fini.o)
                              /home/khaled/ti/ccsv8/tools/compiler/gcc-arm-none-eabi-7-2017-q4-major/bin/../lib/gcc/arm-none-eabi/7.2.1/../../../../arm-none-eabi/lib/thumb/v7e-m/fpv4-sp/hard/libc.a(lib_a-__call_atexit.o) (__libc_fini_array)
/home/khaled/ti/ccsv8/tools/compiler/gcc-arm-none-eabi-7-2017-q4-major/bin/../lib/gcc/arm-none-eabi/7.2.1/../../../../arm-none-eabi/lib/thumb/v7e-m/fpv4-sp/hard/libc.a(lib_a-freer.o)
                              /home/khaled/ti/ccsv8/tools/compiler/gcc-arm-none-eabi-7-2017-q4-major/bin/../lib/gcc/arm-none-eabi/7.2.1/../../../../arm-none-eabi/lib/thumb/v7e-m/fpv4-sp/hard/libc.a(lib_a-malloc.o) (_free_r)
/home/khaled/ti/ccsv8/tools/compiler/gcc-arm-none-eabi-7-2017-q4-major/bin/../lib/gcc/arm-none-eabi/7.2.1/../../../../arm-none-eabi/lib/thumb/v7e-m/fpv4-sp/hard/libc.a(lib_a-lock.o)
                              /home/khaled/ti/ccsv8/tools/compiler/gcc-arm-none-eabi-7-2017-q4-major/bin/../lib/gcc/arm-none-eabi/7.2.1/../../../../arm-none-eabi/lib/thumb/v7e-m/fpv4-sp/hard/libc.a(lib_a-mlock.o) (__retarget_lock_acquire_recursive)
/home/khaled/ti/ccsv8/tools/compiler/gcc-arm-none-eabi-7-2017-q4-major/bin/../lib/gcc/arm-none-eabi/7.2.1/../../../../arm-none-eabi/lib/thumb/v7e-m/fpv4-sp/hard/libc.a(lib_a-memmove.o)
                              /home/khaled/ti/ccsv8/tools/compiler/gcc-arm-none-eabi-7-2017-q4-major/bin/../lib/gcc/arm-none-eabi/7.2.1/../../../../arm-none-eabi/lib/thumb/v7e-m/fpv4-sp/hard/libc.a(lib_a-reallocr.o) (memmove)
/home/khaled/ti/ccsv8/tools/compiler/gcc-arm-none-eabi-7-2017-q4-major/bin/../lib/gcc/arm-none-eabi/7.2.1/../../../../arm-none-eabi/lib/thumb/v7e-m/fpv4-sp/hard/libc.a(lib_a-reent.o)
                              /home/khaled/ti/ccsv8/tools/compiler/gcc-arm-none-eabi-7-2017-q4-major/bin/../lib/gcc/arm-none-eabi/7.2.1/../../../../arm-none-eabi/lib/thumb/v7e-m/fpv4-sp/hard/libc.a(lib_a-sbrkr.o) (errno)
/home/khaled/ti/ccsv8/tools/compiler/gcc-arm-none-eabi-7-2017-q4-major/bin/../lib/gcc/arm-none-eabi/7.2.1/../../../../arm-none-eabi/lib/thumb/v7e-m/fpv4-sp/hard/libc.a(lib_a-__atexit.o)
                              /home/khaled/ti/ccsv8/tools/compiler/gcc-arm-none-eabi-7-2017-q4-major/bin/../lib/gcc/arm-none-eabi/7.2.1/../../../../arm-none-eabi/lib/thumb/v7e-m/fpv4-sp/hard/libc.a(lib_a-atexit.o) (__register_exitproc)
/home/khaled/ti/ccsv8/tools/compiler/gcc-arm-none-eabi-7-2017-q4-major/bin/../lib/gcc/arm-none-eabi/7.2.1/../../../../arm-none-eabi/lib/thumb/v7e-m/fpv4-sp/hard/libnosys.a(sbrk.o)
                              /home/khaled/ti/ccsv8/tools/compiler/gcc-arm-none-eabi-7-2017-q4-major/bin/../lib/gcc/arm-none-eabi/7.2.1/../../../../arm-none-eabi/lib/thumb/v7e-m/fpv4-sp/hard/libc.a(lib_a-sbrkr.o) (_sbrk)
/home/khaled/ti/ccsv8/tools/compiler/gcc-arm-none-eabi-7-2017-q4-major/bin/../lib/gcc/arm-none-eabi/7.2.1/../../../../arm-none-eabi/lib/thumb/v7e-m/fpv4-sp/hard/libnosys.a(_exit.o)
                              /home/khaled/ti/ccsv8/tools/compiler/gcc-arm-none-eabi-7-2017-q4-major/bin/../lib/gcc/arm-none-eabi/7.2.1/../../../../arm-none-eabi/lib/thumb/v7e-m/fpv4-sp/hard/libc.a(lib_a-exit.o) (_exit)

Allocating common symbols
Common symbol       size              file

__lock___atexit_recursive_mutex
                    0x1               /home/khaled/ti/ccsv8/tools/compiler/gcc-arm-none-eabi-7-2017-q4-major/bin/../lib/gcc/arm-none-eabi/7.2.1/../../../../arm-none-eabi/lib/thumb/v7e-m/fpv4-sp/hard/libc.a(lib_a-lock.o)
__lock___arc4random_mutex
                    0x1               /home/khaled/ti/ccsv8/tools/compiler/gcc-arm-none-eabi-7-2017-q4-major/bin/../lib/gcc/arm-none-eabi/7.2.1/../../../../arm-none-eabi/lib/thumb/v7e-m/fpv4-sp/hard/libc.a(lib_a-lock.o)
errno               0x4               /home/khaled/ti/ccsv8/tools/compiler/gcc-arm-none-eabi-7-2017-q4-major/bin/../lib/gcc/arm-none-eabi/7.2.1/../../../../arm-none-eabi/lib/thumb/v7e-m/fpv4-sp/hard/libc.a(lib_a-reent.o)
__lock___env_recursive_mutex
                    0x1               /home/khaled/ti/ccsv8/tools/compiler/gcc-arm-none-eabi-7-2017-q4-major/bin/../lib/gcc/arm-none-eabi/7.2.1/../../../../arm-none-eabi/lib/thumb/v7e-m/fpv4-sp/hard/libc.a(lib_a-lock.o)
__lock___sinit_recursive_mutex
                    0x1               /home/khaled/ti/ccsv8/tools/compiler/gcc-arm-none-eabi-7-2017-q4-major/bin/../lib/gcc/arm-none-eabi/7.2.1/../../../../arm-none-eabi/lib/thumb/v7e-m/fpv4-sp/hard/libc.a(lib_a-lock.o)
__lock___malloc_recursive_mutex
                    0x1               /home/khaled/ti/ccsv8/tools/compiler/gcc-arm-none-eabi-7-2017-q4-major/bin/../lib/gcc/arm-none-eabi/7.2.1/../../../../arm-none-eabi/lib/thumb/v7e-m/fpv4-sp/hard/libc.a(lib_a-lock.o)
__lock___at_quick_exit_mutex
                    0x1               /home/khaled/ti/ccsv8/tools/compiler/gcc-arm-none-eabi-7-2017-q4-major/bin/../lib/gcc/arm-none-eabi/7.2.1/../../../../arm-none-eabi/lib/thumb/v7e-m/fpv4-sp/hard/libc.a(lib_a-lock.o)
__lock___dd_hash_mutex
                    0x1               /home/khaled/ti/ccsv8/tools/compiler/gcc-arm-none-eabi-7-2017-q4-major/bin/../lib/gcc/arm-none-eabi/7.2.1/../../../../arm-none-eabi/lib/thumb/v7e-m/fpv4-sp/hard/libc.a(lib_a-lock.o)
__lock___tz_mutex   0x1               /home/khaled/ti/ccsv8/tools/compiler/gcc-arm-none-eabi-7-2017-q4-major/bin/../lib/gcc/arm-none-eabi/7.2.1/../../../../arm-none-eabi/lib/thumb/v7e-m/fpv4-sp/hard/libc.a(lib_a-lock.o)
__lock___sfp_recursive_mutex
                    0x1               /home/khaled/ti/ccsv8/tools/compiler/gcc-arm-none-eabi-7-2017-q4-major/bin/../lib/gcc/arm-none-eabi/7.2.1/../../../../arm-none-eabi/lib/thumb/v7e-m/fpv4-sp/hard/libc.a(lib_a-lock.o)

Discarded input sections

 .debug_frame   0x0000000000000000       0x28 /home/khaled/ti/ccsv8/tools/compiler/gcc-arm-none-eabi-7-2017-q4-major/bin/../lib/gcc/arm-none-eabi/7.2.1/../../../../arm-none-eabi/lib/thumb/v7e-m/fpv4-sp/hard/libc.a(lib_a-exit.o)
 .ARM.attributes
                0x0000000000000000       0x34 /home/khaled/ti/ccsv8/tools/compiler/gcc-arm-none-eabi-7-2017-q4-major/bin/../lib/gcc/arm-none-eabi/7.2.1/../../../../arm-none-eabi/lib/thumb/v7e-m/fpv4-sp/hard/libc.a(lib_a-exit.o)
 .ARM.attributes
                0x0000000000000000       0x34 /home/khaled/ti/ccsv8/tools/compiler/gcc-arm-none-eabi-7-2017-q4-major/bin/../lib/gcc/arm-none-eabi/7.2.1/../../../../arm-none-eabi/lib/thumb/v7e-m/fpv4-sp/hard/libc.a(lib_a-impure.o)
 .debug_frame   0x0000000000000000       0x2c /home/khaled/ti/ccsv8/tools/compiler/gcc-arm-none-eabi-7-2017-q4-major/bin/../lib/gcc/arm-none-eabi/7.2.1/../../../../arm-none-eabi/lib/thumb/v7e-m/fpv4-sp/hard/libc.a(lib_a-init.o)
 .ARM.attributes
                0x0000000000000000       0x34 /home/khaled/ti/ccsv8/tools/compiler/gcc-arm-none-eabi-7-2017-q4-major/bin/../lib/gcc/arm-none-eabi/7.2.1/../../../../arm-none-eabi/lib/thumb/v7e-m/fpv4-sp/hard/libc.a(lib_a-init.o)
 .debug_frame   0x0000000000000000       0x30 /home/khaled/ti/ccsv8/tools/compiler/gcc-arm-none-eabi-7-2017-q4-major/bin/../lib/gcc/arm-none-eabi/7.2.1/../../../../arm-none-eabi/lib/thumb/v7e-m/fpv4-sp/hard/libc.a(lib_a-malloc.o)
 .ARM.attributes
                0x0000000000000000       0x34 /home/khaled/ti/ccsv8/tools/compiler/gcc-arm-none-eabi-7-2017-q4-major/bin/../lib/gcc/arm-none-eabi/7.2.1/../../../../arm-none-eabi/lib/thumb/v7e-m/fpv4-sp/hard/libc.a(lib_a-malloc.o)
 .debug_frame   0x0000000000000000       0x54 /home/khaled/ti/ccsv8/tools/compiler/gcc-arm-none-eabi-7-2017-q4-major/bin/../lib/gcc/arm-none-eabi/7.2.1/../../../../arm-none-eabi/lib/thumb/v7e-m/fpv4-sp/hard/libc.a(lib_a-mallocr.o)
 .ARM.attributes
                0x0000000000000000       0x34 /home/khaled/ti/ccsv8/tools/compiler/gcc-arm-none-eabi-7-2017-q4-major/bin/../lib/gcc/arm-none-eabi/7.2.1/../../../../arm-none-eabi/lib/thumb/v7e-m/fpv4-sp/hard/libc.a(lib_a-mallocr.o)
 .debug_frame   0x0000000000000000       0x38 /home/khaled/ti/ccsv8/tools/compiler/gcc-arm-none-eabi-7-2017-q4-major/bin/../lib/gcc/arm-none-eabi/7.2.1/../../../../arm-none-eabi/lib/thumb/v7e-m/fpv4-sp/hard/libc.a(lib_a-memset.o)
 .ARM.attributes
                0x0000000000000000       0x34 /home/khaled/ti/ccsv8/tools/compiler/gcc-arm-none-eabi-7-2017-q4-major/bin/../lib/gcc/arm-none-eabi/7.2.1/../../../../arm-none-eabi/lib/thumb/v7e-m/fpv4-sp/hard/libc.a(lib_a-memset.o)
 .debug_frame   0x0000000000000000       0x30 /home/khaled/ti/ccsv8/tools/compiler/gcc-arm-none-eabi-7-2017-q4-major/bin/../lib/gcc/arm-none-eabi/7.2.1/../../../../arm-none-eabi/lib/thumb/v7e-m/fpv4-sp/hard/libc.a(lib_a-mlock.o)
 .ARM.attributes
                0x0000000000000000       0x34 /home/khaled/ti/ccsv8/tools/compiler/gcc-arm-none-eabi-7-2017-q4-major/bin/../lib/gcc/arm-none-eabi/7.2.1/../../../../arm-none-eabi/lib/thumb/v7e-m/fpv4-sp/hard/libc.a(lib_a-mlock.o)
 .debug_frame   0x0000000000000000       0x20 /home/khaled/ti/ccsv8/tools/compiler/gcc-arm-none-eabi-7-2017-q4-major/bin/../lib/gcc/arm-none-eabi/7.2.1/../../../../arm-none-eabi/lib/thumb/v7e-m/fpv4-sp/hard/libc.a(lib_a-realloc.o)
 .ARM.attributes
                0x0000000000000000       0x34 /home/khaled/ti/ccsv8/tools/compiler/gcc-arm-none-eabi-7-2017-q4-major/bin/../lib/gcc/arm-none-eabi/7.2.1/../../../../arm-none-eabi/lib/thumb/v7e-m/fpv4-sp/hard/libc.a(lib_a-realloc.o)
 .debug_frame   0x0000000000000000       0x58 /home/khaled/ti/ccsv8/tools/compiler/gcc-arm-none-eabi-7-2017-q4-major/bin/../lib/gcc/arm-none-eabi/7.2.1/../../../../arm-none-eabi/lib/thumb/v7e-m/fpv4-sp/hard/libc.a(lib_a-reallocr.o)
 .ARM.attributes
                0x0000000000000000       0x34 /home/khaled/ti/ccsv8/tools/compiler/gcc-arm-none-eabi-7-2017-q4-major/bin/../lib/gcc/arm-none-eabi/7.2.1/../../../../arm-none-eabi/lib/thumb/v7e-m/fpv4-sp/hard/libc.a(lib_a-reallocr.o)
 .debug_frame   0x0000000000000000       0x2c /home/khaled/ti/ccsv8/tools/compiler/gcc-arm-none-eabi-7-2017-q4-major/bin/../lib/gcc/arm-none-eabi/7.2.1/../../../../arm-none-eabi/lib/thumb/v7e-m/fpv4-sp/hard/libc.a(lib_a-sbrkr.o)
 .ARM.attributes
                0x0000000000000000       0x34 /home/khaled/ti/ccsv8/tools/compiler/gcc-arm-none-eabi-7-2017-q4-major/bin/../lib/gcc/arm-none-eabi/7.2.1/../../../../arm-none-eabi/lib/thumb/v7e-m/fpv4-sp/hard/libc.a(lib_a-sbrkr.o)
 .debug_frame   0x0000000000000000       0x5c /home/khaled/ti/ccsv8/tools/compiler/gcc-arm-none-eabi-7-2017-q4-major/bin/../lib/gcc/arm-none-eabi/7.2.1/../../../../arm-none-eabi/lib/thumb/v7e-m/fpv4-sp/hard/libc.a(lib_a-__call_atexit.o)
 .ARM.attributes
                0x0000000000000000       0x34 /home/khaled/ti/ccsv8/tools/compiler/gcc-arm-none-eabi-7-2017-q4-major/bin/../lib/gcc/arm-none-eabi/7.2.1/../../../../arm-none-eabi/lib/thumb/v7e-m/fpv4-sp/hard/libc.a(lib_a-__call_atexit.o)
 .debug_frame   0x0000000000000000       0x20 /home/khaled/ti/ccsv8/tools/compiler/gcc-arm-none-eabi-7-2017-q4-major/bin/../lib/gcc/arm-none-eabi/7.2.1/../../../../arm-none-eabi/lib/thumb/v7e-m/fpv4-sp/hard/libc.a(lib_a-atexit.o)
 .ARM.attributes
                0x0000000000000000       0x34 /home/khaled/ti/ccsv8/tools/compiler/gcc-arm-none-eabi-7-2017-q4-major/bin/../lib/gcc/arm-none-eabi/7.2.1/../../../../arm-none-eabi/lib/thumb/v7e-m/fpv4-sp/hard/libc.a(lib_a-atexit.o)
 .debug_frame   0x0000000000000000       0x34 /home/khaled/ti/ccsv8/tools/compiler/gcc-arm-none-eabi-7-2017-q4-major/bin/../lib/gcc/arm-none-eabi/7.2.1/../../../../arm-none-eabi/lib/thumb/v7e-m/fpv4-sp/hard/libc.a(lib_a-fini.o)
 .ARM.attributes
                0x0000000000000000       0x34 /home/khaled/ti/ccsv8/tools/compiler/gcc-arm-none-eabi-7-2017-q4-major/bin/../lib/gcc/arm-none-eabi/7.2.1/../../../../arm-none-eabi/lib/thumb/v7e-m/fpv4-sp/hard/libc.a(lib_a-fini.o)
 .debug_frame   0x0000000000000000       0x80 /home/khaled/ti/ccsv8/tools/compiler/gcc-arm-none-eabi-7-2017-q4-major/bin/../lib/gcc/arm-none-eabi/7.2.1/../../../../arm-none-eabi/lib/thumb/v7e-m/fpv4-sp/hard/libc.a(lib_a-freer.o)
 .ARM.attributes
                0x0000000000000000       0x34 /home/khaled/ti/ccsv8/tools/compiler/gcc-arm-none-eabi-7-2017-q4-major/bin/../lib/gcc/arm-none-eabi/7.2.1/../../../../arm-none-eabi/lib/thumb/v7e-m/fpv4-sp/hard/libc.a(lib_a-freer.o)
 .debug_frame   0x0000000000000000       0xb0 /home/khaled/ti/ccsv8/tools/compiler/gcc-arm-none-eabi-7-2017-q4-major/bin/../lib/gcc/arm-none-eabi/7.2.1/../../../../arm-none-eabi/lib/thumb/v7e-m/fpv4-sp/hard/libc.a(lib_a-lock.o)
 .ARM.attributes
                0x0000000000000000       0x34 /home/khaled/ti/ccsv8/tools/compiler/gcc-arm-none-eabi-7-2017-q4-major/bin/../lib/gcc/arm-none-eabi/7.2.1/../../../../arm-none-eabi/lib/thumb/v7e-m/fpv4-sp/hard/libc.a(lib_a-lock.o)
 .debug_frame   0x0000000000000000       0x40 /home/khaled/ti/ccsv8/tools/compiler/gcc-arm-none-eabi-7-2017-q4-major/bin/../lib/gcc/arm-none-eabi/7.2.1/../../../../arm-none-eabi/lib/thumb/v7e-m/fpv4-sp/hard/libc.a(lib_a-memmove.o)
 .ARM.attributes
                0x0000000000000000       0x34 /home/khaled/ti/ccsv8/tools/compiler/gcc-arm-none-eabi-7-2017-q4-major/bin/../lib/gcc/arm-none-eabi/7.2.1/../../../../arm-none-eabi/lib/thumb/v7e-m/fpv4-sp/hard/libc.a(lib_a-memmove.o)
 .debug_frame   0x0000000000000000       0x68 /home/khaled/ti/ccsv8/tools/compiler/gcc-arm-none-eabi-7-2017-q4-major/bin/../lib/gcc/arm-none-eabi/7.2.1/../../../../arm-none-eabi/lib/thumb/v7e-m/fpv4-sp/hard/libc.a(lib_a-reent.o)
 .ARM.attributes
                0x0000000000000000       0x34 /home/khaled/ti/ccsv8/tools/compiler/gcc-arm-none-eabi-7-2017-q4-major/bin/../lib/gcc/arm-none-eabi/7.2.1/../../../../arm-none-eabi/lib/thumb/v7e-m/fpv4-sp/hard/libc.a(lib_a-reent.o)
 .debug_frame   0x0000000000000000       0x34 /home/khaled/ti/ccsv8/tools/compiler/gcc-arm-none-eabi-7-2017-q4-major/bin/../lib/gcc/arm-none-eabi/7.2.1/../../../../arm-none-eabi/lib/thumb/v7e-m/fpv4-sp/hard/libc.a(lib_a-__atexit.o)
 .ARM.attributes
                0x0000000000000000       0x34 /home/khaled/ti/ccsv8/tools/compiler/gcc-arm-none-eabi-7-2017-q4-major/bin/../lib/gcc/arm-none-eabi/7.2.1/../../../../arm-none-eabi/lib/thumb/v7e-m/fpv4-sp/hard/libc.a(lib_a-__atexit.o)

Memory Configuration

Name             Origin             Length             Attributes
ROM              0x0000000000000000 0x0000000000040000 xr
RAM              0x0000000020000000 0x0000000000008000 xrw
*default*        0x0000000000000000 0xffffffffffffffff

Linker script and memory map

LOAD /home/khaled/ti/ccsv8/tools/compiler/gcc-arm-none-eabi-7-2017-q4-major/bin/../lib/gcc/arm-none-eabi/7.2.1/thumb/v7e-m/fpv4-sp/hard/crti.o
LOAD /home/khaled/ti/ccsv8/tools/compiler/gcc-arm-none-eabi-7-2017-q4-major/bin/../lib/gcc/arm-none-eabi/7.2.1/thumb/v7e-m/fpv4-sp/hard/crtbegin.o
LOAD /home/khaled/ti/ccsv8/tools/compiler/gcc-arm-none-eabi-7-2017-q4-major/bin/../lib/gcc/arm-none-eabi/7.2.1/../../../../arm-none-eabi/lib/thumb/v7e-m/fpv4-sp/hard/crt0.o
LOAD ./main.o
LOAD ./startup_tm4c_gnu.o
LOAD ./uart.o
                0x0000000000000200                STACK_SIZE = 0x200
                0x0000000000000000                HEAP_SIZE = 0x0

.isr_vector     0x0000000000000000      0x26c
 *(.isr_vector)
 .isr_vector    0x0000000000000000      0x26c ./startup_tm4c_gnu.o
                0x0000000000000000                g_pfnVectors
                0x000000000000026c                . = ALIGN (0x4)

.eh_frame       0x000000000000026c        0x4
 .eh_frame      0x000000000000026c        0x0 /home/khaled/ti/ccsv8/tools/compiler/gcc-arm-none-eabi-7-2017-q4-major/bin/../lib/gcc/arm-none-eabi/7.2.1/thumb/v7e-m/fpv4-sp/hard/crtbegin.o
 .eh_frame      0x000000000000026c        0x4 /home/khaled/ti/ccsv8/tools/compiler/gcc-arm-none-eabi-7-2017-q4-major/bin/../lib/gcc/arm-none-eabi/7.2.1/thumb/v7e-m/fpv4-sp/hard/crtend.o

.ARM.extab      0x0000000000000270        0x0
 .ARM.extab     0x0000000000000270        0x0 /home/khaled/ti/ccsv8/tools/compiler/gcc-arm-none-eabi-7-2017-q4-major/bin/../lib/gcc/arm-none-eabi/7.2.1/../../../../arm-none-eabi/lib/thumb/v7e-m/fpv4-sp/hard/crt0.o

.ARM.exidx      0x0000000000000270        0x8
 .ARM.exidx     0x0000000000000270        0x8 /home/khaled/ti/ccsv8/tools/compiler/gcc-arm-none-eabi-7-2017-q4-major/bin/../lib/gcc/arm-none-eabi/7.2.1/../../../../arm-none-eabi/lib/thumb/v7e-m/fpv4-sp/hard/crt0.o

.text           0x0000000000000278     0x14a4
                0x0000000000000278                . = ALIGN (0x4)
 *(.text)
 .text          0x0000000000000278        0x0 /home/khaled/ti/ccsv8/tools/compiler/gcc-arm-none-eabi-7-2017-q4-major/bin/../lib/gcc/arm-none-eabi/7.2.1/thumb/v7e-m/fpv4-sp/hard/crti.o
 .text          0x0000000000000278       0x40 /home/khaled/ti/ccsv8/tools/compiler/gcc-arm-none-eabi-7-2017-q4-major/bin/../lib/gcc/arm-none-eabi/7.2.1/thumb/v7e-m/fpv4-sp/hard/crtbegin.o
 .text          0x00000000000002b8       0x74 /home/khaled/ti/ccsv8/tools/compiler/gcc-arm-none-eabi-7-2017-q4-major/bin/../lib/gcc/arm-none-eabi/7.2.1/../../../../arm-none-eabi/lib/thumb/v7e-m/fpv4-sp/hard/crt0.o
                0x00000000000002b8                _mainCRTStartup
                0x00000000000002b8                _start
 .text          0x000000000000032c        0x0 ./main.o
 .text          0x000000000000032c        0x0 ./startup_tm4c_gnu.o
 .text          0x000000000000032c        0x0 ./uart.o
 .text          0x000000000000032c        0x0 /home/khaled/ti/ccsv8/tools/compiler/gcc-arm-none-eabi-7-2017-q4-major/bin/../lib/gcc/arm-none-eabi/7.2.1/../../../../arm-none-eabi/lib/thumb/v7e-m/fpv4-sp/hard/libc.a(lib_a-exit.o)
 .text          0x000000000000032c        0x0 /home/khaled/ti/ccsv8/tools/compiler/gcc-arm-none-eabi-7-2017-q4-major/bin/../lib/gcc/arm-none-eabi/7.2.1/../../../../arm-none-eabi/lib/thumb/v7e-m/fpv4-sp/hard/libc.a(lib_a-impure.o)
 .text          0x000000000000032c        0x0 /home/khaled/ti/ccsv8/tools/compiler/gcc-arm-none-eabi-7-2017-q4-major/bin/../lib/gcc/arm-none-eabi/7.2.1/../../../../arm-none-eabi/lib/thumb/v7e-m/fpv4-sp/hard/libc.a(lib_a-init.o)
 .text          0x000000000000032c        0x0 /home/khaled/ti/ccsv8/tools/compiler/gcc-arm-none-eabi-7-2017-q4-major/bin/../lib/gcc/arm-none-eabi/7.2.1/../../../../arm-none-eabi/lib/thumb/v7e-m/fpv4-sp/hard/libc.a(lib_a-malloc.o)
 .text          0x000000000000032c        0x0 /home/khaled/ti/ccsv8/tools/compiler/gcc-arm-none-eabi-7-2017-q4-major/bin/../lib/gcc/arm-none-eabi/7.2.1/../../../../arm-none-eabi/lib/thumb/v7e-m/fpv4-sp/hard/libc.a(lib_a-mallocr.o)
 .text          0x000000000000032c        0x0 /home/khaled/ti/ccsv8/tools/compiler/gcc-arm-none-eabi-7-2017-q4-major/bin/../lib/gcc/arm-none-eabi/7.2.1/../../../../arm-none-eabi/lib/thumb/v7e-m/fpv4-sp/hard/libc.a(lib_a-memset.o)
 .text          0x000000000000032c        0x0 /home/khaled/ti/ccsv8/tools/compiler/gcc-arm-none-eabi-7-2017-q4-major/bin/../lib/gcc/arm-none-eabi/7.2.1/../../../../arm-none-eabi/lib/thumb/v7e-m/fpv4-sp/hard/libc.a(lib_a-mlock.o)
 .text          0x000000000000032c        0x0 /home/khaled/ti/ccsv8/tools/compiler/gcc-arm-none-eabi-7-2017-q4-major/bin/../lib/gcc/arm-none-eabi/7.2.1/../../../../arm-none-eabi/lib/thumb/v7e-m/fpv4-sp/hard/libc.a(lib_a-realloc.o)
 .text          0x000000000000032c        0x0 /home/khaled/ti/ccsv8/tools/compiler/gcc-arm-none-eabi-7-2017-q4-major/bin/../lib/gcc/arm-none-eabi/7.2.1/../../../../arm-none-eabi/lib/thumb/v7e-m/fpv4-sp/hard/libc.a(lib_a-reallocr.o)
 .text          0x000000000000032c        0x0 /home/khaled/ti/ccsv8/tools/compiler/gcc-arm-none-eabi-7-2017-q4-major/bin/../lib/gcc/arm-none-eabi/7.2.1/../../../../arm-none-eabi/lib/thumb/v7e-m/fpv4-sp/hard/libc.a(lib_a-sbrkr.o)
 .text          0x000000000000032c        0x0 /home/khaled/ti/ccsv8/tools/compiler/gcc-arm-none-eabi-7-2017-q4-major/bin/../lib/gcc/arm-none-eabi/7.2.1/../../../../arm-none-eabi/lib/thumb/v7e-m/fpv4-sp/hard/libc.a(lib_a-__call_atexit.o)
 .text          0x000000000000032c        0x0 /home/khaled/ti/ccsv8/tools/compiler/gcc-arm-none-eabi-7-2017-q4-major/bin/../lib/gcc/arm-none-eabi/7.2.1/../../../../arm-none-eabi/lib/thumb/v7e-m/fpv4-sp/hard/libc.a(lib_a-atexit.o)
 .text          0x000000000000032c        0x0 /home/khaled/ti/ccsv8/tools/compiler/gcc-arm-none-eabi-7-2017-q4-major/bin/../lib/gcc/arm-none-eabi/7.2.1/../../../../arm-none-eabi/lib/thumb/v7e-m/fpv4-sp/hard/libc.a(lib_a-fini.o)
 .text          0x000000000000032c        0x0 /home/khaled/ti/ccsv8/tools/compiler/gcc-arm-none-eabi-7-2017-q4-major/bin/../lib/gcc/arm-none-eabi/7.2.1/../../../../arm-none-eabi/lib/thumb/v7e-m/fpv4-sp/hard/libc.a(lib_a-freer.o)
 .text          0x000000000000032c        0x0 /home/khaled/ti/ccsv8/tools/compiler/gcc-arm-none-eabi-7-2017-q4-major/bin/../lib/gcc/arm-none-eabi/7.2.1/../../../../arm-none-eabi/lib/thumb/v7e-m/fpv4-sp/hard/libc.a(lib_a-lock.o)
 .text          0x000000000000032c        0x0 /home/khaled/ti/ccsv8/tools/compiler/gcc-arm-none-eabi-7-2017-q4-major/bin/../lib/gcc/arm-none-eabi/7.2.1/../../../../arm-none-eabi/lib/thumb/v7e-m/fpv4-sp/hard/libc.a(lib_a-memmove.o)
 .text          0x000000000000032c        0x0 /home/khaled/ti/ccsv8/tools/compiler/gcc-arm-none-eabi-7-2017-q4-major/bin/../lib/gcc/arm-none-eabi/7.2.1/../../../../arm-none-eabi/lib/thumb/v7e-m/fpv4-sp/hard/libc.a(lib_a-reent.o)
 .text          0x000000000000032c        0x0 /home/khaled/ti/ccsv8/tools/compiler/gcc-arm-none-eabi-7-2017-q4-major/bin/../lib/gcc/arm-none-eabi/7.2.1/../../../../arm-none-eabi/lib/thumb/v7e-m/fpv4-sp/hard/libc.a(lib_a-__atexit.o)
 .text          0x000000000000032c        0x0 /home/khaled/ti/ccsv8/tools/compiler/gcc-arm-none-eabi-7-2017-q4-major/bin/../lib/gcc/arm-none-eabi/7.2.1/../../../../arm-none-eabi/lib/thumb/v7e-m/fpv4-sp/hard/libnosys.a(sbrk.o)
 .text          0x000000000000032c        0x0 /home/khaled/ti/ccsv8/tools/compiler/gcc-arm-none-eabi-7-2017-q4-major/bin/../lib/gcc/arm-none-eabi/7.2.1/../../../../arm-none-eabi/lib/thumb/v7e-m/fpv4-sp/hard/libnosys.a(_exit.o)
 .text          0x000000000000032c        0x0 /home/khaled/ti/ccsv8/tools/compiler/gcc-arm-none-eabi-7-2017-q4-major/bin/../lib/gcc/arm-none-eabi/7.2.1/thumb/v7e-m/fpv4-sp/hard/crtend.o
 .text          0x000000000000032c        0x0 /home/khaled/ti/ccsv8/tools/compiler/gcc-arm-none-eabi-7-2017-q4-major/bin/../lib/gcc/arm-none-eabi/7.2.1/thumb/v7e-m/fpv4-sp/hard/crtn.o
 *(.text*)
 .text.readChar
                0x000000000000032c       0x18 ./main.o
                0x000000000000032c                readChar
 .text.printChar
                0x0000000000000344       0x14 ./main.o
                0x0000000000000344                printChar
 .text.printString
                0x0000000000000358       0x14 ./main.o
                0x0000000000000358                printString
 .text.readString
                0x000000000000036c       0x64 ./main.o
                0x000000000000036c                readString
 .text.main     0x00000000000003d0       0xbc ./main.o
                0x00000000000003d0                main
 .text.NMI_Handler
                0x000000000000048c       0x14 ./startup_tm4c_gnu.o
                0x000000000000048c                NMI_Handler
 .text.MemManage_Handler
                0x00000000000004a0       0x18 ./startup_tm4c_gnu.o
                0x00000000000004a0                MemManage_Handler
 .text.HardFault_Handler
                0x00000000000004b8       0x18 ./startup_tm4c_gnu.o
                0x00000000000004b8                HardFault_Handler
 .text.BusFault_Handler
                0x00000000000004d0       0x18 ./startup_tm4c_gnu.o
                0x00000000000004d0                BusFault_Handler
 .text.UsageFault_Handler
                0x00000000000004e8       0x1c ./startup_tm4c_gnu.o
                0x00000000000004e8                UsageFault_Handler
 .text.Default_Handler
                0x0000000000000504       0x18 ./startup_tm4c_gnu.o
                0x0000000000000504                uDMAST_IRQHandler
                0x0000000000000504                GPIOPortP4_IRQHandler
                0x0000000000000504                PWM1Gen3_IRQHandler
                0x0000000000000504                WideTimer5B_IRQHandler
                0x0000000000000504                DebugMon_Handler
                0x0000000000000504                QEI2_IRQHandler
                0x0000000000000504                FlashCtrl_IRQHandler
                0x0000000000000504                GPIOPortP7_IRQHandler
                0x0000000000000504                Timer0B_IRQHandler
                0x0000000000000504                I2C0_IRQHandler
                0x0000000000000504                SysTick_Handler
                0x0000000000000504                WideTimer4B_IRQHandler
                0x0000000000000504                PendSV_Handler
                0x0000000000000504                I2C1_IRQHandler
                0x0000000000000504                GPIOPortP5_IRQHandler
                0x0000000000000504                PWMGen0_IRQHandler
                0x0000000000000504                UART1_IRQHandler
                0x0000000000000504                CAN1_IRQHandler
                0x0000000000000504                Timer1B_IRQHandler
                0x0000000000000504                Watchdog_IRQHandler
                0x0000000000000504                GPIOPortS_IRQHandler
                0x0000000000000504                GPIOPortQ7_IRQHandler
                0x0000000000000504                PWM1Gen2_IRQHandler
                0x0000000000000504                UART0_IRQHandler
                0x0000000000000504                GPIOPortL_IRQHandler
                0x0000000000000504                SSI0_IRQHandler
                0x0000000000000504                GPIOPortM_IRQHandler
                0x0000000000000504                FPU_IRQHandler
                0x0000000000000504                ADCSeq1_IRQHandler
                0x0000000000000504                GPIOPortP0_IRQHandler
                0x0000000000000504                WideTimer0B_IRQHandler
                0x0000000000000504                PWMFault_IRQHandler
                0x0000000000000504                WideTimer1A_IRQHandler
                0x0000000000000504                I2C4_IRQHandler
                0x0000000000000504                I2C5_IRQHandler
                0x0000000000000504                GPIOPortQ5_IRQHandler
                0x0000000000000504                PWMGen1_IRQHandler
                0x0000000000000504                SSI1_IRQHandler
                0x0000000000000504                I2C2_IRQHandler
                0x0000000000000504                GPIOPortC_IRQHandler
                0x0000000000000504                UART5_IRQHandler
                0x0000000000000504                GPIOPortK_IRQHandler
                0x0000000000000504                ADCSeq2_IRQHandler
                0x0000000000000504                PWMGen2_IRQHandler
                0x0000000000000504                UART2_IRQHandler
                0x0000000000000504                GPIOPortP3_IRQHandler
                0x0000000000000504                ADC1Seq0_IRQHandler
                0x0000000000000504                UART4_IRQHandler
                0x0000000000000504                GPIOPortJ_IRQHandler
                0x0000000000000504                Default_Handler
                0x0000000000000504                WideTimer0A_IRQHandler
                0x0000000000000504                Timer5A_IRQHandler
                0x0000000000000504                WideTimer3B_IRQHandler
                0x0000000000000504                WideTimer2B_IRQHandler
                0x0000000000000504                WideTimer5A_IRQHandler
                0x0000000000000504                Timer4A_IRQHandler
                0x0000000000000504                QEI1_IRQHandler
                0x0000000000000504                PWM1Fault_IRQHandler
                0x0000000000000504                GPIOPortP6_IRQHandler
                0x0000000000000504                QEI0_IRQHandler
                0x0000000000000504                ADC1Seq2_IRQHandler
                0x0000000000000504                ADC1Seq1_IRQHandler
                0x0000000000000504                PWMGen3_IRQHandler
                0x0000000000000504                GPIOPortD_IRQHandler
                0x0000000000000504                USB0_IRQHandler
                0x0000000000000504                I2C3_IRQHandler
                0x0000000000000504                SVC_Handler
                0x0000000000000504                GPIOPortP2_IRQHandler
                0x0000000000000504                GPIOPortQ4_IRQHandler
                0x0000000000000504                Timer3B_IRQHandler
                0x0000000000000504                Timer3A_IRQHandler
                0x0000000000000504                GPIOPortA_IRQHandler
                0x0000000000000504                ADC1Seq3_IRQHandler
                0x0000000000000504                Timer0A_IRQHandler
                0x0000000000000504                GPIOPortP1_IRQHandler
                0x0000000000000504                ADCSeq0_IRQHandler
                0x0000000000000504                Timer1A_IRQHandler
                0x0000000000000504                GPIOPortG_IRQHandler
                0x0000000000000504                GPIOPortQ1_IRQHandler
                0x0000000000000504                GPIOPortQ3_IRQHandler
                0x0000000000000504                Timer5B_IRQHandler
                0x0000000000000504                ADCSeq3_IRQHandler
                0x0000000000000504                WideTimer4A_IRQHandler
                0x0000000000000504                GPIOPortE_IRQHandler
                0x0000000000000504                CAN0_IRQHandler
                0x0000000000000504                GPIOPortQ0_IRQHandler
                0x0000000000000504                Comp0_IRQHandler
                0x0000000000000504                Comp1_IRQHandler
                0x0000000000000504                Comp2_IRQHandler
                0x0000000000000504                GPIOPortQ6_IRQHandler
                0x0000000000000504                SSI2_IRQHandler
                0x0000000000000504                PWM1Gen0_IRQHandler
                0x0000000000000504                GPIOPortF_IRQHandler
                0x0000000000000504                UART7_IRQHandler
                0x0000000000000504                UART6_IRQHandler
                0x0000000000000504                WideTimer2A_IRQHandler
                0x0000000000000504                GPIOPortB_IRQHandler
                0x0000000000000504                WideTimer3A_IRQHandler
                0x0000000000000504                CAN2_IRQHandler
                0x0000000000000504                WideTimer1B_IRQHandler
                0x0000000000000504                GPIOPortH_IRQHandler
                0x0000000000000504                GPIOPortQ2_IRQHandler
                0x0000000000000504                GPIOPortR_IRQHandler
                0x0000000000000504                Timer4B_IRQHandler
                0x0000000000000504                Timer2A_IRQHandler
                0x0000000000000504                SSI3_IRQHandler
                0x0000000000000504                Timer2B_IRQHandler
                0x0000000000000504                uDMAError_IRQHandler
                0x0000000000000504                GPIOPortN_IRQHandler
                0x0000000000000504                UART3_IRQHandler
                0x0000000000000504                SysCtrl_IRQHandler
                0x0000000000000504                Hibernate_IRQHandler
                0x0000000000000504                PWM1Gen1_IRQHandler
 .text.Reset_Handler
                0x000000000000051c       0x60 ./startup_tm4c_gnu.o
                0x000000000000051c                Reset_Handler
 .text.assert_failed
                0x000000000000057c       0x24 ./uart.o
                0x000000000000057c                assert_failed
 .text.UART_Init
                0x00000000000005a0       0x78 ./uart.o
                0x00000000000005a0                UART_Init
 .text.UART_InChar
                0x0000000000000618       0x1c ./uart.o
                0x0000000000000618                UART_InChar
 .text.UART_OutChar
                0x0000000000000634       0x18 ./uart.o
                0x0000000000000634                UART_OutChar
 .text.UART_InCharNonBlocking
                0x000000000000064c       0x20 ./uart.o
                0x000000000000064c                UART_InCharNonBlocking
 .text.exit     0x000000000000066c       0x20 /home/khaled/ti/ccsv8/tools/compiler/gcc-arm-none-eabi-7-2017-q4-major/bin/../lib/gcc/arm-none-eabi/7.2.1/../../../../arm-none-eabi/lib/thumb/v7e-m/fpv4-sp/hard/libc.a(lib_a-exit.o)
                0x000000000000066c                exit
 .text.__libc_init_array
                0x000000000000068c       0x48 /home/khaled/ti/ccsv8/tools/compiler/gcc-arm-none-eabi-7-2017-q4-major/bin/../lib/gcc/arm-none-eabi/7.2.1/../../../../arm-none-eabi/lib/thumb/v7e-m/fpv4-sp/hard/libc.a(lib_a-init.o)
                0x000000000000068c                __libc_init_array
 .text.malloc   0x00000000000006d4       0x10 /home/khaled/ti/ccsv8/tools/compiler/gcc-arm-none-eabi-7-2017-q4-major/bin/../lib/gcc/arm-none-eabi/7.2.1/../../../../arm-none-eabi/lib/thumb/v7e-m/fpv4-sp/hard/libc.a(lib_a-malloc.o)
                0x00000000000006d4                malloc
 .text.free     0x00000000000006e4       0x10 /home/khaled/ti/ccsv8/tools/compiler/gcc-arm-none-eabi-7-2017-q4-major/bin/../lib/gcc/arm-none-eabi/7.2.1/../../../../arm-none-eabi/lib/thumb/v7e-m/fpv4-sp/hard/libc.a(lib_a-malloc.o)
                0x00000000000006e4                free
 .text._malloc_r
                0x00000000000006f4      0x548 /home/khaled/ti/ccsv8/tools/compiler/gcc-arm-none-eabi-7-2017-q4-major/bin/../lib/gcc/arm-none-eabi/7.2.1/../../../../arm-none-eabi/lib/thumb/v7e-m/fpv4-sp/hard/libc.a(lib_a-mallocr.o)
                0x00000000000006f4                _malloc_r
 .text.memset   0x0000000000000c3c       0x94 /home/khaled/ti/ccsv8/tools/compiler/gcc-arm-none-eabi-7-2017-q4-major/bin/../lib/gcc/arm-none-eabi/7.2.1/../../../../arm-none-eabi/lib/thumb/v7e-m/fpv4-sp/hard/libc.a(lib_a-memset.o)
                0x0000000000000c3c                memset
 .text.__malloc_lock
                0x0000000000000cd0        0xc /home/khaled/ti/ccsv8/tools/compiler/gcc-arm-none-eabi-7-2017-q4-major/bin/../lib/gcc/arm-none-eabi/7.2.1/../../../../arm-none-eabi/lib/thumb/v7e-m/fpv4-sp/hard/libc.a(lib_a-mlock.o)
                0x0000000000000cd0                __malloc_lock
 .text.__malloc_unlock
                0x0000000000000cdc        0xc /home/khaled/ti/ccsv8/tools/compiler/gcc-arm-none-eabi-7-2017-q4-major/bin/../lib/gcc/arm-none-eabi/7.2.1/../../../../arm-none-eabi/lib/thumb/v7e-m/fpv4-sp/hard/libc.a(lib_a-mlock.o)
                0x0000000000000cdc                __malloc_unlock
 .text.realloc  0x0000000000000ce8       0x10 /home/khaled/ti/ccsv8/tools/compiler/gcc-arm-none-eabi-7-2017-q4-major/bin/../lib/gcc/arm-none-eabi/7.2.1/../../../../arm-none-eabi/lib/thumb/v7e-m/fpv4-sp/hard/libc.a(lib_a-realloc.o)
                0x0000000000000ce8                realloc
 .text._realloc_r
                0x0000000000000cf8      0x35c /home/khaled/ti/ccsv8/tools/compiler/gcc-arm-none-eabi-7-2017-q4-major/bin/../lib/gcc/arm-none-eabi/7.2.1/../../../../arm-none-eabi/lib/thumb/v7e-m/fpv4-sp/hard/libc.a(lib_a-reallocr.o)
                0x0000000000000cf8                _realloc_r
 .text._sbrk_r  0x0000000000001054       0x24 /home/khaled/ti/ccsv8/tools/compiler/gcc-arm-none-eabi-7-2017-q4-major/bin/../lib/gcc/arm-none-eabi/7.2.1/../../../../arm-none-eabi/lib/thumb/v7e-m/fpv4-sp/hard/libc.a(lib_a-sbrkr.o)
                0x0000000000001054                _sbrk_r
 .text.startup.register_fini
                0x0000000000001078       0x14 /home/khaled/ti/ccsv8/tools/compiler/gcc-arm-none-eabi-7-2017-q4-major/bin/../lib/gcc/arm-none-eabi/7.2.1/../../../../arm-none-eabi/lib/thumb/v7e-m/fpv4-sp/hard/libc.a(lib_a-__call_atexit.o)
 .text.__call_exitprocs
                0x000000000000108c       0xe8 /home/khaled/ti/ccsv8/tools/compiler/gcc-arm-none-eabi-7-2017-q4-major/bin/../lib/gcc/arm-none-eabi/7.2.1/../../../../arm-none-eabi/lib/thumb/v7e-m/fpv4-sp/hard/libc.a(lib_a-__call_atexit.o)
                0x000000000000108c                __call_exitprocs
 .text.atexit   0x0000000000001174        0xc /home/khaled/ti/ccsv8/tools/compiler/gcc-arm-none-eabi-7-2017-q4-major/bin/../lib/gcc/arm-none-eabi/7.2.1/../../../../arm-none-eabi/lib/thumb/v7e-m/fpv4-sp/hard/libc.a(lib_a-atexit.o)
                0x0000000000001174                atexit
 .text.__libc_fini_array
                0x0000000000001180       0x34 /home/khaled/ti/ccsv8/tools/compiler/gcc-arm-none-eabi-7-2017-q4-major/bin/../lib/gcc/arm-none-eabi/7.2.1/../../../../arm-none-eabi/lib/thumb/v7e-m/fpv4-sp/hard/libc.a(lib_a-fini.o)
                0x0000000000001180                __libc_fini_array
 .text._malloc_trim_r
                0x00000000000011b4       0xa0 /home/khaled/ti/ccsv8/tools/compiler/gcc-arm-none-eabi-7-2017-q4-major/bin/../lib/gcc/arm-none-eabi/7.2.1/../../../../arm-none-eabi/lib/thumb/v7e-m/fpv4-sp/hard/libc.a(lib_a-freer.o)
                0x00000000000011b4                _malloc_trim_r
 .text._free_r  0x0000000000001254      0x1e8 /home/khaled/ti/ccsv8/tools/compiler/gcc-arm-none-eabi-7-2017-q4-major/bin/../lib/gcc/arm-none-eabi/7.2.1/../../../../arm-none-eabi/lib/thumb/v7e-m/fpv4-sp/hard/libc.a(lib_a-freer.o)
                0x0000000000001254                _free_r
 .text.__retarget_lock_init
                0x000000000000143c        0x4 /home/khaled/ti/ccsv8/tools/compiler/gcc-arm-none-eabi-7-2017-q4-major/bin/../lib/gcc/arm-none-eabi/7.2.1/../../../../arm-none-eabi/lib/thumb/v7e-m/fpv4-sp/hard/libc.a(lib_a-lock.o)
                0x000000000000143c                __retarget_lock_init
 .text.__retarget_lock_init_recursive
                0x0000000000001440        0x4 /home/khaled/ti/ccsv8/tools/compiler/gcc-arm-none-eabi-7-2017-q4-major/bin/../lib/gcc/arm-none-eabi/7.2.1/../../../../arm-none-eabi/lib/thumb/v7e-m/fpv4-sp/hard/libc.a(lib_a-lock.o)
                0x0000000000001440                __retarget_lock_init_recursive
 .text.__retarget_lock_close
                0x0000000000001444        0x4 /home/khaled/ti/ccsv8/tools/compiler/gcc-arm-none-eabi-7-2017-q4-major/bin/../lib/gcc/arm-none-eabi/7.2.1/../../../../arm-none-eabi/lib/thumb/v7e-m/fpv4-sp/hard/libc.a(lib_a-lock.o)
                0x0000000000001444                __retarget_lock_close
 .text.__retarget_lock_close_recursive
                0x0000000000001448        0x4 /home/khaled/ti/ccsv8/tools/compiler/gcc-arm-none-eabi-7-2017-q4-major/bin/../lib/gcc/arm-none-eabi/7.2.1/../../../../arm-none-eabi/lib/thumb/v7e-m/fpv4-sp/hard/libc.a(lib_a-lock.o)
                0x0000000000001448                __retarget_lock_close_recursive
 .text.__retarget_lock_acquire
                0x000000000000144c        0x4 /home/khaled/ti/ccsv8/tools/compiler/gcc-arm-none-eabi-7-2017-q4-major/bin/../lib/gcc/arm-none-eabi/7.2.1/../../../../arm-none-eabi/lib/thumb/v7e-m/fpv4-sp/hard/libc.a(lib_a-lock.o)
                0x000000000000144c                __retarget_lock_acquire
 .text.__retarget_lock_acquire_recursive
                0x0000000000001450        0x4 /home/khaled/ti/ccsv8/tools/compiler/gcc-arm-none-eabi-7-2017-q4-major/bin/../lib/gcc/arm-none-eabi/7.2.1/../../../../arm-none-eabi/lib/thumb/v7e-m/fpv4-sp/hard/libc.a(lib_a-lock.o)
                0x0000000000001450                __retarget_lock_acquire_recursive
 .text.__retarget_lock_try_acquire
                0x0000000000001454        0x4 /home/khaled/ti/ccsv8/tools/compiler/gcc-arm-none-eabi-7-2017-q4-major/bin/../lib/gcc/arm-none-eabi/7.2.1/../../../../arm-none-eabi/lib/thumb/v7e-m/fpv4-sp/hard/libc.a(lib_a-lock.o)
                0x0000000000001454                __retarget_lock_try_acquire
 .text.__retarget_lock_try_acquire_recursive
                0x0000000000001458        0x4 /home/khaled/ti/ccsv8/tools/compiler/gcc-arm-none-eabi-7-2017-q4-major/bin/../lib/gcc/arm-none-eabi/7.2.1/../../../../arm-none-eabi/lib/thumb/v7e-m/fpv4-sp/hard/libc.a(lib_a-lock.o)
                0x0000000000001458                __retarget_lock_try_acquire_recursive
 .text.__retarget_lock_release
                0x000000000000145c        0x4 /home/khaled/ti/ccsv8/tools/compiler/gcc-arm-none-eabi-7-2017-q4-major/bin/../lib/gcc/arm-none-eabi/7.2.1/../../../../arm-none-eabi/lib/thumb/v7e-m/fpv4-sp/hard/libc.a(lib_a-lock.o)
                0x000000000000145c                __retarget_lock_release
 .text.__retarget_lock_release_recursive
                0x0000000000001460        0x4 /home/khaled/ti/ccsv8/tools/compiler/gcc-arm-none-eabi-7-2017-q4-major/bin/../lib/gcc/arm-none-eabi/7.2.1/../../../../arm-none-eabi/lib/thumb/v7e-m/fpv4-sp/hard/libc.a(lib_a-lock.o)
                0x0000000000001460                __retarget_lock_release_recursive
 .text.memmove  0x0000000000001464       0xc8 /home/khaled/ti/ccsv8/tools/compiler/gcc-arm-none-eabi-7-2017-q4-major/bin/../lib/gcc/arm-none-eabi/7.2.1/../../../../arm-none-eabi/lib/thumb/v7e-m/fpv4-sp/hard/libc.a(lib_a-memmove.o)
                0x0000000000001464                memmove
 .text.cleanup_glue
                0x000000000000152c       0x28 /home/khaled/ti/ccsv8/tools/compiler/gcc-arm-none-eabi-7-2017-q4-major/bin/../lib/gcc/arm-none-eabi/7.2.1/../../../../arm-none-eabi/lib/thumb/v7e-m/fpv4-sp/hard/libc.a(lib_a-reent.o)
                0x000000000000152c                cleanup_glue
 .text._reclaim_reent
                0x0000000000001554       0x88 /home/khaled/ti/ccsv8/tools/compiler/gcc-arm-none-eabi-7-2017-q4-major/bin/../lib/gcc/arm-none-eabi/7.2.1/../../../../arm-none-eabi/lib/thumb/v7e-m/fpv4-sp/hard/libc.a(lib_a-reent.o)
                0x0000000000001554                _reclaim_reent
 .text.__register_exitproc
                0x00000000000015dc       0xc0 /home/khaled/ti/ccsv8/tools/compiler/gcc-arm-none-eabi-7-2017-q4-major/bin/../lib/gcc/arm-none-eabi/7.2.1/../../../../arm-none-eabi/lib/thumb/v7e-m/fpv4-sp/hard/libc.a(lib_a-__atexit.o)
                0x00000000000015dc                __register_exitproc
 .text._sbrk    0x000000000000169c       0x1c /home/khaled/ti/ccsv8/tools/compiler/gcc-arm-none-eabi-7-2017-q4-major/bin/../lib/gcc/arm-none-eabi/7.2.1/../../../../arm-none-eabi/lib/thumb/v7e-m/fpv4-sp/hard/libnosys.a(sbrk.o)
                0x000000000000169c                _sbrk
 .text._exit    0x00000000000016b8        0x4 /home/khaled/ti/ccsv8/tools/compiler/gcc-arm-none-eabi-7-2017-q4-major/bin/../lib/gcc/arm-none-eabi/7.2.1/../../../../arm-none-eabi/lib/thumb/v7e-m/fpv4-sp/hard/libnosys.a(_exit.o)
                0x00000000000016b8                _exit
 *(.rodata)
 *(.rodata*)
 .rodata.main.str1.4
                0x00000000000016bc       0x34 ./main.o
 .rodata.Reset_Handler.str1.4
                0x00000000000016f0       0x10 ./startup_tm4c_gnu.o
                                          0xe (size before relaxing)
 .rodata._global_impure_ptr
                0x0000000000001700        0x4 /home/khaled/ti/ccsv8/tools/compiler/gcc-arm-none-eabi-7-2017-q4-major/bin/../lib/gcc/arm-none-eabi/7.2.1/../../../../arm-none-eabi/lib/thumb/v7e-m/fpv4-sp/hard/libc.a(lib_a-impure.o)
                0x0000000000001700                _global_impure_ptr
 *(.init)
 .init          0x0000000000001704        0x4 /home/khaled/ti/ccsv8/tools/compiler/gcc-arm-none-eabi-7-2017-q4-major/bin/../lib/gcc/arm-none-eabi/7.2.1/thumb/v7e-m/fpv4-sp/hard/crti.o
                0x0000000000001704                _init
 .init          0x0000000000001708        0x8 /home/khaled/ti/ccsv8/tools/compiler/gcc-arm-none-eabi-7-2017-q4-major/bin/../lib/gcc/arm-none-eabi/7.2.1/thumb/v7e-m/fpv4-sp/hard/crtn.o
 *(.fini)
 .fini          0x0000000000001710        0x4 /home/khaled/ti/ccsv8/tools/compiler/gcc-arm-none-eabi-7-2017-q4-major/bin/../lib/gcc/arm-none-eabi/7.2.1/thumb/v7e-m/fpv4-sp/hard/crti.o
                0x0000000000001710                _fini
 .fini          0x0000000000001714        0x8 /home/khaled/ti/ccsv8/tools/compiler/gcc-arm-none-eabi-7-2017-q4-major/bin/../lib/gcc/arm-none-eabi/7.2.1/thumb/v7e-m/fpv4-sp/hard/crtn.o
                0x000000000000171c                . = ALIGN (0x4)

.glue_7         0x000000000000171c        0x0
 .glue_7        0x000000000000171c        0x0 linker stubs

.glue_7t        0x000000000000171c        0x0
 .glue_7t       0x000000000000171c        0x0 linker stubs

.vfp11_veneer   0x000000000000171c        0x0
 .vfp11_veneer  0x000000000000171c        0x0 linker stubs

.v4_bx          0x000000000000171c        0x0
 .v4_bx         0x000000000000171c        0x0 linker stubs

.iplt           0x000000000000171c        0x0
 .iplt          0x000000000000171c        0x0 /home/khaled/ti/ccsv8/tools/compiler/gcc-arm-none-eabi-7-2017-q4-major/bin/../lib/gcc/arm-none-eabi/7.2.1/thumb/v7e-m/fpv4-sp/hard/crtbegin.o

.rel.dyn        0x000000000000171c        0x0
 .rel.iplt      0x000000000000171c        0x0 /home/khaled/ti/ccsv8/tools/compiler/gcc-arm-none-eabi-7-2017-q4-major/bin/../lib/gcc/arm-none-eabi/7.2.1/thumb/v7e-m/fpv4-sp/hard/crtbegin.o

.preinit_array  0x000000000000171c        0x0
                0x000000000000171c                PROVIDE (__preinit_array_start, .)
 *(.preinit_array*)
                0x000000000000171c                PROVIDE (__preinit_array_end, .)

.init_array     0x000000000000171c        0x8
                0x000000000000171c                PROVIDE (__init_array_start, .)
 *(SORT_BY_NAME(.init_array.*))
 .init_array.00000
                0x000000000000171c        0x4 /home/khaled/ti/ccsv8/tools/compiler/gcc-arm-none-eabi-7-2017-q4-major/bin/../lib/gcc/arm-none-eabi/7.2.1/../../../../arm-none-eabi/lib/thumb/v7e-m/fpv4-sp/hard/libc.a(lib_a-__call_atexit.o)
 *(.init_array*)
 .init_array    0x0000000000001720        0x4 /home/khaled/ti/ccsv8/tools/compiler/gcc-arm-none-eabi-7-2017-q4-major/bin/../lib/gcc/arm-none-eabi/7.2.1/thumb/v7e-m/fpv4-sp/hard/crtbegin.o
                0x0000000000001724                PROVIDE (__init_array_end, .)

.fini_array     0x0000000000001724        0x4
                0x0000000000001724                PROVIDE (__fini_array_start, .)
 *(.fini_array*)
 .fini_array    0x0000000000001724        0x4 /home/khaled/ti/ccsv8/tools/compiler/gcc-arm-none-eabi-7-2017-q4-major/bin/../lib/gcc/arm-none-eabi/7.2.1/thumb/v7e-m/fpv4-sp/hard/crtbegin.o
 *(SORT_BY_NAME(.fini_array.*))
                0x0000000000001728                PROVIDE (__fini_array_end, .)
                0x0000000000001728                _etext = .

.stack          0x0000000020000000      0x200
                0x0000000020000000                __stack_start__ = .
                0x0000000020000200                . = (. + STACK_SIZE)
 *fill*         0x0000000020000000      0x200 
                0x0000000020000200                . = ALIGN (0x4)
                0x0000000020000200                __stack_end__ = .

.data           0x0000000020000200      0x844 load address 0x0000000000001728
                0x0000000000001728                __data_load = LOADADDR (.data)
                0x0000000020000200                __data_start = .
 *(.data)
 .data          0x0000000020000200        0x0 /home/khaled/ti/ccsv8/tools/compiler/gcc-arm-none-eabi-7-2017-q4-major/bin/../lib/gcc/arm-none-eabi/7.2.1/thumb/v7e-m/fpv4-sp/hard/crti.o
 .data          0x0000000020000200        0x4 /home/khaled/ti/ccsv8/tools/compiler/gcc-arm-none-eabi-7-2017-q4-major/bin/../lib/gcc/arm-none-eabi/7.2.1/thumb/v7e-m/fpv4-sp/hard/crtbegin.o
                0x0000000020000200                __dso_handle
 .data          0x0000000020000204        0x0 /home/khaled/ti/ccsv8/tools/compiler/gcc-arm-none-eabi-7-2017-q4-major/bin/../lib/gcc/arm-none-eabi/7.2.1/../../../../arm-none-eabi/lib/thumb/v7e-m/fpv4-sp/hard/crt0.o
 .data          0x0000000020000204        0x0 ./main.o
 .data          0x0000000020000204        0x0 ./startup_tm4c_gnu.o
 .data          0x0000000020000204        0x0 ./uart.o
 .data          0x0000000020000204        0x0 /home/khaled/ti/ccsv8/tools/compiler/gcc-arm-none-eabi-7-2017-q4-major/bin/../lib/gcc/arm-none-eabi/7.2.1/../../../../arm-none-eabi/lib/thumb/v7e-m/fpv4-sp/hard/libc.a(lib_a-exit.o)
 .data          0x0000000020000204        0x0 /home/khaled/ti/ccsv8/tools/compiler/gcc-arm-none-eabi-7-2017-q4-major/bin/../lib/gcc/arm-none-eabi/7.2.1/../../../../arm-none-eabi/lib/thumb/v7e-m/fpv4-sp/hard/libc.a(lib_a-impure.o)
 .data          0x0000000020000204        0x0 /home/khaled/ti/ccsv8/tools/compiler/gcc-arm-none-eabi-7-2017-q4-major/bin/../lib/gcc/arm-none-eabi/7.2.1/../../../../arm-none-eabi/lib/thumb/v7e-m/fpv4-sp/hard/libc.a(lib_a-init.o)
 .data          0x0000000020000204        0x0 /home/khaled/ti/ccsv8/tools/compiler/gcc-arm-none-eabi-7-2017-q4-major/bin/../lib/gcc/arm-none-eabi/7.2.1/../../../../arm-none-eabi/lib/thumb/v7e-m/fpv4-sp/hard/libc.a(lib_a-malloc.o)
 .data          0x0000000020000204        0x0 /home/khaled/ti/ccsv8/tools/compiler/gcc-arm-none-eabi-7-2017-q4-major/bin/../lib/gcc/arm-none-eabi/7.2.1/../../../../arm-none-eabi/lib/thumb/v7e-m/fpv4-sp/hard/libc.a(lib_a-mallocr.o)
 .data          0x0000000020000204        0x0 /home/khaled/ti/ccsv8/tools/compiler/gcc-arm-none-eabi-7-2017-q4-major/bin/../lib/gcc/arm-none-eabi/7.2.1/../../../../arm-none-eabi/lib/thumb/v7e-m/fpv4-sp/hard/libc.a(lib_a-memset.o)
 .data          0x0000000020000204        0x0 /home/khaled/ti/ccsv8/tools/compiler/gcc-arm-none-eabi-7-2017-q4-major/bin/../lib/gcc/arm-none-eabi/7.2.1/../../../../arm-none-eabi/lib/thumb/v7e-m/fpv4-sp/hard/libc.a(lib_a-mlock.o)
 .data          0x0000000020000204        0x0 /home/khaled/ti/ccsv8/tools/compiler/gcc-arm-none-eabi-7-2017-q4-major/bin/../lib/gcc/arm-none-eabi/7.2.1/../../../../arm-none-eabi/lib/thumb/v7e-m/fpv4-sp/hard/libc.a(lib_a-realloc.o)
 .data          0x0000000020000204        0x0 /home/khaled/ti/ccsv8/tools/compiler/gcc-arm-none-eabi-7-2017-q4-major/bin/../lib/gcc/arm-none-eabi/7.2.1/../../../../arm-none-eabi/lib/thumb/v7e-m/fpv4-sp/hard/libc.a(lib_a-reallocr.o)
 .data          0x0000000020000204        0x0 /home/khaled/ti/ccsv8/tools/compiler/gcc-arm-none-eabi-7-2017-q4-major/bin/../lib/gcc/arm-none-eabi/7.2.1/../../../../arm-none-eabi/lib/thumb/v7e-m/fpv4-sp/hard/libc.a(lib_a-sbrkr.o)
 .data          0x0000000020000204        0x0 /home/khaled/ti/ccsv8/tools/compiler/gcc-arm-none-eabi-7-2017-q4-major/bin/../lib/gcc/arm-none-eabi/7.2.1/../../../../arm-none-eabi/lib/thumb/v7e-m/fpv4-sp/hard/libc.a(lib_a-__call_atexit.o)
 .data          0x0000000020000204        0x0 /home/khaled/ti/ccsv8/tools/compiler/gcc-arm-none-eabi-7-2017-q4-major/bin/../lib/gcc/arm-none-eabi/7.2.1/../../../../arm-none-eabi/lib/thumb/v7e-m/fpv4-sp/hard/libc.a(lib_a-atexit.o)
 .data          0x0000000020000204        0x0 /home/khaled/ti/ccsv8/tools/compiler/gcc-arm-none-eabi-7-2017-q4-major/bin/../lib/gcc/arm-none-eabi/7.2.1/../../../../arm-none-eabi/lib/thumb/v7e-m/fpv4-sp/hard/libc.a(lib_a-fini.o)
 .data          0x0000000020000204        0x0 /home/khaled/ti/ccsv8/tools/compiler/gcc-arm-none-eabi-7-2017-q4-major/bin/../lib/gcc/arm-none-eabi/7.2.1/../../../../arm-none-eabi/lib/thumb/v7e-m/fpv4-sp/hard/libc.a(lib_a-freer.o)
 .data          0x0000000020000204        0x0 /home/khaled/ti/ccsv8/tools/compiler/gcc-arm-none-eabi-7-2017-q4-major/bin/../lib/gcc/arm-none-eabi/7.2.1/../../../../arm-none-eabi/lib/thumb/v7e-m/fpv4-sp/hard/libc.a(lib_a-lock.o)
 .data          0x0000000020000204        0x0 /home/khaled/ti/ccsv8/tools/compiler/gcc-arm-none-eabi-7-2017-q4-major/bin/../lib/gcc/arm-none-eabi/7.2.1/../../../../arm-none-eabi/lib/thumb/v7e-m/fpv4-sp/hard/libc.a(lib_a-memmove.o)
 .data          0x0000000020000204        0x0 /home/khaled/ti/ccsv8/tools/compiler/gcc-arm-none-eabi-7-2017-q4-major/bin/../lib/gcc/arm-none-eabi/7.2.1/../../../../arm-none-eabi/lib/thumb/v7e-m/fpv4-sp/hard/libc.a(lib_a-reent.o)
 .data          0x0000000020000204        0x0 /home/khaled/ti/ccsv8/tools/compiler/gcc-arm-none-eabi-7-2017-q4-major/bin/../lib/gcc/arm-none-eabi/7.2.1/../../../../arm-none-eabi/lib/thumb/v7e-m/fpv4-sp/hard/libc.a(lib_a-__atexit.o)
 .data          0x0000000020000204        0x0 /home/khaled/ti/ccsv8/tools/compiler/gcc-arm-none-eabi-7-2017-q4-major/bin/../lib/gcc/arm-none-eabi/7.2.1/../../../../arm-none-eabi/lib/thumb/v7e-m/fpv4-sp/hard/libnosys.a(sbrk.o)
 .data          0x0000000020000204        0x0 /home/khaled/ti/ccsv8/tools/compiler/gcc-arm-none-eabi-7-2017-q4-major/bin/../lib/gcc/arm-none-eabi/7.2.1/../../../../arm-none-eabi/lib/thumb/v7e-m/fpv4-sp/hard/libnosys.a(_exit.o)
 .data          0x0000000020000204        0x0 /home/khaled/ti/ccsv8/tools/compiler/gcc-arm-none-eabi-7-2017-q4-major/bin/../lib/gcc/arm-none-eabi/7.2.1/thumb/v7e-m/fpv4-sp/hard/crtend.o
 .data          0x0000000020000204        0x0 /home/khaled/ti/ccsv8/tools/compiler/gcc-arm-none-eabi-7-2017-q4-major/bin/../lib/gcc/arm-none-eabi/7.2.1/thumb/v7e-m/fpv4-sp/hard/crtn.o
 *(.data*)
 .data._impure_ptr
                0x0000000020000204        0x4 /home/khaled/ti/ccsv8/tools/compiler/gcc-arm-none-eabi-7-2017-q4-major/bin/../lib/gcc/arm-none-eabi/7.2.1/../../../../arm-none-eabi/lib/thumb/v7e-m/fpv4-sp/hard/libc.a(lib_a-impure.o)
                0x0000000020000204                _impure_ptr
 .data.impure_data
                0x0000000020000208      0x428 /home/khaled/ti/ccsv8/tools/compiler/gcc-arm-none-eabi-7-2017-q4-major/bin/../lib/gcc/arm-none-eabi/7.2.1/../../../../arm-none-eabi/lib/thumb/v7e-m/fpv4-sp/hard/libc.a(lib_a-impure.o)
 .data.__malloc_av_
                0x0000000020000630      0x408 /home/khaled/ti/ccsv8/tools/compiler/gcc-arm-none-eabi-7-2017-q4-major/bin/../lib/gcc/arm-none-eabi/7.2.1/../../../../arm-none-eabi/lib/thumb/v7e-m/fpv4-sp/hard/libc.a(lib_a-mallocr.o)
                0x0000000020000630                __malloc_av_
 .data.__malloc_sbrk_base
                0x0000000020000a38        0x4 /home/khaled/ti/ccsv8/tools/compiler/gcc-arm-none-eabi-7-2017-q4-major/bin/../lib/gcc/arm-none-eabi/7.2.1/../../../../arm-none-eabi/lib/thumb/v7e-m/fpv4-sp/hard/libc.a(lib_a-mallocr.o)
                0x0000000020000a38                __malloc_sbrk_base
 .data.__malloc_trim_threshold
                0x0000000020000a3c        0x4 /home/khaled/ti/ccsv8/tools/compiler/gcc-arm-none-eabi-7-2017-q4-major/bin/../lib/gcc/arm-none-eabi/7.2.1/../../../../arm-none-eabi/lib/thumb/v7e-m/fpv4-sp/hard/libc.a(lib_a-mallocr.o)
                0x0000000020000a3c                __malloc_trim_threshold
 .data.__atexit_recursive_mutex
                0x0000000020000a40        0x4 /home/khaled/ti/ccsv8/tools/compiler/gcc-arm-none-eabi-7-2017-q4-major/bin/../lib/gcc/arm-none-eabi/7.2.1/../../../../arm-none-eabi/lib/thumb/v7e-m/fpv4-sp/hard/libc.a(lib_a-__call_atexit.o)
                0x0000000020000a40                __atexit_recursive_mutex
                0x0000000020000a44                . = ALIGN (0x4)
                0x0000000020000a44                __data_end__ = .
                0x0000000020000a44                _edata = __data_end__

.igot.plt       0x0000000020000a44        0x0 load address 0x0000000000001f6c
 .igot.plt      0x0000000020000a44        0x0 /home/khaled/ti/ccsv8/tools/compiler/gcc-arm-none-eabi-7-2017-q4-major/bin/../lib/gcc/arm-none-eabi/7.2.1/thumb/v7e-m/fpv4-sp/hard/crtbegin.o

.bss            0x0000000020000a44       0x7c load address 0x0000000000001f6c
                0x0000000020000a44                __bss_start__ = .
 *(.bss)
 .bss           0x0000000020000a44        0x0 /home/khaled/ti/ccsv8/tools/compiler/gcc-arm-none-eabi-7-2017-q4-major/bin/../lib/gcc/arm-none-eabi/7.2.1/thumb/v7e-m/fpv4-sp/hard/crti.o
 .bss           0x0000000020000a44       0x1c /home/khaled/ti/ccsv8/tools/compiler/gcc-arm-none-eabi-7-2017-q4-major/bin/../lib/gcc/arm-none-eabi/7.2.1/thumb/v7e-m/fpv4-sp/hard/crtbegin.o
 .bss           0x0000000020000a60        0x0 /home/khaled/ti/ccsv8/tools/compiler/gcc-arm-none-eabi-7-2017-q4-major/bin/../lib/gcc/arm-none-eabi/7.2.1/../../../../arm-none-eabi/lib/thumb/v7e-m/fpv4-sp/hard/crt0.o
 .bss           0x0000000020000a60        0x0 ./main.o
 .bss           0x0000000020000a60        0x0 ./startup_tm4c_gnu.o
 .bss           0x0000000020000a60        0x0 ./uart.o
 .bss           0x0000000020000a60        0x0 /home/khaled/ti/ccsv8/tools/compiler/gcc-arm-none-eabi-7-2017-q4-major/bin/../lib/gcc/arm-none-eabi/7.2.1/../../../../arm-none-eabi/lib/thumb/v7e-m/fpv4-sp/hard/libc.a(lib_a-exit.o)
 .bss           0x0000000020000a60        0x0 /home/khaled/ti/ccsv8/tools/compiler/gcc-arm-none-eabi-7-2017-q4-major/bin/../lib/gcc/arm-none-eabi/7.2.1/../../../../arm-none-eabi/lib/thumb/v7e-m/fpv4-sp/hard/libc.a(lib_a-impure.o)
 .bss           0x0000000020000a60        0x0 /home/khaled/ti/ccsv8/tools/compiler/gcc-arm-none-eabi-7-2017-q4-major/bin/../lib/gcc/arm-none-eabi/7.2.1/../../../../arm-none-eabi/lib/thumb/v7e-m/fpv4-sp/hard/libc.a(lib_a-init.o)
 .bss           0x0000000020000a60        0x0 /home/khaled/ti/ccsv8/tools/compiler/gcc-arm-none-eabi-7-2017-q4-major/bin/../lib/gcc/arm-none-eabi/7.2.1/../../../../arm-none-eabi/lib/thumb/v7e-m/fpv4-sp/hard/libc.a(lib_a-malloc.o)
 .bss           0x0000000020000a60        0x0 /home/khaled/ti/ccsv8/tools/compiler/gcc-arm-none-eabi-7-2017-q4-major/bin/../lib/gcc/arm-none-eabi/7.2.1/../../../../arm-none-eabi/lib/thumb/v7e-m/fpv4-sp/hard/libc.a(lib_a-mallocr.o)
 .bss           0x0000000020000a60        0x0 /home/khaled/ti/ccsv8/tools/compiler/gcc-arm-none-eabi-7-2017-q4-major/bin/../lib/gcc/arm-none-eabi/7.2.1/../../../../arm-none-eabi/lib/thumb/v7e-m/fpv4-sp/hard/libc.a(lib_a-memset.o)
 .bss           0x0000000020000a60        0x0 /home/khaled/ti/ccsv8/tools/compiler/gcc-arm-none-eabi-7-2017-q4-major/bin/../lib/gcc/arm-none-eabi/7.2.1/../../../../arm-none-eabi/lib/thumb/v7e-m/fpv4-sp/hard/libc.a(lib_a-mlock.o)
 .bss           0x0000000020000a60        0x0 /home/khaled/ti/ccsv8/tools/compiler/gcc-arm-none-eabi-7-2017-q4-major/bin/../lib/gcc/arm-none-eabi/7.2.1/../../../../arm-none-eabi/lib/thumb/v7e-m/fpv4-sp/hard/libc.a(lib_a-realloc.o)
 .bss           0x0000000020000a60        0x0 /home/khaled/ti/ccsv8/tools/compiler/gcc-arm-none-eabi-7-2017-q4-major/bin/../lib/gcc/arm-none-eabi/7.2.1/../../../../arm-none-eabi/lib/thumb/v7e-m/fpv4-sp/hard/libc.a(lib_a-reallocr.o)
 .bss           0x0000000020000a60        0x0 /home/khaled/ti/ccsv8/tools/compiler/gcc-arm-none-eabi-7-2017-q4-major/bin/../lib/gcc/arm-none-eabi/7.2.1/../../../../arm-none-eabi/lib/thumb/v7e-m/fpv4-sp/hard/libc.a(lib_a-sbrkr.o)
 .bss           0x0000000020000a60        0x0 /home/khaled/ti/ccsv8/tools/compiler/gcc-arm-none-eabi-7-2017-q4-major/bin/../lib/gcc/arm-none-eabi/7.2.1/../../../../arm-none-eabi/lib/thumb/v7e-m/fpv4-sp/hard/libc.a(lib_a-__call_atexit.o)
 .bss           0x0000000020000a60        0x0 /home/khaled/ti/ccsv8/tools/compiler/gcc-arm-none-eabi-7-2017-q4-major/bin/../lib/gcc/arm-none-eabi/7.2.1/../../../../arm-none-eabi/lib/thumb/v7e-m/fpv4-sp/hard/libc.a(lib_a-atexit.o)
 .bss           0x0000000020000a60        0x0 /home/khaled/ti/ccsv8/tools/compiler/gcc-arm-none-eabi-7-2017-q4-major/bin/../lib/gcc/arm-none-eabi/7.2.1/../../../../arm-none-eabi/lib/thumb/v7e-m/fpv4-sp/hard/libc.a(lib_a-fini.o)
 .bss           0x0000000020000a60        0x0 /home/khaled/ti/ccsv8/tools/compiler/gcc-arm-none-eabi-7-2017-q4-major/bin/../lib/gcc/arm-none-eabi/7.2.1/../../../../arm-none-eabi/lib/thumb/v7e-m/fpv4-sp/hard/libc.a(lib_a-freer.o)
 .bss           0x0000000020000a60        0x0 /home/khaled/ti/ccsv8/tools/compiler/gcc-arm-none-eabi-7-2017-q4-major/bin/../lib/gcc/arm-none-eabi/7.2.1/../../../../arm-none-eabi/lib/thumb/v7e-m/fpv4-sp/hard/libc.a(lib_a-lock.o)
 .bss           0x0000000020000a60        0x0 /home/khaled/ti/ccsv8/tools/compiler/gcc-arm-none-eabi-7-2017-q4-major/bin/../lib/gcc/arm-none-eabi/7.2.1/../../../../arm-none-eabi/lib/thumb/v7e-m/fpv4-sp/hard/libc.a(lib_a-memmove.o)
 .bss           0x0000000020000a60        0x0 /home/khaled/ti/ccsv8/tools/compiler/gcc-arm-none-eabi-7-2017-q4-major/bin/../lib/gcc/arm-none-eabi/7.2.1/../../../../arm-none-eabi/lib/thumb/v7e-m/fpv4-sp/hard/libc.a(lib_a-reent.o)
 .bss           0x0000000020000a60        0x0 /home/khaled/ti/ccsv8/tools/compiler/gcc-arm-none-eabi-7-2017-q4-major/bin/../lib/gcc/arm-none-eabi/7.2.1/../../../../arm-none-eabi/lib/thumb/v7e-m/fpv4-sp/hard/libc.a(lib_a-__atexit.o)
 .bss           0x0000000020000a60        0x0 /home/khaled/ti/ccsv8/tools/compiler/gcc-arm-none-eabi-7-2017-q4-major/bin/../lib/gcc/arm-none-eabi/7.2.1/../../../../arm-none-eabi/lib/thumb/v7e-m/fpv4-sp/hard/libnosys.a(sbrk.o)
 .bss           0x0000000020000a60        0x0 /home/khaled/ti/ccsv8/tools/compiler/gcc-arm-none-eabi-7-2017-q4-major/bin/../lib/gcc/arm-none-eabi/7.2.1/../../../../arm-none-eabi/lib/thumb/v7e-m/fpv4-sp/hard/libnosys.a(_exit.o)
 .bss           0x0000000020000a60        0x0 /home/khaled/ti/ccsv8/tools/compiler/gcc-arm-none-eabi-7-2017-q4-major/bin/../lib/gcc/arm-none-eabi/7.2.1/thumb/v7e-m/fpv4-sp/hard/crtend.o
 .bss           0x0000000020000a60        0x0 /home/khaled/ti/ccsv8/tools/compiler/gcc-arm-none-eabi-7-2017-q4-major/bin/../lib/gcc/arm-none-eabi/7.2.1/thumb/v7e-m/fpv4-sp/hard/crtn.o
 *(.bss*)
 .bss.__malloc_current_mallinfo
                0x0000000020000a60       0x28 /home/khaled/ti/ccsv8/tools/compiler/gcc-arm-none-eabi-7-2017-q4-major/bin/../lib/gcc/arm-none-eabi/7.2.1/../../../../arm-none-eabi/lib/thumb/v7e-m/fpv4-sp/hard/libc.a(lib_a-mallocr.o)
                0x0000000020000a60                __malloc_current_mallinfo
 .bss.__malloc_max_sbrked_mem
                0x0000000020000a88        0x4 /home/khaled/ti/ccsv8/tools/compiler/gcc-arm-none-eabi-7-2017-q4-major/bin/../lib/gcc/arm-none-eabi/7.2.1/../../../../arm-none-eabi/lib/thumb/v7e-m/fpv4-sp/hard/libc.a(lib_a-mallocr.o)
                0x0000000020000a88                __malloc_max_sbrked_mem
 .bss.__malloc_max_total_mem
                0x0000000020000a8c        0x4 /home/khaled/ti/ccsv8/tools/compiler/gcc-arm-none-eabi-7-2017-q4-major/bin/../lib/gcc/arm-none-eabi/7.2.1/../../../../arm-none-eabi/lib/thumb/v7e-m/fpv4-sp/hard/libc.a(lib_a-mallocr.o)
                0x0000000020000a8c                __malloc_max_total_mem
 .bss.__malloc_top_pad
                0x0000000020000a90        0x4 /home/khaled/ti/ccsv8/tools/compiler/gcc-arm-none-eabi-7-2017-q4-major/bin/../lib/gcc/arm-none-eabi/7.2.1/../../../../arm-none-eabi/lib/thumb/v7e-m/fpv4-sp/hard/libc.a(lib_a-mallocr.o)
                0x0000000020000a90                __malloc_top_pad
 .bss.heap_end.5377
                0x0000000020000a94        0x4 /home/khaled/ti/ccsv8/tools/compiler/gcc-arm-none-eabi-7-2017-q4-major/bin/../lib/gcc/arm-none-eabi/7.2.1/../../../../arm-none-eabi/lib/thumb/v7e-m/fpv4-sp/hard/libnosys.a(sbrk.o)
 *(COMMON)
 COMMON         0x0000000020000a98       0x21 /home/khaled/ti/ccsv8/tools/compiler/gcc-arm-none-eabi-7-2017-q4-major/bin/../lib/gcc/arm-none-eabi/7.2.1/../../../../arm-none-eabi/lib/thumb/v7e-m/fpv4-sp/hard/libc.a(lib_a-lock.o)
                0x0000000020000a98                __lock___atexit_recursive_mutex
                0x0000000020000a9c                __lock___arc4random_mutex
                0x0000000020000aa0                __lock___env_recursive_mutex
                0x0000000020000aa4                __lock___sinit_recursive_mutex
                0x0000000020000aa8                __lock___malloc_recursive_mutex
                0x0000000020000aac                __lock___at_quick_exit_mutex
                0x0000000020000ab0                __lock___dd_hash_mutex
                0x0000000020000ab4                __lock___tz_mutex
                0x0000000020000ab8                __lock___sfp_recursive_mutex
 *fill*         0x0000000020000ab9        0x3 
 COMMON         0x0000000020000abc        0x4 /home/khaled/ti/ccsv8/tools/compiler/gcc-arm-none-eabi-7-2017-q4-major/bin/../lib/gcc/arm-none-eabi/7.2.1/../../../../arm-none-eabi/lib/thumb/v7e-m/fpv4-sp/hard/libc.a(lib_a-reent.o)
                0x0000000020000abc                errno
                0x0000000020000ac0                . = ALIGN (0x4)
                0x0000000020000ac0                _ebss = .
                0x0000000020000ac0                __bss_end__ = .
                0x0000000020000ac0                PROVIDE (end, _ebss)
                [!provide]                        PROVIDE (_end, _ebss)
                [!provide]                        PROVIDE (__end__, _ebss)

.heap           0x0000000020000ac0        0x0
                0x0000000020000ac0                __heap_start__ = .
                0x0000000020000ac0                . = (. + HEAP_SIZE)
                0x0000000020000ac0                . = ALIGN (0x4)
                0x0000000020000ac0                __heap_end__ = .

/DISCARD/
 libc.a(*)
 libm.a(*)
 libgcc.a(*)
START GROUP
LOAD /home/khaled/ti/ccsv8/tools/compiler/gcc-arm-none-eabi-7-2017-q4-major/bin/../lib/gcc/arm-none-eabi/7.2.1/thumb/v7e-m/fpv4-sp/hard/libgcc.a
LOAD /home/khaled/ti/ccsv8/tools/compiler/gcc-arm-none-eabi-7-2017-q4-major/bin/../lib/gcc/arm-none-eabi/7.2.1/../../../../arm-none-eabi/lib/thumb/v7e-m/fpv4-sp/hard/libg.a
LOAD /home/khaled/ti/ccsv8/tools/compiler/gcc-arm-none-eabi-7-2017-q4-major/bin/../lib/gcc/arm-none-eabi/7.2.1/../../../../arm-none-eabi/lib/thumb/v7e-m/fpv4-sp/hard/libc.a
END GROUP
START GROUP
LOAD /home/khaled/ti/ccsv8/tools/compiler/gcc-arm-none-eabi-7-2017-q4-major/bin/../lib/gcc/arm-none-eabi/7.2.1/thumb/v7e-m/fpv4-sp/hard/libgcc.a
LOAD /home/khaled/ti/ccsv8/tools/compiler/gcc-arm-none-eabi-7-2017-q4-major/bin/../lib/gcc/arm-none-eabi/7.2.1/../../../../arm-none-eabi/lib/thumb/v7e-m/fpv4-sp/hard/libc.a
LOAD /home/khaled/ti/ccsv8/tools/compiler/gcc-arm-none-eabi-7-2017-q4-major/bin/../lib/gcc/arm-none-eabi/7.2.1/../../../../arm-none-eabi/lib/thumb/v7e-m/fpv4-sp/hard/libnosys.a
END GROUP
LOAD /home/khaled/ti/ccsv8/tools/compiler/gcc-arm-none-eabi-7-2017-q4-major/bin/../lib/gcc/arm-none-eabi/7.2.1/thumb/v7e-m/fpv4-sp/hard/crtend.o
LOAD /home/khaled/ti/ccsv8/tools/compiler/gcc-arm-none-eabi-7-2017-q4-major/bin/../lib/gcc/arm-none-eabi/7.2.1/thumb/v7e-m/fpv4-sp/hard/crtn.o
OUTPUT(serial_com_uart.out elf32-littlearm)

.ARM.attributes
                0x0000000000000000       0x30
 .ARM.attributes
                0x0000000000000000       0x22 /home/khaled/ti/ccsv8/tools/compiler/gcc-arm-none-eabi-7-2017-q4-major/bin/../lib/gcc/arm-none-eabi/7.2.1/thumb/v7e-m/fpv4-sp/hard/crti.o
 .ARM.attributes
                0x0000000000000022       0x34 /home/khaled/ti/ccsv8/tools/compiler/gcc-arm-none-eabi-7-2017-q4-major/bin/../lib/gcc/arm-none-eabi/7.2.1/thumb/v7e-m/fpv4-sp/hard/crtbegin.o
 .ARM.attributes
                0x0000000000000056       0x20 /home/khaled/ti/ccsv8/tools/compiler/gcc-arm-none-eabi-7-2017-q4-major/bin/../lib/gcc/arm-none-eabi/7.2.1/../../../../arm-none-eabi/lib/thumb/v7e-m/fpv4-sp/hard/crt0.o
 .ARM.attributes
                0x0000000000000076       0x39 ./main.o
 .ARM.attributes
                0x00000000000000af       0x39 ./startup_tm4c_gnu.o
 .ARM.attributes
                0x00000000000000e8       0x39 ./uart.o
 .ARM.attributes
                0x0000000000000121       0x34 /home/khaled/ti/ccsv8/tools/compiler/gcc-arm-none-eabi-7-2017-q4-major/bin/../lib/gcc/arm-none-eabi/7.2.1/../../../../arm-none-eabi/lib/thumb/v7e-m/fpv4-sp/hard/libnosys.a(sbrk.o)
 .ARM.attributes
                0x0000000000000155       0x34 /home/khaled/ti/ccsv8/tools/compiler/gcc-arm-none-eabi-7-2017-q4-major/bin/../lib/gcc/arm-none-eabi/7.2.1/../../../../arm-none-eabi/lib/thumb/v7e-m/fpv4-sp/hard/libnosys.a(_exit.o)
 .ARM.attributes
                0x0000000000000189       0x34 /home/khaled/ti/ccsv8/tools/compiler/gcc-arm-none-eabi-7-2017-q4-major/bin/../lib/gcc/arm-none-eabi/7.2.1/thumb/v7e-m/fpv4-sp/hard/crtend.o
 .ARM.attributes
                0x00000000000001bd       0x22 /home/khaled/ti/ccsv8/tools/compiler/gcc-arm-none-eabi-7-2017-q4-major/bin/../lib/gcc/arm-none-eabi/7.2.1/thumb/v7e-m/fpv4-sp/hard/crtn.o

.comment        0x0000000000000000       0x7e
 .comment       0x0000000000000000       0x7e ./main.o
                                         0x7f (size before relaxing)
 .comment       0x000000000000007e       0x7f ./startup_tm4c_gnu.o
 .comment       0x000000000000007e       0x7f ./uart.o

.debug_info     0x0000000000000000     0x1dba
 .debug_info    0x0000000000000000     0x189b ./main.o
 .debug_info    0x000000000000189b      0x1ab ./startup_tm4c_gnu.o
 .debug_info    0x0000000000001a46      0x374 ./uart.o

.debug_abbrev   0x0000000000000000      0x481
 .debug_abbrev  0x0000000000000000      0x26c ./main.o
 .debug_abbrev  0x000000000000026c       0xde ./startup_tm4c_gnu.o
 .debug_abbrev  0x000000000000034a      0x137 ./uart.o

.debug_loc      0x0000000000000000      0x11c
 .debug_loc     0x0000000000000000       0xc2 ./main.o
 .debug_loc     0x00000000000000c2       0x47 ./startup_tm4c_gnu.o
 .debug_loc     0x0000000000000109       0x13 ./uart.o

.debug_aranges  0x0000000000000000       0xd0
 .debug_aranges
                0x0000000000000000       0x40 ./main.o
 .debug_aranges
                0x0000000000000040       0x50 ./startup_tm4c_gnu.o
 .debug_aranges
                0x0000000000000090       0x40 ./uart.o

.debug_ranges   0x0000000000000000       0xa0
 .debug_ranges  0x0000000000000000       0x30 ./main.o
 .debug_ranges  0x0000000000000030       0x40 ./startup_tm4c_gnu.o
 .debug_ranges  0x0000000000000070       0x30 ./uart.o

.debug_line     0x0000000000000000      0x573
 .debug_line    0x0000000000000000      0x2e0 ./main.o
 .debug_line    0x00000000000002e0       0xc8 ./startup_tm4c_gnu.o
 .debug_line    0x00000000000003a8      0x1cb ./uart.o

.debug_str      0x0000000000000000      0xdc7
 .debug_str     0x0000000000000000      0xbdd ./main.o
                                        0xc55 (size before relaxing)
 .debug_str     0x0000000000000bdd      0x118 ./startup_tm4c_gnu.o
                                        0x232 (size before relaxing)
 .debug_str     0x0000000000000cf5       0xd2 ./uart.o
                                        0x2b2 (size before relaxing)

.debug_frame    0x0000000000000000      0x1ac
 .debug_frame   0x0000000000000000       0x84 ./main.o
 .debug_frame   0x0000000000000084       0x88 ./startup_tm4c_gnu.o
 .debug_frame   0x000000000000010c       0x60 ./uart.o
 .debug_frame   0x000000000000016c       0x20 /home/khaled/ti/ccsv8/tools/compiler/gcc-arm-none-eabi-7-2017-q4-major/bin/../lib/gcc/arm-none-eabi/7.2.1/../../../../arm-none-eabi/lib/thumb/v7e-m/fpv4-sp/hard/libnosys.a(sbrk.o)
 .debug_frame   0x000000000000018c       0x20 /home/khaled/ti/ccsv8/tools/compiler/gcc-arm-none-eabi-7-2017-q4-major/bin/../lib/gcc/arm-none-eabi/7.2.1/../../../../arm-none-eabi/lib/thumb/v7e-m/fpv4-sp/hard/libnosys.a(_exit.o)
