Archive member included to satisfy reference by file (symbol)

/home/khaled/ti/ccsv8/tools/compiler/gcc-arm-none-eabi-7-2017-q4-major/bin/../lib/gcc/arm-none-eabi/7.2.1/../../../../arm-none-eabi/lib/thumb/v7e-m/fpv4-sp/hard/libc.a(lib_a-exit.o)
                              /home/khaled/ti/ccsv8/tools/compiler/gcc-arm-none-eabi-7-2017-q4-major/bin/../lib/gcc/arm-none-eabi/7.2.1/../../../../arm-none-eabi/lib/thumb/v7e-m/fpv4-sp/hard/crt0.o (exit)
/home/khaled/ti/ccsv8/tools/compiler/gcc-arm-none-eabi-7-2017-q4-major/bin/../lib/gcc/arm-none-eabi/7.2.1/../../../../arm-none-eabi/lib/thumb/v7e-m/fpv4-sp/hard/libc.a(lib_a-impure.o)
                              /home/khaled/ti/ccsv8/tools/compiler/gcc-arm-none-eabi-7-2017-q4-major/bin/../lib/gcc/arm-none-eabi/7.2.1/../../../../arm-none-eabi/lib/thumb/v7e-m/fpv4-sp/hard/libc.a(lib_a-exit.o) (_global_impure_ptr)
/home/khaled/ti/ccsv8/tools/compiler/gcc-arm-none-eabi-7-2017-q4-major/bin/../lib/gcc/arm-none-eabi/7.2.1/../../../../arm-none-eabi/lib/thumb/v7e-m/fpv4-sp/hard/libc.a(lib_a-init.o)
                              /home/khaled/ti/ccsv8/tools/compiler/gcc-arm-none-eabi-7-2017-q4-major/bin/../lib/gcc/arm-none-eabi/7.2.1/../../../../arm-none-eabi/lib/thumb/v7e-m/fpv4-sp/hard/crt0.o (__libc_init_array)
/home/khaled/ti/ccsv8/tools/compiler/gcc-arm-none-eabi-7-2017-q4-major/bin/../lib/gcc/arm-none-eabi/7.2.1/../../../../arm-none-eabi/lib/thumb/v7e-m/fpv4-sp/hard/libc.a(lib_a-memset.o)
                              /home/khaled/ti/ccsv8/tools/compiler/gcc-arm-none-eabi-7-2017-q4-major/bin/../lib/gcc/arm-none-eabi/7.2.1/../../../../arm-none-eabi/lib/thumb/v7e-m/fpv4-sp/hard/crt0.o (memset)
/home/khaled/ti/ccsv8/tools/compiler/gcc-arm-none-eabi-7-2017-q4-major/bin/../lib/gcc/arm-none-eabi/7.2.1/../../../../arm-none-eabi/lib/thumb/v7e-m/fpv4-sp/hard/libc.a(lib_a-__call_atexit.o)
                              /home/khaled/ti/ccsv8/tools/compiler/gcc-arm-none-eabi-7-2017-q4-major/bin/../lib/gcc/arm-none-eabi/7.2.1/../../../../arm-none-eabi/lib/thumb/v7e-m/fpv4-sp/hard/libc.a(lib_a-exit.o) (__call_exitprocs)
/home/khaled/ti/ccsv8/tools/compiler/gcc-arm-none-eabi-7-2017-q4-major/bin/../lib/gcc/arm-none-eabi/7.2.1/../../../../arm-none-eabi/lib/thumb/v7e-m/fpv4-sp/hard/libc.a(lib_a-atexit.o)
                              /home/khaled/ti/ccsv8/tools/compiler/gcc-arm-none-eabi-7-2017-q4-major/bin/../lib/gcc/arm-none-eabi/7.2.1/../../../../arm-none-eabi/lib/thumb/v7e-m/fpv4-sp/hard/libc.a(lib_a-__call_atexit.o) (atexit)
/home/khaled/ti/ccsv8/tools/compiler/gcc-arm-none-eabi-7-2017-q4-major/bin/../lib/gcc/arm-none-eabi/7.2.1/../../../../arm-none-eabi/lib/thumb/v7e-m/fpv4-sp/hard/libc.a(lib_a-fini.o)
                              /home/khaled/ti/ccsv8/tools/compiler/gcc-arm-none-eabi-7-2017-q4-major/bin/../lib/gcc/arm-none-eabi/7.2.1/../../../../arm-none-eabi/lib/thumb/v7e-m/fpv4-sp/hard/libc.a(lib_a-__call_atexit.o) (__libc_fini_array)
/home/khaled/ti/ccsv8/tools/compiler/gcc-arm-none-eabi-7-2017-q4-major/bin/../lib/gcc/arm-none-eabi/7.2.1/../../../../arm-none-eabi/lib/thumb/v7e-m/fpv4-sp/hard/libc.a(lib_a-lock.o)
                              /home/khaled/ti/ccsv8/tools/compiler/gcc-arm-none-eabi-7-2017-q4-major/bin/../lib/gcc/arm-none-eabi/7.2.1/../../../../arm-none-eabi/lib/thumb/v7e-m/fpv4-sp/hard/libc.a(lib_a-__call_atexit.o) (__retarget_lock_acquire_recursive)
/home/khaled/ti/ccsv8/tools/compiler/gcc-arm-none-eabi-7-2017-q4-major/bin/../lib/gcc/arm-none-eabi/7.2.1/../../../../arm-none-eabi/lib/thumb/v7e-m/fpv4-sp/hard/libc.a(lib_a-__atexit.o)
                              /home/khaled/ti/ccsv8/tools/compiler/gcc-arm-none-eabi-7-2017-q4-major/bin/../lib/gcc/arm-none-eabi/7.2.1/../../../../arm-none-eabi/lib/thumb/v7e-m/fpv4-sp/hard/libc.a(lib_a-atexit.o) (__register_exitproc)
/home/khaled/ti/ccsv8/tools/compiler/gcc-arm-none-eabi-7-2017-q4-major/bin/../lib/gcc/arm-none-eabi/7.2.1/../../../../arm-none-eabi/lib/thumb/v7e-m/fpv4-sp/hard/libnosys.a(_exit.o)
                              /home/khaled/ti/ccsv8/tools/compiler/gcc-arm-none-eabi-7-2017-q4-major/bin/../lib/gcc/arm-none-eabi/7.2.1/../../../../arm-none-eabi/lib/thumb/v7e-m/fpv4-sp/hard/libc.a(lib_a-exit.o) (_exit)

Allocating common symbols
Common symbol       size              file

__lock___atexit_recursive_mutex
                    0x1               /home/khaled/ti/ccsv8/tools/compiler/gcc-arm-none-eabi-7-2017-q4-major/bin/../lib/gcc/arm-none-eabi/7.2.1/../../../../arm-none-eabi/lib/thumb/v7e-m/fpv4-sp/hard/libc.a(lib_a-lock.o)
__lock___arc4random_mutex
                    0x1               /home/khaled/ti/ccsv8/tools/compiler/gcc-arm-none-eabi-7-2017-q4-major/bin/../lib/gcc/arm-none-eabi/7.2.1/../../../../arm-none-eabi/lib/thumb/v7e-m/fpv4-sp/hard/libc.a(lib_a-lock.o)
stack_blinky2       0xa0              ./main.o
__lock___env_recursive_mutex
                    0x1               /home/khaled/ti/ccsv8/tools/compiler/gcc-arm-none-eabi-7-2017-q4-major/bin/../lib/gcc/arm-none-eabi/7.2.1/../../../../arm-none-eabi/lib/thumb/v7e-m/fpv4-sp/hard/libc.a(lib_a-lock.o)
__lock___sinit_recursive_mutex
                    0x1               /home/khaled/ti/ccsv8/tools/compiler/gcc-arm-none-eabi-7-2017-q4-major/bin/../lib/gcc/arm-none-eabi/7.2.1/../../../../arm-none-eabi/lib/thumb/v7e-m/fpv4-sp/hard/libc.a(lib_a-lock.o)
__lock___malloc_recursive_mutex
                    0x1               /home/khaled/ti/ccsv8/tools/compiler/gcc-arm-none-eabi-7-2017-q4-major/bin/../lib/gcc/arm-none-eabi/7.2.1/../../../../arm-none-eabi/lib/thumb/v7e-m/fpv4-sp/hard/libc.a(lib_a-lock.o)
stack_blinky1       0xa0              ./main.o
OS_readySet         0x4               ./miros.o
OS_next             0x4               ./miros.o
blinky3             0xc               ./main.o
OS_curr             0x4               ./miros.o
stack_blinky3       0xa0              ./main.o
__lock___at_quick_exit_mutex
                    0x1               /home/khaled/ti/ccsv8/tools/compiler/gcc-arm-none-eabi-7-2017-q4-major/bin/../lib/gcc/arm-none-eabi/7.2.1/../../../../arm-none-eabi/lib/thumb/v7e-m/fpv4-sp/hard/libc.a(lib_a-lock.o)
blinky1             0xc               ./main.o
idleThread          0xc               ./miros.o
__lock___dd_hash_mutex
                    0x1               /home/khaled/ti/ccsv8/tools/compiler/gcc-arm-none-eabi-7-2017-q4-major/bin/../lib/gcc/arm-none-eabi/7.2.1/../../../../arm-none-eabi/lib/thumb/v7e-m/fpv4-sp/hard/libc.a(lib_a-lock.o)
__lock___tz_mutex   0x1               /home/khaled/ti/ccsv8/tools/compiler/gcc-arm-none-eabi-7-2017-q4-major/bin/../lib/gcc/arm-none-eabi/7.2.1/../../../../arm-none-eabi/lib/thumb/v7e-m/fpv4-sp/hard/libc.a(lib_a-lock.o)
OS_thread           0x84              ./miros.o
blinky2             0xc               ./main.o
OS_delayedSet       0x4               ./miros.o
__lock___sfp_recursive_mutex
                    0x1               /home/khaled/ti/ccsv8/tools/compiler/gcc-arm-none-eabi-7-2017-q4-major/bin/../lib/gcc/arm-none-eabi/7.2.1/../../../../arm-none-eabi/lib/thumb/v7e-m/fpv4-sp/hard/libc.a(lib_a-lock.o)
stack_idleThread    0xa0              ./main.o

Discarded input sections

 .debug_frame   0x0000000000000000       0x28 /home/khaled/ti/ccsv8/tools/compiler/gcc-arm-none-eabi-7-2017-q4-major/bin/../lib/gcc/arm-none-eabi/7.2.1/../../../../arm-none-eabi/lib/thumb/v7e-m/fpv4-sp/hard/libc.a(lib_a-exit.o)
 .ARM.attributes
                0x0000000000000000       0x34 /home/khaled/ti/ccsv8/tools/compiler/gcc-arm-none-eabi-7-2017-q4-major/bin/../lib/gcc/arm-none-eabi/7.2.1/../../../../arm-none-eabi/lib/thumb/v7e-m/fpv4-sp/hard/libc.a(lib_a-exit.o)
 .ARM.attributes
                0x0000000000000000       0x34 /home/khaled/ti/ccsv8/tools/compiler/gcc-arm-none-eabi-7-2017-q4-major/bin/../lib/gcc/arm-none-eabi/7.2.1/../../../../arm-none-eabi/lib/thumb/v7e-m/fpv4-sp/hard/libc.a(lib_a-impure.o)
 .debug_frame   0x0000000000000000       0x2c /home/khaled/ti/ccsv8/tools/compiler/gcc-arm-none-eabi-7-2017-q4-major/bin/../lib/gcc/arm-none-eabi/7.2.1/../../../../arm-none-eabi/lib/thumb/v7e-m/fpv4-sp/hard/libc.a(lib_a-init.o)
 .ARM.attributes
                0x0000000000000000       0x34 /home/khaled/ti/ccsv8/tools/compiler/gcc-arm-none-eabi-7-2017-q4-major/bin/../lib/gcc/arm-none-eabi/7.2.1/../../../../arm-none-eabi/lib/thumb/v7e-m/fpv4-sp/hard/libc.a(lib_a-init.o)
 .debug_frame   0x0000000000000000       0x38 /home/khaled/ti/ccsv8/tools/compiler/gcc-arm-none-eabi-7-2017-q4-major/bin/../lib/gcc/arm-none-eabi/7.2.1/../../../../arm-none-eabi/lib/thumb/v7e-m/fpv4-sp/hard/libc.a(lib_a-memset.o)
 .ARM.attributes
                0x0000000000000000       0x34 /home/khaled/ti/ccsv8/tools/compiler/gcc-arm-none-eabi-7-2017-q4-major/bin/../lib/gcc/arm-none-eabi/7.2.1/../../../../arm-none-eabi/lib/thumb/v7e-m/fpv4-sp/hard/libc.a(lib_a-memset.o)
 .debug_frame   0x0000000000000000       0x5c /home/khaled/ti/ccsv8/tools/compiler/gcc-arm-none-eabi-7-2017-q4-major/bin/../lib/gcc/arm-none-eabi/7.2.1/../../../../arm-none-eabi/lib/thumb/v7e-m/fpv4-sp/hard/libc.a(lib_a-__call_atexit.o)
 .ARM.attributes
                0x0000000000000000       0x34 /home/khaled/ti/ccsv8/tools/compiler/gcc-arm-none-eabi-7-2017-q4-major/bin/../lib/gcc/arm-none-eabi/7.2.1/../../../../arm-none-eabi/lib/thumb/v7e-m/fpv4-sp/hard/libc.a(lib_a-__call_atexit.o)
 .debug_frame   0x0000000000000000       0x20 /home/khaled/ti/ccsv8/tools/compiler/gcc-arm-none-eabi-7-2017-q4-major/bin/../lib/gcc/arm-none-eabi/7.2.1/../../../../arm-none-eabi/lib/thumb/v7e-m/fpv4-sp/hard/libc.a(lib_a-atexit.o)
 .ARM.attributes
                0x0000000000000000       0x34 /home/khaled/ti/ccsv8/tools/compiler/gcc-arm-none-eabi-7-2017-q4-major/bin/../lib/gcc/arm-none-eabi/7.2.1/../../../../arm-none-eabi/lib/thumb/v7e-m/fpv4-sp/hard/libc.a(lib_a-atexit.o)
 .debug_frame   0x0000000000000000       0x34 /home/khaled/ti/ccsv8/tools/compiler/gcc-arm-none-eabi-7-2017-q4-major/bin/../lib/gcc/arm-none-eabi/7.2.1/../../../../arm-none-eabi/lib/thumb/v7e-m/fpv4-sp/hard/libc.a(lib_a-fini.o)
 .ARM.attributes
                0x0000000000000000       0x34 /home/khaled/ti/ccsv8/tools/compiler/gcc-arm-none-eabi-7-2017-q4-major/bin/../lib/gcc/arm-none-eabi/7.2.1/../../../../arm-none-eabi/lib/thumb/v7e-m/fpv4-sp/hard/libc.a(lib_a-fini.o)
 .debug_frame   0x0000000000000000       0xb0 /home/khaled/ti/ccsv8/tools/compiler/gcc-arm-none-eabi-7-2017-q4-major/bin/../lib/gcc/arm-none-eabi/7.2.1/../../../../arm-none-eabi/lib/thumb/v7e-m/fpv4-sp/hard/libc.a(lib_a-lock.o)
 .ARM.attributes
                0x0000000000000000       0x34 /home/khaled/ti/ccsv8/tools/compiler/gcc-arm-none-eabi-7-2017-q4-major/bin/../lib/gcc/arm-none-eabi/7.2.1/../../../../arm-none-eabi/lib/thumb/v7e-m/fpv4-sp/hard/libc.a(lib_a-lock.o)
 .debug_frame   0x0000000000000000       0x34 /home/khaled/ti/ccsv8/tools/compiler/gcc-arm-none-eabi-7-2017-q4-major/bin/../lib/gcc/arm-none-eabi/7.2.1/../../../../arm-none-eabi/lib/thumb/v7e-m/fpv4-sp/hard/libc.a(lib_a-__atexit.o)
 .ARM.attributes
                0x0000000000000000       0x34 /home/khaled/ti/ccsv8/tools/compiler/gcc-arm-none-eabi-7-2017-q4-major/bin/../lib/gcc/arm-none-eabi/7.2.1/../../../../arm-none-eabi/lib/thumb/v7e-m/fpv4-sp/hard/libc.a(lib_a-__atexit.o)

Memory Configuration

Name             Origin             Length             Attributes
ROM              0x0000000000000000 0x0000000000040000 xr
RAM              0x0000000020000000 0x0000000000008000 xrw
*default*        0x0000000000000000 0xffffffffffffffff

Linker script and memory map

LOAD /home/khaled/ti/ccsv8/tools/compiler/gcc-arm-none-eabi-7-2017-q4-major/bin/../lib/gcc/arm-none-eabi/7.2.1/thumb/v7e-m/fpv4-sp/hard/crti.o
LOAD /home/khaled/ti/ccsv8/tools/compiler/gcc-arm-none-eabi-7-2017-q4-major/bin/../lib/gcc/arm-none-eabi/7.2.1/thumb/v7e-m/fpv4-sp/hard/crtbegin.o
LOAD /home/khaled/ti/ccsv8/tools/compiler/gcc-arm-none-eabi-7-2017-q4-major/bin/../lib/gcc/arm-none-eabi/7.2.1/../../../../arm-none-eabi/lib/thumb/v7e-m/fpv4-sp/hard/crt0.o
LOAD ./bsp.o
LOAD ./main.o
LOAD ./miros.o
LOAD ./startup_tm4c_gnu.o
                0x0000000000000200                STACK_SIZE = 0x200
                0x0000000000000000                HEAP_SIZE = 0x0

.isr_vector     0x0000000000000000      0x26c
 *(.isr_vector)
 .isr_vector    0x0000000000000000      0x26c ./startup_tm4c_gnu.o
                0x0000000000000000                g_pfnVectors
                0x000000000000026c                . = ALIGN (0x4)

.eh_frame       0x000000000000026c        0x4
 .eh_frame      0x000000000000026c        0x0 /home/khaled/ti/ccsv8/tools/compiler/gcc-arm-none-eabi-7-2017-q4-major/bin/../lib/gcc/arm-none-eabi/7.2.1/thumb/v7e-m/fpv4-sp/hard/crtbegin.o
 .eh_frame      0x000000000000026c        0x4 /home/khaled/ti/ccsv8/tools/compiler/gcc-arm-none-eabi-7-2017-q4-major/bin/../lib/gcc/arm-none-eabi/7.2.1/thumb/v7e-m/fpv4-sp/hard/crtend.o

.ARM.extab      0x0000000000000270        0x0
 .ARM.extab     0x0000000000000270        0x0 /home/khaled/ti/ccsv8/tools/compiler/gcc-arm-none-eabi-7-2017-q4-major/bin/../lib/gcc/arm-none-eabi/7.2.1/../../../../arm-none-eabi/lib/thumb/v7e-m/fpv4-sp/hard/crt0.o

.ARM.exidx      0x0000000000000270        0x8
 .ARM.exidx     0x0000000000000270        0x8 /home/khaled/ti/ccsv8/tools/compiler/gcc-arm-none-eabi-7-2017-q4-major/bin/../lib/gcc/arm-none-eabi/7.2.1/../../../../arm-none-eabi/lib/thumb/v7e-m/fpv4-sp/hard/crt0.o

.text           0x0000000000000278      0x8c0
                0x0000000000000278                . = ALIGN (0x4)
 *(.text)
 .text          0x0000000000000278        0x0 /home/khaled/ti/ccsv8/tools/compiler/gcc-arm-none-eabi-7-2017-q4-major/bin/../lib/gcc/arm-none-eabi/7.2.1/thumb/v7e-m/fpv4-sp/hard/crti.o
 .text          0x0000000000000278       0x40 /home/khaled/ti/ccsv8/tools/compiler/gcc-arm-none-eabi-7-2017-q4-major/bin/../lib/gcc/arm-none-eabi/7.2.1/thumb/v7e-m/fpv4-sp/hard/crtbegin.o
 .text          0x00000000000002b8       0x74 /home/khaled/ti/ccsv8/tools/compiler/gcc-arm-none-eabi-7-2017-q4-major/bin/../lib/gcc/arm-none-eabi/7.2.1/../../../../arm-none-eabi/lib/thumb/v7e-m/fpv4-sp/hard/crt0.o
                0x00000000000002b8                _mainCRTStartup
                0x00000000000002b8                _start
 .text          0x000000000000032c        0x0 ./bsp.o
 .text          0x000000000000032c        0x0 ./main.o
 .text          0x000000000000032c        0x0 ./miros.o
 .text          0x000000000000032c        0x0 ./startup_tm4c_gnu.o
 .text          0x000000000000032c        0x0 /home/khaled/ti/ccsv8/tools/compiler/gcc-arm-none-eabi-7-2017-q4-major/bin/../lib/gcc/arm-none-eabi/7.2.1/../../../../arm-none-eabi/lib/thumb/v7e-m/fpv4-sp/hard/libc.a(lib_a-exit.o)
 .text          0x000000000000032c        0x0 /home/khaled/ti/ccsv8/tools/compiler/gcc-arm-none-eabi-7-2017-q4-major/bin/../lib/gcc/arm-none-eabi/7.2.1/../../../../arm-none-eabi/lib/thumb/v7e-m/fpv4-sp/hard/libc.a(lib_a-impure.o)
 .text          0x000000000000032c        0x0 /home/khaled/ti/ccsv8/tools/compiler/gcc-arm-none-eabi-7-2017-q4-major/bin/../lib/gcc/arm-none-eabi/7.2.1/../../../../arm-none-eabi/lib/thumb/v7e-m/fpv4-sp/hard/libc.a(lib_a-init.o)
 .text          0x000000000000032c        0x0 /home/khaled/ti/ccsv8/tools/compiler/gcc-arm-none-eabi-7-2017-q4-major/bin/../lib/gcc/arm-none-eabi/7.2.1/../../../../arm-none-eabi/lib/thumb/v7e-m/fpv4-sp/hard/libc.a(lib_a-memset.o)
 .text          0x000000000000032c        0x0 /home/khaled/ti/ccsv8/tools/compiler/gcc-arm-none-eabi-7-2017-q4-major/bin/../lib/gcc/arm-none-eabi/7.2.1/../../../../arm-none-eabi/lib/thumb/v7e-m/fpv4-sp/hard/libc.a(lib_a-__call_atexit.o)
 .text          0x000000000000032c        0x0 /home/khaled/ti/ccsv8/tools/compiler/gcc-arm-none-eabi-7-2017-q4-major/bin/../lib/gcc/arm-none-eabi/7.2.1/../../../../arm-none-eabi/lib/thumb/v7e-m/fpv4-sp/hard/libc.a(lib_a-atexit.o)
 .text          0x000000000000032c        0x0 /home/khaled/ti/ccsv8/tools/compiler/gcc-arm-none-eabi-7-2017-q4-major/bin/../lib/gcc/arm-none-eabi/7.2.1/../../../../arm-none-eabi/lib/thumb/v7e-m/fpv4-sp/hard/libc.a(lib_a-fini.o)
 .text          0x000000000000032c        0x0 /home/khaled/ti/ccsv8/tools/compiler/gcc-arm-none-eabi-7-2017-q4-major/bin/../lib/gcc/arm-none-eabi/7.2.1/../../../../arm-none-eabi/lib/thumb/v7e-m/fpv4-sp/hard/libc.a(lib_a-lock.o)
 .text          0x000000000000032c        0x0 /home/khaled/ti/ccsv8/tools/compiler/gcc-arm-none-eabi-7-2017-q4-major/bin/../lib/gcc/arm-none-eabi/7.2.1/../../../../arm-none-eabi/lib/thumb/v7e-m/fpv4-sp/hard/libc.a(lib_a-__atexit.o)
 .text          0x000000000000032c        0x0 /home/khaled/ti/ccsv8/tools/compiler/gcc-arm-none-eabi-7-2017-q4-major/bin/../lib/gcc/arm-none-eabi/7.2.1/../../../../arm-none-eabi/lib/thumb/v7e-m/fpv4-sp/hard/libnosys.a(_exit.o)
 .text          0x000000000000032c        0x0 /home/khaled/ti/ccsv8/tools/compiler/gcc-arm-none-eabi-7-2017-q4-major/bin/../lib/gcc/arm-none-eabi/7.2.1/thumb/v7e-m/fpv4-sp/hard/crtend.o
 .text          0x000000000000032c        0x0 /home/khaled/ti/ccsv8/tools/compiler/gcc-arm-none-eabi-7-2017-q4-major/bin/../lib/gcc/arm-none-eabi/7.2.1/thumb/v7e-m/fpv4-sp/hard/crtn.o
 *(.text*)
 .text.assert_failed
                0x000000000000032c       0x24 ./bsp.o
                0x000000000000032c                assert_failed
 .text.SysTick_Handler
                0x0000000000000350       0x20 ./bsp.o
                0x0000000000000350                SysTick_Handler
 .text.BSP_init
                0x0000000000000370       0x38 ./bsp.o
                0x0000000000000370                BSP_init
 .text.BSP_ledRedOn
                0x00000000000003a8        0xc ./bsp.o
                0x00000000000003a8                BSP_ledRedOn
 .text.BSP_ledRedOff
                0x00000000000003b4        0xc ./bsp.o
                0x00000000000003b4                BSP_ledRedOff
 .text.BSP_ledBlueOn
                0x00000000000003c0        0xc ./bsp.o
                0x00000000000003c0                BSP_ledBlueOn
 .text.BSP_ledBlueOff
                0x00000000000003cc        0xc ./bsp.o
                0x00000000000003cc                BSP_ledBlueOff
 .text.BSP_ledGreenOn
                0x00000000000003d8        0xc ./bsp.o
                0x00000000000003d8                BSP_ledGreenOn
 .text.BSP_ledGreenOff
                0x00000000000003e4        0xc ./bsp.o
                0x00000000000003e4                BSP_ledGreenOff
 .text.OS_onStartup
                0x00000000000003f0       0x30 ./bsp.o
                0x00000000000003f0                OS_onStartup
 .text.OS_onIdle
                0x0000000000000420       0x10 ./bsp.o
                0x0000000000000420                OS_onIdle
 .text.main_blinky1
                0x0000000000000430       0x28 ./main.o
                0x0000000000000430                main_blinky1
 .text.main_blinky2
                0x0000000000000458       0x28 ./main.o
                0x0000000000000458                main_blinky2
 .text.main_blinky3
                0x0000000000000480       0x1c ./main.o
                0x0000000000000480                main_blinky3
 .text.main     0x000000000000049c       0x54 ./main.o
                0x000000000000049c                main
 .text.main_idleThread
                0x00000000000004f0        0x8 ./miros.o
                0x00000000000004f0                main_idleThread
 .text.OS_sched
                0x00000000000004f8       0x4c ./miros.o
                0x00000000000004f8                OS_sched
 .text.OS_run   0x0000000000000544       0x10 ./miros.o
                0x0000000000000544                OS_run
 .text.OS_tick  0x0000000000000554       0x50 ./miros.o
                0x0000000000000554                OS_tick
 .text.OS_delay
                0x00000000000005a4       0x3c ./miros.o
                0x00000000000005a4                OS_delay
 .text.OSThread_start
                0x00000000000005e0       0xb0 ./miros.o
                0x00000000000005e0                OSThread_start
 .text.OS_init  0x0000000000000690       0x30 ./miros.o
                0x0000000000000690                OS_init
 .text.PendSV_Handler
                0x00000000000006c0       0x38 ./miros.o
                0x00000000000006c0                PendSV_Handler
 .text.NMI_Handler
                0x00000000000006f8       0x14 ./startup_tm4c_gnu.o
                0x00000000000006f8                NMI_Handler
 .text.MemManage_Handler
                0x000000000000070c       0x18 ./startup_tm4c_gnu.o
                0x000000000000070c                MemManage_Handler
 .text.HardFault_Handler
                0x0000000000000724       0x18 ./startup_tm4c_gnu.o
                0x0000000000000724                HardFault_Handler
 .text.BusFault_Handler
                0x000000000000073c       0x18 ./startup_tm4c_gnu.o
                0x000000000000073c                BusFault_Handler
 .text.UsageFault_Handler
                0x0000000000000754       0x1c ./startup_tm4c_gnu.o
                0x0000000000000754                UsageFault_Handler
 .text.Default_Handler
                0x0000000000000770       0x18 ./startup_tm4c_gnu.o
                0x0000000000000770                uDMAST_IRQHandler
                0x0000000000000770                GPIOPortP4_IRQHandler
                0x0000000000000770                PWM1Gen3_IRQHandler
                0x0000000000000770                WideTimer5B_IRQHandler
                0x0000000000000770                DebugMon_Handler
                0x0000000000000770                QEI2_IRQHandler
                0x0000000000000770                FlashCtrl_IRQHandler
                0x0000000000000770                GPIOPortP7_IRQHandler
                0x0000000000000770                Timer0B_IRQHandler
                0x0000000000000770                I2C0_IRQHandler
                0x0000000000000770                WideTimer4B_IRQHandler
                0x0000000000000770                I2C1_IRQHandler
                0x0000000000000770                GPIOPortP5_IRQHandler
                0x0000000000000770                PWMGen0_IRQHandler
                0x0000000000000770                UART1_IRQHandler
                0x0000000000000770                CAN1_IRQHandler
                0x0000000000000770                Timer1B_IRQHandler
                0x0000000000000770                Watchdog_IRQHandler
                0x0000000000000770                GPIOPortS_IRQHandler
                0x0000000000000770                GPIOPortQ7_IRQHandler
                0x0000000000000770                PWM1Gen2_IRQHandler
                0x0000000000000770                UART0_IRQHandler
                0x0000000000000770                GPIOPortL_IRQHandler
                0x0000000000000770                SSI0_IRQHandler
                0x0000000000000770                GPIOPortM_IRQHandler
                0x0000000000000770                FPU_IRQHandler
                0x0000000000000770                ADCSeq1_IRQHandler
                0x0000000000000770                GPIOPortP0_IRQHandler
                0x0000000000000770                WideTimer0B_IRQHandler
                0x0000000000000770                PWMFault_IRQHandler
                0x0000000000000770                WideTimer1A_IRQHandler
                0x0000000000000770                I2C4_IRQHandler
                0x0000000000000770                I2C5_IRQHandler
                0x0000000000000770                GPIOPortQ5_IRQHandler
                0x0000000000000770                PWMGen1_IRQHandler
                0x0000000000000770                SSI1_IRQHandler
                0x0000000000000770                I2C2_IRQHandler
                0x0000000000000770                GPIOPortC_IRQHandler
                0x0000000000000770                UART5_IRQHandler
                0x0000000000000770                GPIOPortK_IRQHandler
                0x0000000000000770                ADCSeq2_IRQHandler
                0x0000000000000770                PWMGen2_IRQHandler
                0x0000000000000770                UART2_IRQHandler
                0x0000000000000770                GPIOPortP3_IRQHandler
                0x0000000000000770                ADC1Seq0_IRQHandler
                0x0000000000000770                UART4_IRQHandler
                0x0000000000000770                GPIOPortJ_IRQHandler
                0x0000000000000770                Default_Handler
                0x0000000000000770                WideTimer0A_IRQHandler
                0x0000000000000770                Timer5A_IRQHandler
                0x0000000000000770                WideTimer3B_IRQHandler
                0x0000000000000770                WideTimer2B_IRQHandler
                0x0000000000000770                WideTimer5A_IRQHandler
                0x0000000000000770                Timer4A_IRQHandler
                0x0000000000000770                QEI1_IRQHandler
                0x0000000000000770                PWM1Fault_IRQHandler
                0x0000000000000770                GPIOPortP6_IRQHandler
                0x0000000000000770                QEI0_IRQHandler
                0x0000000000000770                ADC1Seq2_IRQHandler
                0x0000000000000770                ADC1Seq1_IRQHandler
                0x0000000000000770                PWMGen3_IRQHandler
                0x0000000000000770                GPIOPortD_IRQHandler
                0x0000000000000770                USB0_IRQHandler
                0x0000000000000770                I2C3_IRQHandler
                0x0000000000000770                SVC_Handler
                0x0000000000000770                GPIOPortP2_IRQHandler
                0x0000000000000770                GPIOPortQ4_IRQHandler
                0x0000000000000770                Timer3B_IRQHandler
                0x0000000000000770                Timer3A_IRQHandler
                0x0000000000000770                GPIOPortA_IRQHandler
                0x0000000000000770                ADC1Seq3_IRQHandler
                0x0000000000000770                Timer0A_IRQHandler
                0x0000000000000770                GPIOPortP1_IRQHandler
                0x0000000000000770                ADCSeq0_IRQHandler
                0x0000000000000770                Timer1A_IRQHandler
                0x0000000000000770                GPIOPortG_IRQHandler
                0x0000000000000770                GPIOPortQ1_IRQHandler
                0x0000000000000770                GPIOPortQ3_IRQHandler
                0x0000000000000770                Timer5B_IRQHandler
                0x0000000000000770                ADCSeq3_IRQHandler
                0x0000000000000770                WideTimer4A_IRQHandler
                0x0000000000000770                GPIOPortE_IRQHandler
                0x0000000000000770                CAN0_IRQHandler
                0x0000000000000770                GPIOPortQ0_IRQHandler
                0x0000000000000770                Comp0_IRQHandler
                0x0000000000000770                Comp1_IRQHandler
                0x0000000000000770                Comp2_IRQHandler
                0x0000000000000770                GPIOPortQ6_IRQHandler
                0x0000000000000770                SSI2_IRQHandler
                0x0000000000000770                PWM1Gen0_IRQHandler
                0x0000000000000770                GPIOPortF_IRQHandler
                0x0000000000000770                UART7_IRQHandler
                0x0000000000000770                UART6_IRQHandler
                0x0000000000000770                WideTimer2A_IRQHandler
                0x0000000000000770                GPIOPortB_IRQHandler
                0x0000000000000770                WideTimer3A_IRQHandler
                0x0000000000000770                CAN2_IRQHandler
                0x0000000000000770                WideTimer1B_IRQHandler
                0x0000000000000770                GPIOPortH_IRQHandler
                0x0000000000000770                GPIOPortQ2_IRQHandler
                0x0000000000000770                GPIOPortR_IRQHandler
                0x0000000000000770                Timer4B_IRQHandler
                0x0000000000000770                Timer2A_IRQHandler
                0x0000000000000770                SSI3_IRQHandler
                0x0000000000000770                Timer2B_IRQHandler
                0x0000000000000770                uDMAError_IRQHandler
                0x0000000000000770                GPIOPortN_IRQHandler
                0x0000000000000770                UART3_IRQHandler
                0x0000000000000770                SysCtrl_IRQHandler
                0x0000000000000770                Hibernate_IRQHandler
                0x0000000000000770                PWM1Gen1_IRQHandler
 .text.Reset_Handler
                0x0000000000000788       0x60 ./startup_tm4c_gnu.o
                0x0000000000000788                Reset_Handler
 .text.exit     0x00000000000007e8       0x20 /home/khaled/ti/ccsv8/tools/compiler/gcc-arm-none-eabi-7-2017-q4-major/bin/../lib/gcc/arm-none-eabi/7.2.1/../../../../arm-none-eabi/lib/thumb/v7e-m/fpv4-sp/hard/libc.a(lib_a-exit.o)
                0x00000000000007e8                exit
 .text.__libc_init_array
                0x0000000000000808       0x48 /home/khaled/ti/ccsv8/tools/compiler/gcc-arm-none-eabi-7-2017-q4-major/bin/../lib/gcc/arm-none-eabi/7.2.1/../../../../arm-none-eabi/lib/thumb/v7e-m/fpv4-sp/hard/libc.a(lib_a-init.o)
                0x0000000000000808                __libc_init_array
 .text.memset   0x0000000000000850       0x94 /home/khaled/ti/ccsv8/tools/compiler/gcc-arm-none-eabi-7-2017-q4-major/bin/../lib/gcc/arm-none-eabi/7.2.1/../../../../arm-none-eabi/lib/thumb/v7e-m/fpv4-sp/hard/libc.a(lib_a-memset.o)
                0x0000000000000850                memset
 .text.startup.register_fini
                0x00000000000008e4       0x14 /home/khaled/ti/ccsv8/tools/compiler/gcc-arm-none-eabi-7-2017-q4-major/bin/../lib/gcc/arm-none-eabi/7.2.1/../../../../arm-none-eabi/lib/thumb/v7e-m/fpv4-sp/hard/libc.a(lib_a-__call_atexit.o)
 .text.__call_exitprocs
                0x00000000000008f8       0xe8 /home/khaled/ti/ccsv8/tools/compiler/gcc-arm-none-eabi-7-2017-q4-major/bin/../lib/gcc/arm-none-eabi/7.2.1/../../../../arm-none-eabi/lib/thumb/v7e-m/fpv4-sp/hard/libc.a(lib_a-__call_atexit.o)
                0x00000000000008f8                __call_exitprocs
 .text.atexit   0x00000000000009e0        0xc /home/khaled/ti/ccsv8/tools/compiler/gcc-arm-none-eabi-7-2017-q4-major/bin/../lib/gcc/arm-none-eabi/7.2.1/../../../../arm-none-eabi/lib/thumb/v7e-m/fpv4-sp/hard/libc.a(lib_a-atexit.o)
                0x00000000000009e0                atexit
 .text.__libc_fini_array
                0x00000000000009ec       0x34 /home/khaled/ti/ccsv8/tools/compiler/gcc-arm-none-eabi-7-2017-q4-major/bin/../lib/gcc/arm-none-eabi/7.2.1/../../../../arm-none-eabi/lib/thumb/v7e-m/fpv4-sp/hard/libc.a(lib_a-fini.o)
                0x00000000000009ec                __libc_fini_array
 .text.__retarget_lock_init
                0x0000000000000a20        0x4 /home/khaled/ti/ccsv8/tools/compiler/gcc-arm-none-eabi-7-2017-q4-major/bin/../lib/gcc/arm-none-eabi/7.2.1/../../../../arm-none-eabi/lib/thumb/v7e-m/fpv4-sp/hard/libc.a(lib_a-lock.o)
                0x0000000000000a20                __retarget_lock_init
 .text.__retarget_lock_init_recursive
                0x0000000000000a24        0x4 /home/khaled/ti/ccsv8/tools/compiler/gcc-arm-none-eabi-7-2017-q4-major/bin/../lib/gcc/arm-none-eabi/7.2.1/../../../../arm-none-eabi/lib/thumb/v7e-m/fpv4-sp/hard/libc.a(lib_a-lock.o)
                0x0000000000000a24                __retarget_lock_init_recursive
 .text.__retarget_lock_close
                0x0000000000000a28        0x4 /home/khaled/ti/ccsv8/tools/compiler/gcc-arm-none-eabi-7-2017-q4-major/bin/../lib/gcc/arm-none-eabi/7.2.1/../../../../arm-none-eabi/lib/thumb/v7e-m/fpv4-sp/hard/libc.a(lib_a-lock.o)
                0x0000000000000a28                __retarget_lock_close
 .text.__retarget_lock_close_recursive
                0x0000000000000a2c        0x4 /home/khaled/ti/ccsv8/tools/compiler/gcc-arm-none-eabi-7-2017-q4-major/bin/../lib/gcc/arm-none-eabi/7.2.1/../../../../arm-none-eabi/lib/thumb/v7e-m/fpv4-sp/hard/libc.a(lib_a-lock.o)
                0x0000000000000a2c                __retarget_lock_close_recursive
 .text.__retarget_lock_acquire
                0x0000000000000a30        0x4 /home/khaled/ti/ccsv8/tools/compiler/gcc-arm-none-eabi-7-2017-q4-major/bin/../lib/gcc/arm-none-eabi/7.2.1/../../../../arm-none-eabi/lib/thumb/v7e-m/fpv4-sp/hard/libc.a(lib_a-lock.o)
                0x0000000000000a30                __retarget_lock_acquire
 .text.__retarget_lock_acquire_recursive
                0x0000000000000a34        0x4 /home/khaled/ti/ccsv8/tools/compiler/gcc-arm-none-eabi-7-2017-q4-major/bin/../lib/gcc/arm-none-eabi/7.2.1/../../../../arm-none-eabi/lib/thumb/v7e-m/fpv4-sp/hard/libc.a(lib_a-lock.o)
                0x0000000000000a34                __retarget_lock_acquire_recursive
 .text.__retarget_lock_try_acquire
                0x0000000000000a38        0x4 /home/khaled/ti/ccsv8/tools/compiler/gcc-arm-none-eabi-7-2017-q4-major/bin/../lib/gcc/arm-none-eabi/7.2.1/../../../../arm-none-eabi/lib/thumb/v7e-m/fpv4-sp/hard/libc.a(lib_a-lock.o)
                0x0000000000000a38                __retarget_lock_try_acquire
 .text.__retarget_lock_try_acquire_recursive
                0x0000000000000a3c        0x4 /home/khaled/ti/ccsv8/tools/compiler/gcc-arm-none-eabi-7-2017-q4-major/bin/../lib/gcc/arm-none-eabi/7.2.1/../../../../arm-none-eabi/lib/thumb/v7e-m/fpv4-sp/hard/libc.a(lib_a-lock.o)
                0x0000000000000a3c                __retarget_lock_try_acquire_recursive
 .text.__retarget_lock_release
                0x0000000000000a40        0x4 /home/khaled/ti/ccsv8/tools/compiler/gcc-arm-none-eabi-7-2017-q4-major/bin/../lib/gcc/arm-none-eabi/7.2.1/../../../../arm-none-eabi/lib/thumb/v7e-m/fpv4-sp/hard/libc.a(lib_a-lock.o)
                0x0000000000000a40                __retarget_lock_release
 .text.__retarget_lock_release_recursive
                0x0000000000000a44        0x4 /home/khaled/ti/ccsv8/tools/compiler/gcc-arm-none-eabi-7-2017-q4-major/bin/../lib/gcc/arm-none-eabi/7.2.1/../../../../arm-none-eabi/lib/thumb/v7e-m/fpv4-sp/hard/libc.a(lib_a-lock.o)
                0x0000000000000a44                __retarget_lock_release_recursive
 .text.__register_exitproc
                0x0000000000000a48       0xc0 /home/khaled/ti/ccsv8/tools/compiler/gcc-arm-none-eabi-7-2017-q4-major/bin/../lib/gcc/arm-none-eabi/7.2.1/../../../../arm-none-eabi/lib/thumb/v7e-m/fpv4-sp/hard/libc.a(lib_a-__atexit.o)
                0x0000000000000a48                __register_exitproc
 .text._exit    0x0000000000000b08        0x4 /home/khaled/ti/ccsv8/tools/compiler/gcc-arm-none-eabi-7-2017-q4-major/bin/../lib/gcc/arm-none-eabi/7.2.1/../../../../arm-none-eabi/lib/thumb/v7e-m/fpv4-sp/hard/libnosys.a(_exit.o)
                0x0000000000000b08                _exit
 *(.rodata)
 *(.rodata*)
 .rodata.Reset_Handler.str1.4
                0x0000000000000b0c       0x10 ./startup_tm4c_gnu.o
                                          0xe (size before relaxing)
 .rodata._global_impure_ptr
                0x0000000000000b1c        0x4 /home/khaled/ti/ccsv8/tools/compiler/gcc-arm-none-eabi-7-2017-q4-major/bin/../lib/gcc/arm-none-eabi/7.2.1/../../../../arm-none-eabi/lib/thumb/v7e-m/fpv4-sp/hard/libc.a(lib_a-impure.o)
                0x0000000000000b1c                _global_impure_ptr
 *(.init)
 .init          0x0000000000000b20        0x4 /home/khaled/ti/ccsv8/tools/compiler/gcc-arm-none-eabi-7-2017-q4-major/bin/../lib/gcc/arm-none-eabi/7.2.1/thumb/v7e-m/fpv4-sp/hard/crti.o
                0x0000000000000b20                _init
 .init          0x0000000000000b24        0x8 /home/khaled/ti/ccsv8/tools/compiler/gcc-arm-none-eabi-7-2017-q4-major/bin/../lib/gcc/arm-none-eabi/7.2.1/thumb/v7e-m/fpv4-sp/hard/crtn.o
 *(.fini)
 .fini          0x0000000000000b2c        0x4 /home/khaled/ti/ccsv8/tools/compiler/gcc-arm-none-eabi-7-2017-q4-major/bin/../lib/gcc/arm-none-eabi/7.2.1/thumb/v7e-m/fpv4-sp/hard/crti.o
                0x0000000000000b2c                _fini
 .fini          0x0000000000000b30        0x8 /home/khaled/ti/ccsv8/tools/compiler/gcc-arm-none-eabi-7-2017-q4-major/bin/../lib/gcc/arm-none-eabi/7.2.1/thumb/v7e-m/fpv4-sp/hard/crtn.o
                0x0000000000000b38                . = ALIGN (0x4)

.glue_7         0x0000000000000b38        0x0
 .glue_7        0x0000000000000b38        0x0 linker stubs

.glue_7t        0x0000000000000b38        0x0
 .glue_7t       0x0000000000000b38        0x0 linker stubs

.vfp11_veneer   0x0000000000000b38        0x0
 .vfp11_veneer  0x0000000000000b38        0x0 linker stubs

.v4_bx          0x0000000000000b38        0x0
 .v4_bx         0x0000000000000b38        0x0 linker stubs

.iplt           0x0000000000000b38        0x0
 .iplt          0x0000000000000b38        0x0 /home/khaled/ti/ccsv8/tools/compiler/gcc-arm-none-eabi-7-2017-q4-major/bin/../lib/gcc/arm-none-eabi/7.2.1/thumb/v7e-m/fpv4-sp/hard/crtbegin.o

.rel.dyn        0x0000000000000b38        0x0
 .rel.iplt      0x0000000000000b38        0x0 /home/khaled/ti/ccsv8/tools/compiler/gcc-arm-none-eabi-7-2017-q4-major/bin/../lib/gcc/arm-none-eabi/7.2.1/thumb/v7e-m/fpv4-sp/hard/crtbegin.o

.preinit_array  0x0000000000000b38        0x0
                0x0000000000000b38                PROVIDE (__preinit_array_start, .)
 *(.preinit_array*)
                0x0000000000000b38                PROVIDE (__preinit_array_end, .)

.init_array     0x0000000000000b38        0x8
                0x0000000000000b38                PROVIDE (__init_array_start, .)
 *(SORT_BY_NAME(.init_array.*))
 .init_array.00000
                0x0000000000000b38        0x4 /home/khaled/ti/ccsv8/tools/compiler/gcc-arm-none-eabi-7-2017-q4-major/bin/../lib/gcc/arm-none-eabi/7.2.1/../../../../arm-none-eabi/lib/thumb/v7e-m/fpv4-sp/hard/libc.a(lib_a-__call_atexit.o)
 *(.init_array*)
 .init_array    0x0000000000000b3c        0x4 /home/khaled/ti/ccsv8/tools/compiler/gcc-arm-none-eabi-7-2017-q4-major/bin/../lib/gcc/arm-none-eabi/7.2.1/thumb/v7e-m/fpv4-sp/hard/crtbegin.o
                0x0000000000000b40                PROVIDE (__init_array_end, .)

.fini_array     0x0000000000000b40        0x4
                0x0000000000000b40                PROVIDE (__fini_array_start, .)
 *(.fini_array*)
 .fini_array    0x0000000000000b40        0x4 /home/khaled/ti/ccsv8/tools/compiler/gcc-arm-none-eabi-7-2017-q4-major/bin/../lib/gcc/arm-none-eabi/7.2.1/thumb/v7e-m/fpv4-sp/hard/crtbegin.o
 *(SORT_BY_NAME(.fini_array.*))
                0x0000000000000b44                PROVIDE (__fini_array_end, .)
                0x0000000000000b44                _etext = .

.stack          0x0000000020000000      0x200
                0x0000000020000000                __stack_start__ = .
                0x0000000020000200                . = (. + STACK_SIZE)
 *fill*         0x0000000020000000      0x200 
                0x0000000020000200                . = ALIGN (0x4)
                0x0000000020000200                __stack_end__ = .

.data           0x0000000020000200      0x434 load address 0x0000000000000b44
                0x0000000000000b44                __data_load = LOADADDR (.data)
                0x0000000020000200                __data_start = .
 *(.data)
 .data          0x0000000020000200        0x0 /home/khaled/ti/ccsv8/tools/compiler/gcc-arm-none-eabi-7-2017-q4-major/bin/../lib/gcc/arm-none-eabi/7.2.1/thumb/v7e-m/fpv4-sp/hard/crti.o
 .data          0x0000000020000200        0x4 /home/khaled/ti/ccsv8/tools/compiler/gcc-arm-none-eabi-7-2017-q4-major/bin/../lib/gcc/arm-none-eabi/7.2.1/thumb/v7e-m/fpv4-sp/hard/crtbegin.o
                0x0000000020000200                __dso_handle
 .data          0x0000000020000204        0x0 /home/khaled/ti/ccsv8/tools/compiler/gcc-arm-none-eabi-7-2017-q4-major/bin/../lib/gcc/arm-none-eabi/7.2.1/../../../../arm-none-eabi/lib/thumb/v7e-m/fpv4-sp/hard/crt0.o
 .data          0x0000000020000204        0x0 ./bsp.o
 .data          0x0000000020000204        0x0 ./main.o
 .data          0x0000000020000204        0x0 ./miros.o
 .data          0x0000000020000204        0x0 ./startup_tm4c_gnu.o
 .data          0x0000000020000204        0x0 /home/khaled/ti/ccsv8/tools/compiler/gcc-arm-none-eabi-7-2017-q4-major/bin/../lib/gcc/arm-none-eabi/7.2.1/../../../../arm-none-eabi/lib/thumb/v7e-m/fpv4-sp/hard/libc.a(lib_a-exit.o)
 .data          0x0000000020000204        0x0 /home/khaled/ti/ccsv8/tools/compiler/gcc-arm-none-eabi-7-2017-q4-major/bin/../lib/gcc/arm-none-eabi/7.2.1/../../../../arm-none-eabi/lib/thumb/v7e-m/fpv4-sp/hard/libc.a(lib_a-impure.o)
 .data          0x0000000020000204        0x0 /home/khaled/ti/ccsv8/tools/compiler/gcc-arm-none-eabi-7-2017-q4-major/bin/../lib/gcc/arm-none-eabi/7.2.1/../../../../arm-none-eabi/lib/thumb/v7e-m/fpv4-sp/hard/libc.a(lib_a-init.o)
 .data          0x0000000020000204        0x0 /home/khaled/ti/ccsv8/tools/compiler/gcc-arm-none-eabi-7-2017-q4-major/bin/../lib/gcc/arm-none-eabi/7.2.1/../../../../arm-none-eabi/lib/thumb/v7e-m/fpv4-sp/hard/libc.a(lib_a-memset.o)
 .data          0x0000000020000204        0x0 /home/khaled/ti/ccsv8/tools/compiler/gcc-arm-none-eabi-7-2017-q4-major/bin/../lib/gcc/arm-none-eabi/7.2.1/../../../../arm-none-eabi/lib/thumb/v7e-m/fpv4-sp/hard/libc.a(lib_a-__call_atexit.o)
 .data          0x0000000020000204        0x0 /home/khaled/ti/ccsv8/tools/compiler/gcc-arm-none-eabi-7-2017-q4-major/bin/../lib/gcc/arm-none-eabi/7.2.1/../../../../arm-none-eabi/lib/thumb/v7e-m/fpv4-sp/hard/libc.a(lib_a-atexit.o)
 .data          0x0000000020000204        0x0 /home/khaled/ti/ccsv8/tools/compiler/gcc-arm-none-eabi-7-2017-q4-major/bin/../lib/gcc/arm-none-eabi/7.2.1/../../../../arm-none-eabi/lib/thumb/v7e-m/fpv4-sp/hard/libc.a(lib_a-fini.o)
 .data          0x0000000020000204        0x0 /home/khaled/ti/ccsv8/tools/compiler/gcc-arm-none-eabi-7-2017-q4-major/bin/../lib/gcc/arm-none-eabi/7.2.1/../../../../arm-none-eabi/lib/thumb/v7e-m/fpv4-sp/hard/libc.a(lib_a-lock.o)
 .data          0x0000000020000204        0x0 /home/khaled/ti/ccsv8/tools/compiler/gcc-arm-none-eabi-7-2017-q4-major/bin/../lib/gcc/arm-none-eabi/7.2.1/../../../../arm-none-eabi/lib/thumb/v7e-m/fpv4-sp/hard/libc.a(lib_a-__atexit.o)
 .data          0x0000000020000204        0x0 /home/khaled/ti/ccsv8/tools/compiler/gcc-arm-none-eabi-7-2017-q4-major/bin/../lib/gcc/arm-none-eabi/7.2.1/../../../../arm-none-eabi/lib/thumb/v7e-m/fpv4-sp/hard/libnosys.a(_exit.o)
 .data          0x0000000020000204        0x0 /home/khaled/ti/ccsv8/tools/compiler/gcc-arm-none-eabi-7-2017-q4-major/bin/../lib/gcc/arm-none-eabi/7.2.1/thumb/v7e-m/fpv4-sp/hard/crtend.o
 .data          0x0000000020000204        0x0 /home/khaled/ti/ccsv8/tools/compiler/gcc-arm-none-eabi-7-2017-q4-major/bin/../lib/gcc/arm-none-eabi/7.2.1/thumb/v7e-m/fpv4-sp/hard/crtn.o
 *(.data*)
 .data._impure_ptr
                0x0000000020000204        0x4 /home/khaled/ti/ccsv8/tools/compiler/gcc-arm-none-eabi-7-2017-q4-major/bin/../lib/gcc/arm-none-eabi/7.2.1/../../../../arm-none-eabi/lib/thumb/v7e-m/fpv4-sp/hard/libc.a(lib_a-impure.o)
                0x0000000020000204                _impure_ptr
 .data.impure_data
                0x0000000020000208      0x428 /home/khaled/ti/ccsv8/tools/compiler/gcc-arm-none-eabi-7-2017-q4-major/bin/../lib/gcc/arm-none-eabi/7.2.1/../../../../arm-none-eabi/lib/thumb/v7e-m/fpv4-sp/hard/libc.a(lib_a-impure.o)
 .data.__atexit_recursive_mutex
                0x0000000020000630        0x4 /home/khaled/ti/ccsv8/tools/compiler/gcc-arm-none-eabi-7-2017-q4-major/bin/../lib/gcc/arm-none-eabi/7.2.1/../../../../arm-none-eabi/lib/thumb/v7e-m/fpv4-sp/hard/libc.a(lib_a-__call_atexit.o)
                0x0000000020000630                __atexit_recursive_mutex
                0x0000000020000634                . = ALIGN (0x4)
                0x0000000020000634                __data_end__ = .
                0x0000000020000634                _edata = __data_end__

.igot.plt       0x0000000020000634        0x0 load address 0x0000000000000f78
 .igot.plt      0x0000000020000634        0x0 /home/khaled/ti/ccsv8/tools/compiler/gcc-arm-none-eabi-7-2017-q4-major/bin/../lib/gcc/arm-none-eabi/7.2.1/thumb/v7e-m/fpv4-sp/hard/crtbegin.o

.bss            0x0000000020000634      0x388 load address 0x0000000000000f78
                0x0000000020000634                __bss_start__ = .
 *(.bss)
 .bss           0x0000000020000634        0x0 /home/khaled/ti/ccsv8/tools/compiler/gcc-arm-none-eabi-7-2017-q4-major/bin/../lib/gcc/arm-none-eabi/7.2.1/thumb/v7e-m/fpv4-sp/hard/crti.o
 .bss           0x0000000020000634       0x1c /home/khaled/ti/ccsv8/tools/compiler/gcc-arm-none-eabi-7-2017-q4-major/bin/../lib/gcc/arm-none-eabi/7.2.1/thumb/v7e-m/fpv4-sp/hard/crtbegin.o
 .bss           0x0000000020000650        0x0 /home/khaled/ti/ccsv8/tools/compiler/gcc-arm-none-eabi-7-2017-q4-major/bin/../lib/gcc/arm-none-eabi/7.2.1/../../../../arm-none-eabi/lib/thumb/v7e-m/fpv4-sp/hard/crt0.o
 .bss           0x0000000020000650        0x0 ./bsp.o
 .bss           0x0000000020000650        0x0 ./main.o
 .bss           0x0000000020000650        0x0 ./miros.o
 .bss           0x0000000020000650        0x0 ./startup_tm4c_gnu.o
 .bss           0x0000000020000650        0x0 /home/khaled/ti/ccsv8/tools/compiler/gcc-arm-none-eabi-7-2017-q4-major/bin/../lib/gcc/arm-none-eabi/7.2.1/../../../../arm-none-eabi/lib/thumb/v7e-m/fpv4-sp/hard/libc.a(lib_a-exit.o)
 .bss           0x0000000020000650        0x0 /home/khaled/ti/ccsv8/tools/compiler/gcc-arm-none-eabi-7-2017-q4-major/bin/../lib/gcc/arm-none-eabi/7.2.1/../../../../arm-none-eabi/lib/thumb/v7e-m/fpv4-sp/hard/libc.a(lib_a-impure.o)
 .bss           0x0000000020000650        0x0 /home/khaled/ti/ccsv8/tools/compiler/gcc-arm-none-eabi-7-2017-q4-major/bin/../lib/gcc/arm-none-eabi/7.2.1/../../../../arm-none-eabi/lib/thumb/v7e-m/fpv4-sp/hard/libc.a(lib_a-init.o)
 .bss           0x0000000020000650        0x0 /home/khaled/ti/ccsv8/tools/compiler/gcc-arm-none-eabi-7-2017-q4-major/bin/../lib/gcc/arm-none-eabi/7.2.1/../../../../arm-none-eabi/lib/thumb/v7e-m/fpv4-sp/hard/libc.a(lib_a-memset.o)
 .bss           0x0000000020000650        0x0 /home/khaled/ti/ccsv8/tools/compiler/gcc-arm-none-eabi-7-2017-q4-major/bin/../lib/gcc/arm-none-eabi/7.2.1/../../../../arm-none-eabi/lib/thumb/v7e-m/fpv4-sp/hard/libc.a(lib_a-__call_atexit.o)
 .bss           0x0000000020000650        0x0 /home/khaled/ti/ccsv8/tools/compiler/gcc-arm-none-eabi-7-2017-q4-major/bin/../lib/gcc/arm-none-eabi/7.2.1/../../../../arm-none-eabi/lib/thumb/v7e-m/fpv4-sp/hard/libc.a(lib_a-atexit.o)
 .bss           0x0000000020000650        0x0 /home/khaled/ti/ccsv8/tools/compiler/gcc-arm-none-eabi-7-2017-q4-major/bin/../lib/gcc/arm-none-eabi/7.2.1/../../../../arm-none-eabi/lib/thumb/v7e-m/fpv4-sp/hard/libc.a(lib_a-fini.o)
 .bss           0x0000000020000650        0x0 /home/khaled/ti/ccsv8/tools/compiler/gcc-arm-none-eabi-7-2017-q4-major/bin/../lib/gcc/arm-none-eabi/7.2.1/../../../../arm-none-eabi/lib/thumb/v7e-m/fpv4-sp/hard/libc.a(lib_a-lock.o)
 .bss           0x0000000020000650        0x0 /home/khaled/ti/ccsv8/tools/compiler/gcc-arm-none-eabi-7-2017-q4-major/bin/../lib/gcc/arm-none-eabi/7.2.1/../../../../arm-none-eabi/lib/thumb/v7e-m/fpv4-sp/hard/libc.a(lib_a-__atexit.o)
 .bss           0x0000000020000650        0x0 /home/khaled/ti/ccsv8/tools/compiler/gcc-arm-none-eabi-7-2017-q4-major/bin/../lib/gcc/arm-none-eabi/7.2.1/../../../../arm-none-eabi/lib/thumb/v7e-m/fpv4-sp/hard/libnosys.a(_exit.o)
 .bss           0x0000000020000650        0x0 /home/khaled/ti/ccsv8/tools/compiler/gcc-arm-none-eabi-7-2017-q4-major/bin/../lib/gcc/arm-none-eabi/7.2.1/thumb/v7e-m/fpv4-sp/hard/crtend.o
 .bss           0x0000000020000650        0x0 /home/khaled/ti/ccsv8/tools/compiler/gcc-arm-none-eabi-7-2017-q4-major/bin/../lib/gcc/arm-none-eabi/7.2.1/thumb/v7e-m/fpv4-sp/hard/crtn.o
 *(.bss*)
 .bss.l_tickCtr
                0x0000000020000650        0x4 ./bsp.o
 *(COMMON)
 COMMON         0x0000000020000654      0x2a4 ./main.o
                0x0000000020000654                stack_blinky2
                0x00000000200006f4                stack_blinky1
                0x0000000020000794                blinky3
                0x00000000200007a0                stack_blinky3
                0x0000000020000840                blinky1
                0x000000002000084c                blinky2
                0x0000000020000858                stack_idleThread
 COMMON         0x00000000200008f8       0xa0 ./miros.o
                0x00000000200008f8                OS_readySet
                0x00000000200008fc                OS_next
                0x0000000020000900                OS_curr
                0x0000000020000904                idleThread
                0x0000000020000910                OS_thread
                0x0000000020000994                OS_delayedSet
 COMMON         0x0000000020000998       0x21 /home/khaled/ti/ccsv8/tools/compiler/gcc-arm-none-eabi-7-2017-q4-major/bin/../lib/gcc/arm-none-eabi/7.2.1/../../../../arm-none-eabi/lib/thumb/v7e-m/fpv4-sp/hard/libc.a(lib_a-lock.o)
                0x0000000020000998                __lock___atexit_recursive_mutex
                0x000000002000099c                __lock___arc4random_mutex
                0x00000000200009a0                __lock___env_recursive_mutex
                0x00000000200009a4                __lock___sinit_recursive_mutex
                0x00000000200009a8                __lock___malloc_recursive_mutex
                0x00000000200009ac                __lock___at_quick_exit_mutex
                0x00000000200009b0                __lock___dd_hash_mutex
                0x00000000200009b4                __lock___tz_mutex
                0x00000000200009b8                __lock___sfp_recursive_mutex
                0x00000000200009bc                . = ALIGN (0x4)
 *fill*         0x00000000200009b9        0x3 
                0x00000000200009bc                _ebss = .
                0x00000000200009bc                __bss_end__ = .
                [!provide]                        PROVIDE (end, _ebss)
                [!provide]                        PROVIDE (_end, _ebss)
                [!provide]                        PROVIDE (__end__, _ebss)

.heap           0x00000000200009bc        0x0
                0x00000000200009bc                __heap_start__ = .
                0x00000000200009bc                . = (. + HEAP_SIZE)
                0x00000000200009bc                . = ALIGN (0x4)
                0x00000000200009bc                __heap_end__ = .

/DISCARD/
 libc.a(*)
 libm.a(*)
 libgcc.a(*)
START GROUP
LOAD /home/khaled/ti/ccsv8/tools/compiler/gcc-arm-none-eabi-7-2017-q4-major/bin/../lib/gcc/arm-none-eabi/7.2.1/thumb/v7e-m/fpv4-sp/hard/libgcc.a
LOAD /home/khaled/ti/ccsv8/tools/compiler/gcc-arm-none-eabi-7-2017-q4-major/bin/../lib/gcc/arm-none-eabi/7.2.1/../../../../arm-none-eabi/lib/thumb/v7e-m/fpv4-sp/hard/libg.a
LOAD /home/khaled/ti/ccsv8/tools/compiler/gcc-arm-none-eabi-7-2017-q4-major/bin/../lib/gcc/arm-none-eabi/7.2.1/../../../../arm-none-eabi/lib/thumb/v7e-m/fpv4-sp/hard/libc.a
END GROUP
START GROUP
LOAD /home/khaled/ti/ccsv8/tools/compiler/gcc-arm-none-eabi-7-2017-q4-major/bin/../lib/gcc/arm-none-eabi/7.2.1/thumb/v7e-m/fpv4-sp/hard/libgcc.a
LOAD /home/khaled/ti/ccsv8/tools/compiler/gcc-arm-none-eabi-7-2017-q4-major/bin/../lib/gcc/arm-none-eabi/7.2.1/../../../../arm-none-eabi/lib/thumb/v7e-m/fpv4-sp/hard/libc.a
LOAD /home/khaled/ti/ccsv8/tools/compiler/gcc-arm-none-eabi-7-2017-q4-major/bin/../lib/gcc/arm-none-eabi/7.2.1/../../../../arm-none-eabi/lib/thumb/v7e-m/fpv4-sp/hard/libnosys.a
END GROUP
LOAD /home/khaled/ti/ccsv8/tools/compiler/gcc-arm-none-eabi-7-2017-q4-major/bin/../lib/gcc/arm-none-eabi/7.2.1/thumb/v7e-m/fpv4-sp/hard/crtend.o
LOAD /home/khaled/ti/ccsv8/tools/compiler/gcc-arm-none-eabi-7-2017-q4-major/bin/../lib/gcc/arm-none-eabi/7.2.1/thumb/v7e-m/fpv4-sp/hard/crtn.o
OUTPUT(RTOS.out elf32-littlearm)

.ARM.attributes
                0x0000000000000000       0x30
 .ARM.attributes
                0x0000000000000000       0x22 /home/khaled/ti/ccsv8/tools/compiler/gcc-arm-none-eabi-7-2017-q4-major/bin/../lib/gcc/arm-none-eabi/7.2.1/thumb/v7e-m/fpv4-sp/hard/crti.o
 .ARM.attributes
                0x0000000000000022       0x34 /home/khaled/ti/ccsv8/tools/compiler/gcc-arm-none-eabi-7-2017-q4-major/bin/../lib/gcc/arm-none-eabi/7.2.1/thumb/v7e-m/fpv4-sp/hard/crtbegin.o
 .ARM.attributes
                0x0000000000000056       0x20 /home/khaled/ti/ccsv8/tools/compiler/gcc-arm-none-eabi-7-2017-q4-major/bin/../lib/gcc/arm-none-eabi/7.2.1/../../../../arm-none-eabi/lib/thumb/v7e-m/fpv4-sp/hard/crt0.o
 .ARM.attributes
                0x0000000000000076       0x39 ./bsp.o
 .ARM.attributes
                0x00000000000000af       0x39 ./main.o
 .ARM.attributes
                0x00000000000000e8       0x39 ./miros.o
 .ARM.attributes
                0x0000000000000121       0x39 ./startup_tm4c_gnu.o
 .ARM.attributes
                0x000000000000015a       0x34 /home/khaled/ti/ccsv8/tools/compiler/gcc-arm-none-eabi-7-2017-q4-major/bin/../lib/gcc/arm-none-eabi/7.2.1/../../../../arm-none-eabi/lib/thumb/v7e-m/fpv4-sp/hard/libnosys.a(_exit.o)
 .ARM.attributes
                0x000000000000018e       0x34 /home/khaled/ti/ccsv8/tools/compiler/gcc-arm-none-eabi-7-2017-q4-major/bin/../lib/gcc/arm-none-eabi/7.2.1/thumb/v7e-m/fpv4-sp/hard/crtend.o
 .ARM.attributes
                0x00000000000001c2       0x22 /home/khaled/ti/ccsv8/tools/compiler/gcc-arm-none-eabi-7-2017-q4-major/bin/../lib/gcc/arm-none-eabi/7.2.1/thumb/v7e-m/fpv4-sp/hard/crtn.o

.comment        0x0000000000000000       0x7e
 .comment       0x0000000000000000       0x7e ./bsp.o
                                         0x7f (size before relaxing)
 .comment       0x000000000000007e       0x7f ./main.o
 .comment       0x000000000000007e       0x7f ./miros.o
 .comment       0x000000000000007e       0x7f ./startup_tm4c_gnu.o

.debug_info     0x0000000000000000     0x18d9
 .debug_info    0x0000000000000000     0x1100 ./bsp.o
 .debug_info    0x0000000000001100      0x20b ./main.o
 .debug_info    0x000000000000130b      0x423 ./miros.o
 .debug_info    0x000000000000172e      0x1ab ./startup_tm4c_gnu.o

.debug_abbrev   0x0000000000000000      0x535
 .debug_abbrev  0x0000000000000000      0x178 ./bsp.o
 .debug_abbrev  0x0000000000000178      0x10c ./main.o
 .debug_abbrev  0x0000000000000284      0x1d3 ./miros.o
 .debug_abbrev  0x0000000000000457       0xde ./startup_tm4c_gnu.o

.debug_loc      0x0000000000000000      0x1b6
 .debug_loc     0x0000000000000000       0x13 ./bsp.o
 .debug_loc     0x0000000000000013      0x15c ./miros.o
 .debug_loc     0x000000000000016f       0x47 ./startup_tm4c_gnu.o

.debug_aranges  0x0000000000000000      0x150
 .debug_aranges
                0x0000000000000000       0x70 ./bsp.o
 .debug_aranges
                0x0000000000000070       0x38 ./main.o
 .debug_aranges
                0x00000000000000a8       0x58 ./miros.o
 .debug_aranges
                0x0000000000000100       0x50 ./startup_tm4c_gnu.o

.debug_ranges   0x0000000000000000      0x128
 .debug_ranges  0x0000000000000000       0x60 ./bsp.o
 .debug_ranges  0x0000000000000060       0x28 ./main.o
 .debug_ranges  0x0000000000000088       0x60 ./miros.o
 .debug_ranges  0x00000000000000e8       0x40 ./startup_tm4c_gnu.o

.debug_line     0x0000000000000000      0x74a
 .debug_line    0x0000000000000000      0x254 ./bsp.o
 .debug_line    0x0000000000000254      0x1a7 ./main.o
 .debug_line    0x00000000000003fb      0x287 ./miros.o
 .debug_line    0x0000000000000682       0xc8 ./startup_tm4c_gnu.o

.debug_str      0x0000000000000000      0xb4e
 .debug_str     0x0000000000000000      0x8ac ./bsp.o
                                        0x90d (size before relaxing)
 .debug_str     0x00000000000008ac       0x87 ./main.o
                                        0x265 (size before relaxing)
 .debug_str     0x0000000000000933      0x103 ./miros.o
                                        0x30a (size before relaxing)
 .debug_str     0x0000000000000a36      0x118 ./startup_tm4c_gnu.o
                                        0x227 (size before relaxing)

.debug_frame    0x0000000000000000      0x2ac
 .debug_frame   0x0000000000000000       0xc8 ./bsp.o
 .debug_frame   0x00000000000000c8       0x78 ./main.o
 .debug_frame   0x0000000000000140       0xc4 ./miros.o
 .debug_frame   0x0000000000000204       0x88 ./startup_tm4c_gnu.o
 .debug_frame   0x000000000000028c       0x20 /home/khaled/ti/ccsv8/tools/compiler/gcc-arm-none-eabi-7-2017-q4-major/bin/../lib/gcc/arm-none-eabi/7.2.1/../../../../arm-none-eabi/lib/thumb/v7e-m/fpv4-sp/hard/libnosys.a(_exit.o)
