Archive member included to satisfy reference by file (symbol)

/usr/lib/gcc/avr/4.9.2/avr5/libgcc.a(_udivmodsi4.o)
                              UART_prog.o (__udivmodsi4)
/usr/lib/gcc/avr/4.9.2/avr5/libgcc.a(_exit.o)
                              /usr/lib/gcc/avr/4.9.2/../../../avr/lib/avr5/crtatmega32.o (exit)
/usr/lib/gcc/avr/4.9.2/avr5/libgcc.a(_copy_data.o)
                              main.o (__do_copy_data)
/usr/lib/gcc/avr/4.9.2/avr5/libgcc.a(_clear_bss.o)
                              main.o (__do_clear_bss)
/usr/lib/gcc/avr/4.9.2/../../../avr/lib/avr5/libm.a(addsf3.o)
                              main.o (__subsf3)
/usr/lib/gcc/avr/4.9.2/../../../avr/lib/avr5/libm.a(addsf3x.o)
                              /usr/lib/gcc/avr/4.9.2/../../../avr/lib/avr5/libm.a(addsf3.o) (__addsf3x)
/usr/lib/gcc/avr/4.9.2/../../../avr/lib/avr5/libm.a(atan2.o)
                              main.o (atan2)
/usr/lib/gcc/avr/4.9.2/../../../avr/lib/avr5/libm.a(atan.o)
                              /usr/lib/gcc/avr/4.9.2/../../../avr/lib/avr5/libm.a(atan2.o) (atan)
/usr/lib/gcc/avr/4.9.2/../../../avr/lib/avr5/libm.a(cmpsf2.o)
                              main.o (__ltsf2)
/usr/lib/gcc/avr/4.9.2/../../../avr/lib/avr5/libm.a(divsf3.o)
                              main.o (__divsf3)
/usr/lib/gcc/avr/4.9.2/../../../avr/lib/avr5/libm.a(divsf3x.o)
                              /usr/lib/gcc/avr/4.9.2/../../../avr/lib/avr5/libm.a(divsf3.o) (__divsf3x)
/usr/lib/gcc/avr/4.9.2/../../../avr/lib/avr5/libm.a(fixsfsi.o)
                              main.o (__fixsfsi)
/usr/lib/gcc/avr/4.9.2/../../../avr/lib/avr5/libm.a(fixunssfsi.o)
                              /usr/lib/gcc/avr/4.9.2/../../../avr/lib/avr5/libm.a(fixsfsi.o) (__fixunssfsi)
/usr/lib/gcc/avr/4.9.2/../../../avr/lib/avr5/libm.a(floatsisf.o)
                              main.o (__floatunsisf)
/usr/lib/gcc/avr/4.9.2/../../../avr/lib/avr5/libm.a(fp_cmp.o)
                              /usr/lib/gcc/avr/4.9.2/../../../avr/lib/avr5/libm.a(cmpsf2.o) (__fp_cmp)
/usr/lib/gcc/avr/4.9.2/../../../avr/lib/avr5/libm.a(fp_inf.o)
                              /usr/lib/gcc/avr/4.9.2/../../../avr/lib/avr5/libm.a(addsf3x.o) (__fp_inf)
/usr/lib/gcc/avr/4.9.2/../../../avr/lib/avr5/libm.a(fp_nan.o)
                              /usr/lib/gcc/avr/4.9.2/../../../avr/lib/avr5/libm.a(addsf3x.o) (__fp_nan)
/usr/lib/gcc/avr/4.9.2/../../../avr/lib/avr5/libm.a(fp_powser.o)
                              /usr/lib/gcc/avr/4.9.2/../../../avr/lib/avr5/libm.a(atan.o) (__fp_powser)
/usr/lib/gcc/avr/4.9.2/../../../avr/lib/avr5/libm.a(fp_pscA.o)
                              /usr/lib/gcc/avr/4.9.2/../../../avr/lib/avr5/libm.a(addsf3x.o) (__fp_pscA)
/usr/lib/gcc/avr/4.9.2/../../../avr/lib/avr5/libm.a(fp_pscB.o)
                              /usr/lib/gcc/avr/4.9.2/../../../avr/lib/avr5/libm.a(addsf3x.o) (__fp_pscB)
/usr/lib/gcc/avr/4.9.2/../../../avr/lib/avr5/libm.a(fp_round.o)
                              /usr/lib/gcc/avr/4.9.2/../../../avr/lib/avr5/libm.a(addsf3.o) (__fp_round)
/usr/lib/gcc/avr/4.9.2/../../../avr/lib/avr5/libm.a(fp_split3.o)
                              /usr/lib/gcc/avr/4.9.2/../../../avr/lib/avr5/libm.a(addsf3x.o) (__fp_split3)
/usr/lib/gcc/avr/4.9.2/../../../avr/lib/avr5/libm.a(fp_zero.o)
                              /usr/lib/gcc/avr/4.9.2/../../../avr/lib/avr5/libm.a(addsf3x.o) (__fp_zero)
/usr/lib/gcc/avr/4.9.2/../../../avr/lib/avr5/libm.a(gesf2.o)
                              main.o (__gtsf2)
/usr/lib/gcc/avr/4.9.2/../../../avr/lib/avr5/libm.a(inverse.o)
                              /usr/lib/gcc/avr/4.9.2/../../../avr/lib/avr5/libm.a(atan.o) (inverse)
/usr/lib/gcc/avr/4.9.2/../../../avr/lib/avr5/libm.a(mulsf3.o)
                              main.o (__mulsf3)
/usr/lib/gcc/avr/4.9.2/../../../avr/lib/avr5/libm.a(mulsf3x.o)
                              /usr/lib/gcc/avr/4.9.2/../../../avr/lib/avr5/libm.a(atan.o) (__mulsf3x)
/usr/lib/gcc/avr/4.9.2/../../../avr/lib/avr5/libm.a(sqrt.o)
                              main.o (sqrt)
/usr/lib/gcc/avr/4.9.2/../../../avr/lib/avr5/libm.a(square.o)
                              /usr/lib/gcc/avr/4.9.2/../../../avr/lib/avr5/libm.a(atan.o) (square)
/usr/lib/gcc/avr/4.9.2/../../../avr/lib/avr5/libm.a(fp_mpack.o)
                              /usr/lib/gcc/avr/4.9.2/../../../avr/lib/avr5/libm.a(sqrt.o) (__fp_mpack)
/usr/lib/gcc/avr/4.9.2/../../../avr/lib/avr5/libm.a(fp_norm2.o)
                              /usr/lib/gcc/avr/4.9.2/../../../avr/lib/avr5/libm.a(sqrt.o) (__fp_norm2)
/usr/lib/gcc/avr/4.9.2/../../../avr/lib/avr5/libc.a(dtostrf.o)
                              main.o (dtostrf)
/usr/lib/gcc/avr/4.9.2/../../../avr/lib/avr5/libc.a(sprintf.o)
                              main.o (sprintf)
/usr/lib/gcc/avr/4.9.2/../../../avr/lib/avr5/libc.a(vfprintf_std.o)
                              /usr/lib/gcc/avr/4.9.2/../../../avr/lib/avr5/libc.a(sprintf.o) (vfprintf)
/usr/lib/gcc/avr/4.9.2/../../../avr/lib/avr5/libc.a(dtoa_prf.o)
                              /usr/lib/gcc/avr/4.9.2/../../../avr/lib/avr5/libc.a(dtostrf.o) (dtoa_prf)
/usr/lib/gcc/avr/4.9.2/../../../avr/lib/avr5/libc.a(ftoa_engine.o)
                              /usr/lib/gcc/avr/4.9.2/../../../avr/lib/avr5/libc.a(dtoa_prf.o) (__ftoa_engine)
/usr/lib/gcc/avr/4.9.2/../../../avr/lib/avr5/libc.a(strnlen_P.o)
                              /usr/lib/gcc/avr/4.9.2/../../../avr/lib/avr5/libc.a(vfprintf_std.o) (strnlen_P)
/usr/lib/gcc/avr/4.9.2/../../../avr/lib/avr5/libc.a(strnlen.o)
                              /usr/lib/gcc/avr/4.9.2/../../../avr/lib/avr5/libc.a(vfprintf_std.o) (strnlen)
/usr/lib/gcc/avr/4.9.2/../../../avr/lib/avr5/libc.a(fputc.o)
                              /usr/lib/gcc/avr/4.9.2/../../../avr/lib/avr5/libc.a(vfprintf_std.o) (fputc)
/usr/lib/gcc/avr/4.9.2/../../../avr/lib/avr5/libc.a(ultoa_invert.o)
                              /usr/lib/gcc/avr/4.9.2/../../../avr/lib/avr5/libc.a(vfprintf_std.o) (__ultoa_invert)
/usr/lib/gcc/avr/4.9.2/avr5/libgcc.a(_prologue.o)
                              /usr/lib/gcc/avr/4.9.2/../../../avr/lib/avr5/libc.a(sprintf.o) (__prologue_saves__)
/usr/lib/gcc/avr/4.9.2/avr5/libgcc.a(_epilogue.o)
                              /usr/lib/gcc/avr/4.9.2/../../../avr/lib/avr5/libc.a(sprintf.o) (__epilogue_restores__)

Allocating common symbols
Common symbol       size              file

abs_Xa              0x4               main.o
Acc_z               0x4               MPU_6050_prog.o
Gyro_x              0x4               MPU_6050_prog.o
Temperature         0x4               MPU_6050_prog.o
abs_Ya              0x4               main.o
abs_Za              0x4               main.o
x_angle             0x4               main.o
Acc_y               0x4               MPU_6050_prog.o
Roll                0x4               main.o
S                   0x4               main.o
Roll_res            0x4               main.o
Gyro_z              0x4               MPU_6050_prog.o
Acc_x               0x4               MPU_6050_prog.o
Pitch_res           0x4               main.o
y                   0x4               main.o
K_1                 0x4               main.o
Gyro_y              0x4               MPU_6050_prog.o
dt                  0x4               main.o
K_0                 0x4               main.o
Pitch               0x4               main.o

Memory Configuration

Name             Origin             Length             Attributes
text             0x0000000000000000 0x0000000000020000 xr
data             0x0000000000800060 0x000000000000ffa0 rw !x
eeprom           0x0000000000810000 0x0000000000010000 rw !x
fuse             0x0000000000820000 0x0000000000000400 rw !x
lock             0x0000000000830000 0x0000000000000400 rw !x
signature        0x0000000000840000 0x0000000000000400 rw !x
user_signatures  0x0000000000850000 0x0000000000000400 rw !x
*default*        0x0000000000000000 0xffffffffffffffff

Linker script and memory map

LOAD /usr/lib/gcc/avr/4.9.2/../../../avr/lib/avr5/crtatmega32.o
LOAD main.o
LOAD I2C_Master_prog.o
LOAD UART_prog.o
LOAD MPU_6050_prog.o
START GROUP
LOAD /usr/lib/gcc/avr/4.9.2/avr5/libgcc.a
LOAD /usr/lib/gcc/avr/4.9.2/../../../avr/lib/avr5/libm.a
LOAD /usr/lib/gcc/avr/4.9.2/../../../avr/lib/avr5/libc.a
LOAD /usr/lib/gcc/avr/4.9.2/../../../avr/lib/avr5/libatmega32.a
END GROUP

.hash
 *(.hash)

.dynsym
 *(.dynsym)

.dynstr
 *(.dynstr)

.gnu.version
 *(.gnu.version)

.gnu.version_d
 *(.gnu.version_d)

.gnu.version_r
 *(.gnu.version_r)

.rel.init
 *(.rel.init)

.rela.init
 *(.rela.init)

.rel.text
 *(.rel.text)
 *(.rel.text.*)
 *(.rel.gnu.linkonce.t*)

.rela.text
 *(.rela.text)
 *(.rela.text.*)
 *(.rela.gnu.linkonce.t*)

.rel.fini
 *(.rel.fini)

.rela.fini
 *(.rela.fini)

.rel.rodata
 *(.rel.rodata)
 *(.rel.rodata.*)
 *(.rel.gnu.linkonce.r*)

.rela.rodata
 *(.rela.rodata)
 *(.rela.rodata.*)
 *(.rela.gnu.linkonce.r*)

.rel.data
 *(.rel.data)
 *(.rel.data.*)
 *(.rel.gnu.linkonce.d*)

.rela.data
 *(.rela.data)
 *(.rela.data.*)
 *(.rela.gnu.linkonce.d*)

.rel.ctors
 *(.rel.ctors)

.rela.ctors
 *(.rela.ctors)

.rel.dtors
 *(.rel.dtors)

.rela.dtors
 *(.rela.dtors)

.rel.got
 *(.rel.got)

.rela.got
 *(.rela.got)

.rel.bss
 *(.rel.bss)

.rela.bss
 *(.rela.bss)

.rel.plt
 *(.rel.plt)

.rela.plt
 *(.rela.plt)

.text           0x0000000000000000     0x1f62
 *(.vectors)
 .vectors       0x0000000000000000       0x54 /usr/lib/gcc/avr/4.9.2/../../../avr/lib/avr5/crtatmega32.o
                0x0000000000000000                __vectors
                0x0000000000000000                __vector_default
 *(.vectors)
 *(.progmem.gcc*)
 .progmem.gcc_fplib
                0x0000000000000054       0x2d /usr/lib/gcc/avr/4.9.2/../../../avr/lib/avr5/libm.a(atan.o)
                0x0000000000000082                . = ALIGN (0x2)
 *fill*         0x0000000000000081        0x1 
                0x0000000000000082                __trampolines_start = .
 *(.trampolines)
 .trampolines   0x0000000000000082        0x0 linker stubs
 *(.trampolines*)
                0x0000000000000082                __trampolines_end = .
 *(.progmem*)
 .progmem.data  0x0000000000000082       0xfa /usr/lib/gcc/avr/4.9.2/../../../avr/lib/avr5/libc.a(ftoa_engine.o)
                0x000000000000017c                . = ALIGN (0x2)
 *(.jumptables)
 *(.jumptables*)
 *(.lowtext)
 *(.lowtext*)
                0x000000000000017c                __ctors_start = .
 *(.ctors)
                0x000000000000017c                __ctors_end = .
                0x000000000000017c                __dtors_start = .
 *(.dtors)
                0x000000000000017c                __dtors_end = .
 SORT(*)(.ctors)
 SORT(*)(.dtors)
 *(.init0)
 .init0         0x000000000000017c        0x0 /usr/lib/gcc/avr/4.9.2/../../../avr/lib/avr5/crtatmega32.o
                0x000000000000017c                __init
 *(.init0)
 *(.init1)
 *(.init1)
 *(.init2)
 .init2         0x000000000000017c        0xc /usr/lib/gcc/avr/4.9.2/../../../avr/lib/avr5/crtatmega32.o
 *(.init2)
 *(.init3)
 *(.init3)
 *(.init4)
 .init4         0x0000000000000188       0x16 /usr/lib/gcc/avr/4.9.2/avr5/libgcc.a(_copy_data.o)
                0x0000000000000188                __do_copy_data
 .init4         0x000000000000019e       0x10 /usr/lib/gcc/avr/4.9.2/avr5/libgcc.a(_clear_bss.o)
                0x000000000000019e                __do_clear_bss
 *(.init4)
 *(.init5)
 *(.init5)
 *(.init6)
 *(.init6)
 *(.init7)
 *(.init7)
 *(.init8)
 *(.init8)
 *(.init9)
 .init9         0x00000000000001ae        0x8 /usr/lib/gcc/avr/4.9.2/../../../avr/lib/avr5/crtatmega32.o
 *(.init9)
 *(.text)
 .text          0x00000000000001b6        0x4 /usr/lib/gcc/avr/4.9.2/../../../avr/lib/avr5/crtatmega32.o
                0x00000000000001b6                __vector_1
                0x00000000000001b6                __vector_12
                0x00000000000001b6                __bad_interrupt
                0x00000000000001b6                __vector_6
                0x00000000000001b6                __vector_3
                0x00000000000001b6                __vector_11
                0x00000000000001b6                __vector_13
                0x00000000000001b6                __vector_17
                0x00000000000001b6                __vector_19
                0x00000000000001b6                __vector_7
                0x00000000000001b6                __vector_5
                0x00000000000001b6                __vector_4
                0x00000000000001b6                __vector_9
                0x00000000000001b6                __vector_2
                0x00000000000001b6                __vector_15
                0x00000000000001b6                __vector_8
                0x00000000000001b6                __vector_14
                0x00000000000001b6                __vector_10
                0x00000000000001b6                __vector_16
                0x00000000000001b6                __vector_18
                0x00000000000001b6                __vector_20
 .text          0x00000000000001ba      0x396 main.o
                0x00000000000001ba                timer1_init
                0x00000000000001c6                kalmanCalculate
 .text          0x0000000000000550      0x112 I2C_Master_prog.o
                0x0000000000000550                I2C_Init
                0x0000000000000558                I2C_Start
                0x0000000000000592                I2C_Repeated_Start
                0x00000000000005cc                I2C_Stop
                0x00000000000005d8                I2C_Start_Wait
                0x0000000000000622                I2C_Write
                0x0000000000000646                I2C_Read_Ack
                0x0000000000000654                I2C_Read_Nack
 .text          0x0000000000000662       0x6e UART_prog.o
                0x0000000000000662                USART_Init
                0x00000000000006a8                USART_RxChar
                0x00000000000006b0                USART_TxChar
                0x00000000000006b8                USART_SendString
 .text          0x00000000000006d0      0x234 MPU_6050_prog.o
                0x00000000000006d0                MPU6050_Init
                0x0000000000000750                MPU_Start_Loc
                0x0000000000000762                Read_RawValue
 .text          0x0000000000000904        0x0 /usr/lib/gcc/avr/4.9.2/avr5/libgcc.a(_udivmodsi4.o)
 .text          0x0000000000000904        0x0 /usr/lib/gcc/avr/4.9.2/avr5/libgcc.a(_exit.o)
 .text          0x0000000000000904        0x0 /usr/lib/gcc/avr/4.9.2/avr5/libgcc.a(_copy_data.o)
 .text          0x0000000000000904        0x0 /usr/lib/gcc/avr/4.9.2/avr5/libgcc.a(_clear_bss.o)
 .text          0x0000000000000904        0x0 /usr/lib/gcc/avr/4.9.2/../../../avr/lib/avr5/libm.a(addsf3.o)
 .text          0x0000000000000904        0x0 /usr/lib/gcc/avr/4.9.2/../../../avr/lib/avr5/libm.a(addsf3x.o)
 .text          0x0000000000000904        0x0 /usr/lib/gcc/avr/4.9.2/../../../avr/lib/avr5/libm.a(atan2.o)
 .text          0x0000000000000904        0x0 /usr/lib/gcc/avr/4.9.2/../../../avr/lib/avr5/libm.a(atan.o)
 .text          0x0000000000000904        0x0 /usr/lib/gcc/avr/4.9.2/../../../avr/lib/avr5/libm.a(cmpsf2.o)
 .text          0x0000000000000904        0x0 /usr/lib/gcc/avr/4.9.2/../../../avr/lib/avr5/libm.a(divsf3.o)
 .text          0x0000000000000904        0x0 /usr/lib/gcc/avr/4.9.2/../../../avr/lib/avr5/libm.a(divsf3x.o)
 .text          0x0000000000000904        0x0 /usr/lib/gcc/avr/4.9.2/../../../avr/lib/avr5/libm.a(fixsfsi.o)
 .text          0x0000000000000904        0x0 /usr/lib/gcc/avr/4.9.2/../../../avr/lib/avr5/libm.a(fixunssfsi.o)
 .text          0x0000000000000904        0x0 /usr/lib/gcc/avr/4.9.2/../../../avr/lib/avr5/libm.a(floatsisf.o)
 .text          0x0000000000000904        0x0 /usr/lib/gcc/avr/4.9.2/../../../avr/lib/avr5/libm.a(fp_cmp.o)
 .text          0x0000000000000904        0x0 /usr/lib/gcc/avr/4.9.2/../../../avr/lib/avr5/libm.a(fp_inf.o)
 .text          0x0000000000000904        0x0 /usr/lib/gcc/avr/4.9.2/../../../avr/lib/avr5/libm.a(fp_nan.o)
 .text          0x0000000000000904        0x0 /usr/lib/gcc/avr/4.9.2/../../../avr/lib/avr5/libm.a(fp_powser.o)
 .text          0x0000000000000904        0x0 /usr/lib/gcc/avr/4.9.2/../../../avr/lib/avr5/libm.a(fp_pscA.o)
 .text          0x0000000000000904        0x0 /usr/lib/gcc/avr/4.9.2/../../../avr/lib/avr5/libm.a(fp_pscB.o)
 .text          0x0000000000000904        0x0 /usr/lib/gcc/avr/4.9.2/../../../avr/lib/avr5/libm.a(fp_round.o)
 .text          0x0000000000000904        0x0 /usr/lib/gcc/avr/4.9.2/../../../avr/lib/avr5/libm.a(fp_split3.o)
 .text          0x0000000000000904        0x0 /usr/lib/gcc/avr/4.9.2/../../../avr/lib/avr5/libm.a(fp_zero.o)
 .text          0x0000000000000904        0x0 /usr/lib/gcc/avr/4.9.2/../../../avr/lib/avr5/libm.a(gesf2.o)
 .text          0x0000000000000904        0x0 /usr/lib/gcc/avr/4.9.2/../../../avr/lib/avr5/libm.a(inverse.o)
 .text          0x0000000000000904        0x0 /usr/lib/gcc/avr/4.9.2/../../../avr/lib/avr5/libm.a(mulsf3.o)
 .text          0x0000000000000904        0x0 /usr/lib/gcc/avr/4.9.2/../../../avr/lib/avr5/libm.a(mulsf3x.o)
 .text          0x0000000000000904        0x0 /usr/lib/gcc/avr/4.9.2/../../../avr/lib/avr5/libm.a(sqrt.o)
 .text          0x0000000000000904        0x0 /usr/lib/gcc/avr/4.9.2/../../../avr/lib/avr5/libm.a(square.o)
 .text          0x0000000000000904        0x0 /usr/lib/gcc/avr/4.9.2/../../../avr/lib/avr5/libm.a(fp_mpack.o)
 .text          0x0000000000000904        0x0 /usr/lib/gcc/avr/4.9.2/../../../avr/lib/avr5/libm.a(fp_norm2.o)
 .text          0x0000000000000904        0x0 /usr/lib/gcc/avr/4.9.2/../../../avr/lib/avr5/libc.a(dtostrf.o)
 .text          0x0000000000000904        0x0 /usr/lib/gcc/avr/4.9.2/../../../avr/lib/avr5/libc.a(sprintf.o)
 .text          0x0000000000000904        0x0 /usr/lib/gcc/avr/4.9.2/../../../avr/lib/avr5/libc.a(vfprintf_std.o)
 .text          0x0000000000000904        0x0 /usr/lib/gcc/avr/4.9.2/../../../avr/lib/avr5/libc.a(dtoa_prf.o)
 .text          0x0000000000000904        0x0 /usr/lib/gcc/avr/4.9.2/../../../avr/lib/avr5/libc.a(ftoa_engine.o)
 .text          0x0000000000000904        0x0 /usr/lib/gcc/avr/4.9.2/../../../avr/lib/avr5/libc.a(strnlen_P.o)
 .text          0x0000000000000904        0x0 /usr/lib/gcc/avr/4.9.2/../../../avr/lib/avr5/libc.a(strnlen.o)
 .text          0x0000000000000904        0x0 /usr/lib/gcc/avr/4.9.2/../../../avr/lib/avr5/libc.a(fputc.o)
 .text          0x0000000000000904        0x0 /usr/lib/gcc/avr/4.9.2/../../../avr/lib/avr5/libc.a(ultoa_invert.o)
 .text          0x0000000000000904        0x0 /usr/lib/gcc/avr/4.9.2/avr5/libgcc.a(_prologue.o)
 .text          0x0000000000000904        0x0 /usr/lib/gcc/avr/4.9.2/avr5/libgcc.a(_epilogue.o)
                0x0000000000000904                . = ALIGN (0x2)
 *(.text.*)
 .text.startup  0x0000000000000904      0x4de main.o
                0x0000000000000904                main
 .text.libgcc.mul
                0x0000000000000de2        0x0 /usr/lib/gcc/avr/4.9.2/avr5/libgcc.a(_udivmodsi4.o)
 .text.libgcc.div
                0x0000000000000de2       0x44 /usr/lib/gcc/avr/4.9.2/avr5/libgcc.a(_udivmodsi4.o)
                0x0000000000000de2                __udivmodsi4
 .text.libgcc   0x0000000000000e26        0x0 /usr/lib/gcc/avr/4.9.2/avr5/libgcc.a(_udivmodsi4.o)
 .text.libgcc.prologue
                0x0000000000000e26        0x0 /usr/lib/gcc/avr/4.9.2/avr5/libgcc.a(_udivmodsi4.o)
 .text.libgcc.builtins
                0x0000000000000e26        0x0 /usr/lib/gcc/avr/4.9.2/avr5/libgcc.a(_udivmodsi4.o)
 .text.libgcc.fmul
                0x0000000000000e26        0x0 /usr/lib/gcc/avr/4.9.2/avr5/libgcc.a(_udivmodsi4.o)
 .text.libgcc.fixed
                0x0000000000000e26        0x0 /usr/lib/gcc/avr/4.9.2/avr5/libgcc.a(_udivmodsi4.o)
 .text.libgcc.mul
                0x0000000000000e26        0x0 /usr/lib/gcc/avr/4.9.2/avr5/libgcc.a(_exit.o)
 .text.libgcc.div
                0x0000000000000e26        0x0 /usr/lib/gcc/avr/4.9.2/avr5/libgcc.a(_exit.o)
 .text.libgcc   0x0000000000000e26        0x0 /usr/lib/gcc/avr/4.9.2/avr5/libgcc.a(_exit.o)
 .text.libgcc.prologue
                0x0000000000000e26        0x0 /usr/lib/gcc/avr/4.9.2/avr5/libgcc.a(_exit.o)
 .text.libgcc.builtins
                0x0000000000000e26        0x0 /usr/lib/gcc/avr/4.9.2/avr5/libgcc.a(_exit.o)
 .text.libgcc.fmul
                0x0000000000000e26        0x0 /usr/lib/gcc/avr/4.9.2/avr5/libgcc.a(_exit.o)
 .text.libgcc.fixed
                0x0000000000000e26        0x0 /usr/lib/gcc/avr/4.9.2/avr5/libgcc.a(_exit.o)
 .text.libgcc.mul
                0x0000000000000e26        0x0 /usr/lib/gcc/avr/4.9.2/avr5/libgcc.a(_copy_data.o)
 .text.libgcc.div
                0x0000000000000e26        0x0 /usr/lib/gcc/avr/4.9.2/avr5/libgcc.a(_copy_data.o)
 .text.libgcc   0x0000000000000e26        0x0 /usr/lib/gcc/avr/4.9.2/avr5/libgcc.a(_copy_data.o)
 .text.libgcc.prologue
                0x0000000000000e26        0x0 /usr/lib/gcc/avr/4.9.2/avr5/libgcc.a(_copy_data.o)
 .text.libgcc.builtins
                0x0000000000000e26        0x0 /usr/lib/gcc/avr/4.9.2/avr5/libgcc.a(_copy_data.o)
 .text.libgcc.fmul
                0x0000000000000e26        0x0 /usr/lib/gcc/avr/4.9.2/avr5/libgcc.a(_copy_data.o)
 .text.libgcc.fixed
                0x0000000000000e26        0x0 /usr/lib/gcc/avr/4.9.2/avr5/libgcc.a(_copy_data.o)
 .text.libgcc.mul
                0x0000000000000e26        0x0 /usr/lib/gcc/avr/4.9.2/avr5/libgcc.a(_clear_bss.o)
 .text.libgcc.div
                0x0000000000000e26        0x0 /usr/lib/gcc/avr/4.9.2/avr5/libgcc.a(_clear_bss.o)
 .text.libgcc   0x0000000000000e26        0x0 /usr/lib/gcc/avr/4.9.2/avr5/libgcc.a(_clear_bss.o)
 .text.libgcc.prologue
                0x0000000000000e26        0x0 /usr/lib/gcc/avr/4.9.2/avr5/libgcc.a(_clear_bss.o)
 .text.libgcc.builtins
                0x0000000000000e26        0x0 /usr/lib/gcc/avr/4.9.2/avr5/libgcc.a(_clear_bss.o)
 .text.libgcc.fmul
                0x0000000000000e26        0x0 /usr/lib/gcc/avr/4.9.2/avr5/libgcc.a(_clear_bss.o)
 .text.libgcc.fixed
                0x0000000000000e26        0x0 /usr/lib/gcc/avr/4.9.2/avr5/libgcc.a(_clear_bss.o)
 .text.avr-libc.fplib
                0x0000000000000e26        0xe /usr/lib/gcc/avr/4.9.2/../../../avr/lib/avr5/libm.a(addsf3.o)
                0x0000000000000e26                __subsf3
                0x0000000000000e28                __addsf3
 .text.avr-libc.fplib
                0x0000000000000e34       0xcc /usr/lib/gcc/avr/4.9.2/../../../avr/lib/avr5/libm.a(addsf3x.o)
                0x0000000000000e56                __addsf3x
 .text.avr-libc.fplib
                0x0000000000000f00       0x86 /usr/lib/gcc/avr/4.9.2/../../../avr/lib/avr5/libm.a(atan2.o)
                0x0000000000000f26                atan2
 .text.avr-libc.fplib
                0x0000000000000f86       0x5e /usr/lib/gcc/avr/4.9.2/../../../avr/lib/avr5/libm.a(atan.o)
                0x0000000000000f86                atan
 .text.avr-libc.fplib
                0x0000000000000fe4        0xa /usr/lib/gcc/avr/4.9.2/../../../avr/lib/avr5/libm.a(cmpsf2.o)
                0x0000000000000fe4                __lesf2
                0x0000000000000fe4                __nesf2
                0x0000000000000fe4                __eqsf2
                0x0000000000000fe4                __cmpsf2
                0x0000000000000fe4                __ltsf2
 .text.avr-libc.fplib
                0x0000000000000fee        0x8 /usr/lib/gcc/avr/4.9.2/../../../avr/lib/avr5/libm.a(divsf3.o)
                0x0000000000000fee                __divsf3
 .text.avr-libc.fplib
                0x0000000000000ff6       0xdc /usr/lib/gcc/avr/4.9.2/../../../avr/lib/avr5/libm.a(divsf3x.o)
                0x0000000000001016                __divsf3x
                0x000000000000101c                __divsf3_pse
 .text.avr-libc.fplib
                0x00000000000010d2        0xe /usr/lib/gcc/avr/4.9.2/../../../avr/lib/avr5/libm.a(fixsfsi.o)
                0x00000000000010d2                __fixsfsi
 .text.avr-libc.fplib
                0x00000000000010e0       0x5e /usr/lib/gcc/avr/4.9.2/../../../avr/lib/avr5/libm.a(fixunssfsi.o)
                0x00000000000010e0                __fixunssfsi
 .text.avr-libc.fplib
                0x000000000000113e       0x7a /usr/lib/gcc/avr/4.9.2/../../../avr/lib/avr5/libm.a(floatsisf.o)
                0x000000000000113e                __floatunsisf
                0x0000000000001142                __floatsisf
 .text.avr-libc.fplib
                0x00000000000011b8       0x48 /usr/lib/gcc/avr/4.9.2/../../../avr/lib/avr5/libm.a(fp_cmp.o)
                0x00000000000011b8                __fp_cmp
 .text.avr-libc.fplib
                0x0000000000001200        0xc /usr/lib/gcc/avr/4.9.2/../../../avr/lib/avr5/libm.a(fp_inf.o)
                0x0000000000001200                __fp_inf
 .text.avr-libc.fplib
                0x000000000000120c        0x6 /usr/lib/gcc/avr/4.9.2/../../../avr/lib/avr5/libm.a(fp_nan.o)
                0x000000000000120c                __fp_nan
 .text.avr-libc.fplib
                0x0000000000001212       0x4e /usr/lib/gcc/avr/4.9.2/../../../avr/lib/avr5/libm.a(fp_powser.o)
                0x0000000000001212                __fp_powser
 .text.avr-libc.fplib
                0x0000000000001260        0xe /usr/lib/gcc/avr/4.9.2/../../../avr/lib/avr5/libm.a(fp_pscA.o)
                0x0000000000001260                __fp_pscA
 .text.avr-libc.fplib
                0x000000000000126e        0xe /usr/lib/gcc/avr/4.9.2/../../../avr/lib/avr5/libm.a(fp_pscB.o)
                0x000000000000126e                __fp_pscB
 .text.avr-libc.fplib
                0x000000000000127c       0x22 /usr/lib/gcc/avr/4.9.2/../../../avr/lib/avr5/libm.a(fp_round.o)
                0x000000000000127c                __fp_round
 .text.avr-libc.fplib
                0x000000000000129e       0x44 /usr/lib/gcc/avr/4.9.2/../../../avr/lib/avr5/libm.a(fp_split3.o)
                0x000000000000129e                __fp_split3
                0x00000000000012ae                __fp_splitA
 .text.avr-libc.fplib
                0x00000000000012e2        0xe /usr/lib/gcc/avr/4.9.2/../../../avr/lib/avr5/libm.a(fp_zero.o)
                0x00000000000012e2                __fp_zero
                0x00000000000012e4                __fp_szero
 .text.avr-libc.fplib
                0x00000000000012f0        0xa /usr/lib/gcc/avr/4.9.2/../../../avr/lib/avr5/libm.a(gesf2.o)
                0x00000000000012f0                __gtsf2
                0x00000000000012f0                __gesf2
 .text.avr-libc.fplib
                0x00000000000012fa       0x10 /usr/lib/gcc/avr/4.9.2/../../../avr/lib/avr5/libm.a(inverse.o)
                0x00000000000012fa                inverse
 .text.avr-libc.fplib
                0x000000000000130a        0x8 /usr/lib/gcc/avr/4.9.2/../../../avr/lib/avr5/libm.a(mulsf3.o)
                0x000000000000130a                __mulsf3
 .text.avr-libc.fplib
                0x0000000000001312       0xd2 /usr/lib/gcc/avr/4.9.2/../../../avr/lib/avr5/libm.a(mulsf3x.o)
                0x0000000000001330                __mulsf3x
                0x0000000000001336                __mulsf3_pse
 .text.avr-libc.fplib
                0x00000000000013e4       0x8c /usr/lib/gcc/avr/4.9.2/../../../avr/lib/avr5/libm.a(sqrt.o)
                0x00000000000013f0                sqrt
                0x00000000000013f0                sqrtf
 .text.avr-libc.fplib
                0x0000000000001470        0x8 /usr/lib/gcc/avr/4.9.2/../../../avr/lib/avr5/libm.a(square.o)
                0x0000000000001470                square
 .text.avr-libc.fplib
                0x0000000000001478       0x1c /usr/lib/gcc/avr/4.9.2/../../../avr/lib/avr5/libm.a(fp_mpack.o)
                0x0000000000001478                __fp_mpack
                0x000000000000147c                __fp_mpack_finite
 .text.avr-libc.fplib
                0x0000000000001494        0xe /usr/lib/gcc/avr/4.9.2/../../../avr/lib/avr5/libm.a(fp_norm2.o)
                0x0000000000001494                __fp_norm2
 .text.avr-libc
                0x00000000000014a2       0x40 /usr/lib/gcc/avr/4.9.2/../../../avr/lib/avr5/libc.a(dtostrf.o)
                0x00000000000014a2                dtostrf
 .text.avr-libc
                0x00000000000014e2       0x46 /usr/lib/gcc/avr/4.9.2/../../../avr/lib/avr5/libc.a(sprintf.o)
                0x00000000000014e2                sprintf
 .text.avr-libc
                0x0000000000001528      0x3a4 /usr/lib/gcc/avr/4.9.2/../../../avr/lib/avr5/libc.a(vfprintf_std.o)
                0x0000000000001528                vfprintf
 .text.avr-libc
                0x00000000000018cc      0x31c /usr/lib/gcc/avr/4.9.2/../../../avr/lib/avr5/libc.a(dtoa_prf.o)
                0x00000000000018cc                dtoa_prf
 .text.avr-libc
                0x0000000000001be8      0x1b0 /usr/lib/gcc/avr/4.9.2/../../../avr/lib/avr5/libc.a(ftoa_engine.o)
                0x0000000000001be8                __ftoa_engine
 .text.avr-libc
                0x0000000000001d98       0x16 /usr/lib/gcc/avr/4.9.2/../../../avr/lib/avr5/libc.a(strnlen_P.o)
                0x0000000000001d98                strnlen_P
 .text.avr-libc
                0x0000000000001dae       0x16 /usr/lib/gcc/avr/4.9.2/../../../avr/lib/avr5/libc.a(strnlen.o)
                0x0000000000001dae                strnlen
 .text.avr-libc
                0x0000000000001dc4       0x70 /usr/lib/gcc/avr/4.9.2/../../../avr/lib/avr5/libc.a(fputc.o)
                0x0000000000001dc4                fputc
 .text.avr-libc
                0x0000000000001e34       0xbc /usr/lib/gcc/avr/4.9.2/../../../avr/lib/avr5/libc.a(ultoa_invert.o)
                0x0000000000001e34                __ultoa_invert
 .text.libgcc.mul
                0x0000000000001ef0        0x0 /usr/lib/gcc/avr/4.9.2/avr5/libgcc.a(_prologue.o)
 .text.libgcc.div
                0x0000000000001ef0        0x0 /usr/lib/gcc/avr/4.9.2/avr5/libgcc.a(_prologue.o)
 .text.libgcc   0x0000000000001ef0        0x0 /usr/lib/gcc/avr/4.9.2/avr5/libgcc.a(_prologue.o)
 .text.libgcc.prologue
                0x0000000000001ef0       0x38 /usr/lib/gcc/avr/4.9.2/avr5/libgcc.a(_prologue.o)
                0x0000000000001ef0                __prologue_saves__
 .text.libgcc.builtins
                0x0000000000001f28        0x0 /usr/lib/gcc/avr/4.9.2/avr5/libgcc.a(_prologue.o)
 .text.libgcc.fmul
                0x0000000000001f28        0x0 /usr/lib/gcc/avr/4.9.2/avr5/libgcc.a(_prologue.o)
 .text.libgcc.fixed
                0x0000000000001f28        0x0 /usr/lib/gcc/avr/4.9.2/avr5/libgcc.a(_prologue.o)
 .text.libgcc.mul
                0x0000000000001f28        0x0 /usr/lib/gcc/avr/4.9.2/avr5/libgcc.a(_epilogue.o)
 .text.libgcc.div
                0x0000000000001f28        0x0 /usr/lib/gcc/avr/4.9.2/avr5/libgcc.a(_epilogue.o)
 .text.libgcc   0x0000000000001f28        0x0 /usr/lib/gcc/avr/4.9.2/avr5/libgcc.a(_epilogue.o)
 .text.libgcc.prologue
                0x0000000000001f28       0x36 /usr/lib/gcc/avr/4.9.2/avr5/libgcc.a(_epilogue.o)
                0x0000000000001f28                __epilogue_restores__
 .text.libgcc.builtins
                0x0000000000001f5e        0x0 /usr/lib/gcc/avr/4.9.2/avr5/libgcc.a(_epilogue.o)
 .text.libgcc.fmul
                0x0000000000001f5e        0x0 /usr/lib/gcc/avr/4.9.2/avr5/libgcc.a(_epilogue.o)
 .text.libgcc.fixed
                0x0000000000001f5e        0x0 /usr/lib/gcc/avr/4.9.2/avr5/libgcc.a(_epilogue.o)
                0x0000000000001f5e                . = ALIGN (0x2)
 *(.fini9)
 .fini9         0x0000000000001f5e        0x0 /usr/lib/gcc/avr/4.9.2/avr5/libgcc.a(_exit.o)
                0x0000000000001f5e                exit
                0x0000000000001f5e                _exit
 *(.fini9)
 *(.fini8)
 *(.fini8)
 *(.fini7)
 *(.fini7)
 *(.fini6)
 *(.fini6)
 *(.fini5)
 *(.fini5)
 *(.fini4)
 *(.fini4)
 *(.fini3)
 *(.fini3)
 *(.fini2)
 *(.fini2)
 *(.fini1)
 *(.fini1)
 *(.fini0)
 .fini0         0x0000000000001f5e        0x4 /usr/lib/gcc/avr/4.9.2/avr5/libgcc.a(_exit.o)
 *(.fini0)
                0x0000000000001f62                _etext = .

.data           0x0000000000800060       0x48 load address 0x0000000000001f62
                0x0000000000800060                PROVIDE (__data_start, .)
 *(.data)
 .data          0x0000000000800060        0x0 /usr/lib/gcc/avr/4.9.2/../../../avr/lib/avr5/crtatmega32.o
 .data          0x0000000000800060        0xc main.o
                0x0000000000800060                R_angle
                0x0000000000800064                Q_gyro
                0x0000000000800068                Q_angle
 .data          0x000000000080006c        0x0 I2C_Master_prog.o
 .data          0x000000000080006c        0x0 UART_prog.o
 .data          0x000000000080006c        0x0 MPU_6050_prog.o
 .data          0x000000000080006c        0x0 /usr/lib/gcc/avr/4.9.2/avr5/libgcc.a(_udivmodsi4.o)
 .data          0x000000000080006c        0x0 /usr/lib/gcc/avr/4.9.2/avr5/libgcc.a(_exit.o)
 .data          0x000000000080006c        0x0 /usr/lib/gcc/avr/4.9.2/avr5/libgcc.a(_copy_data.o)
 .data          0x000000000080006c        0x0 /usr/lib/gcc/avr/4.9.2/avr5/libgcc.a(_clear_bss.o)
 .data          0x000000000080006c        0x0 /usr/lib/gcc/avr/4.9.2/../../../avr/lib/avr5/libm.a(addsf3.o)
 .data          0x000000000080006c        0x0 /usr/lib/gcc/avr/4.9.2/../../../avr/lib/avr5/libm.a(addsf3x.o)
 .data          0x000000000080006c        0x0 /usr/lib/gcc/avr/4.9.2/../../../avr/lib/avr5/libm.a(atan2.o)
 .data          0x000000000080006c        0x0 /usr/lib/gcc/avr/4.9.2/../../../avr/lib/avr5/libm.a(atan.o)
 .data          0x000000000080006c        0x0 /usr/lib/gcc/avr/4.9.2/../../../avr/lib/avr5/libm.a(cmpsf2.o)
 .data          0x000000000080006c        0x0 /usr/lib/gcc/avr/4.9.2/../../../avr/lib/avr5/libm.a(divsf3.o)
 .data          0x000000000080006c        0x0 /usr/lib/gcc/avr/4.9.2/../../../avr/lib/avr5/libm.a(divsf3x.o)
 .data          0x000000000080006c        0x0 /usr/lib/gcc/avr/4.9.2/../../../avr/lib/avr5/libm.a(fixsfsi.o)
 .data          0x000000000080006c        0x0 /usr/lib/gcc/avr/4.9.2/../../../avr/lib/avr5/libm.a(fixunssfsi.o)
 .data          0x000000000080006c        0x0 /usr/lib/gcc/avr/4.9.2/../../../avr/lib/avr5/libm.a(floatsisf.o)
 .data          0x000000000080006c        0x0 /usr/lib/gcc/avr/4.9.2/../../../avr/lib/avr5/libm.a(fp_cmp.o)
 .data          0x000000000080006c        0x0 /usr/lib/gcc/avr/4.9.2/../../../avr/lib/avr5/libm.a(fp_inf.o)
 .data          0x000000000080006c        0x0 /usr/lib/gcc/avr/4.9.2/../../../avr/lib/avr5/libm.a(fp_nan.o)
 .data          0x000000000080006c        0x0 /usr/lib/gcc/avr/4.9.2/../../../avr/lib/avr5/libm.a(fp_powser.o)
 .data          0x000000000080006c        0x0 /usr/lib/gcc/avr/4.9.2/../../../avr/lib/avr5/libm.a(fp_pscA.o)
 .data          0x000000000080006c        0x0 /usr/lib/gcc/avr/4.9.2/../../../avr/lib/avr5/libm.a(fp_pscB.o)
 .data          0x000000000080006c        0x0 /usr/lib/gcc/avr/4.9.2/../../../avr/lib/avr5/libm.a(fp_round.o)
 .data          0x000000000080006c        0x0 /usr/lib/gcc/avr/4.9.2/../../../avr/lib/avr5/libm.a(fp_split3.o)
 .data          0x000000000080006c        0x0 /usr/lib/gcc/avr/4.9.2/../../../avr/lib/avr5/libm.a(fp_zero.o)
 .data          0x000000000080006c        0x0 /usr/lib/gcc/avr/4.9.2/../../../avr/lib/avr5/libm.a(gesf2.o)
 .data          0x000000000080006c        0x0 /usr/lib/gcc/avr/4.9.2/../../../avr/lib/avr5/libm.a(inverse.o)
 .data          0x000000000080006c        0x0 /usr/lib/gcc/avr/4.9.2/../../../avr/lib/avr5/libm.a(mulsf3.o)
 .data          0x000000000080006c        0x0 /usr/lib/gcc/avr/4.9.2/../../../avr/lib/avr5/libm.a(mulsf3x.o)
 .data          0x000000000080006c        0x0 /usr/lib/gcc/avr/4.9.2/../../../avr/lib/avr5/libm.a(sqrt.o)
 .data          0x000000000080006c        0x0 /usr/lib/gcc/avr/4.9.2/../../../avr/lib/avr5/libm.a(square.o)
 .data          0x000000000080006c        0x0 /usr/lib/gcc/avr/4.9.2/../../../avr/lib/avr5/libm.a(fp_mpack.o)
 .data          0x000000000080006c        0x0 /usr/lib/gcc/avr/4.9.2/../../../avr/lib/avr5/libm.a(fp_norm2.o)
 .data          0x000000000080006c        0x0 /usr/lib/gcc/avr/4.9.2/../../../avr/lib/avr5/libc.a(dtostrf.o)
 .data          0x000000000080006c        0x0 /usr/lib/gcc/avr/4.9.2/../../../avr/lib/avr5/libc.a(sprintf.o)
 .data          0x000000000080006c        0x0 /usr/lib/gcc/avr/4.9.2/../../../avr/lib/avr5/libc.a(vfprintf_std.o)
 .data          0x000000000080006c        0x0 /usr/lib/gcc/avr/4.9.2/../../../avr/lib/avr5/libc.a(dtoa_prf.o)
 .data          0x000000000080006c        0x0 /usr/lib/gcc/avr/4.9.2/../../../avr/lib/avr5/libc.a(ftoa_engine.o)
 .data          0x000000000080006c        0x0 /usr/lib/gcc/avr/4.9.2/../../../avr/lib/avr5/libc.a(strnlen_P.o)
 .data          0x000000000080006c        0x0 /usr/lib/gcc/avr/4.9.2/../../../avr/lib/avr5/libc.a(strnlen.o)
 .data          0x000000000080006c        0x0 /usr/lib/gcc/avr/4.9.2/../../../avr/lib/avr5/libc.a(fputc.o)
 .data          0x000000000080006c        0x0 /usr/lib/gcc/avr/4.9.2/../../../avr/lib/avr5/libc.a(ultoa_invert.o)
 .data          0x000000000080006c        0x0 /usr/lib/gcc/avr/4.9.2/avr5/libgcc.a(_prologue.o)
 .data          0x000000000080006c        0x0 /usr/lib/gcc/avr/4.9.2/avr5/libgcc.a(_epilogue.o)
 *(.data*)
 *(.rodata)
 *(.rodata*)
 .rodata.str1.1
                0x000000000080006c       0x3b main.o
 *(.gnu.linkonce.d*)
                0x00000000008000a8                . = ALIGN (0x2)
 *fill*         0x00000000008000a7        0x1 
                0x00000000008000a8                _edata = .
                0x00000000008000a8                PROVIDE (__data_end, .)

.bss            0x00000000008000a8       0x6d
                0x00000000008000a8                PROVIDE (__bss_start, .)
 *(.bss)
 .bss           0x00000000008000a8        0x0 /usr/lib/gcc/avr/4.9.2/../../../avr/lib/avr5/crtatmega32.o
 .bss           0x00000000008000a8       0x1d main.o
                0x00000000008000a8                flag
                0x00000000008000a9                P_11
                0x00000000008000ad                P_10
                0x00000000008000b1                P_01
                0x00000000008000b5                P_00
                0x00000000008000b9                x_bias
                0x00000000008000bd                compAngleX
                0x00000000008000c1                gyroXangle
 .bss           0x00000000008000c5        0x0 I2C_Master_prog.o
 .bss           0x00000000008000c5        0x0 UART_prog.o
 .bss           0x00000000008000c5        0x0 MPU_6050_prog.o
 .bss           0x00000000008000c5        0x0 /usr/lib/gcc/avr/4.9.2/avr5/libgcc.a(_udivmodsi4.o)
 .bss           0x00000000008000c5        0x0 /usr/lib/gcc/avr/4.9.2/avr5/libgcc.a(_exit.o)
 .bss           0x00000000008000c5        0x0 /usr/lib/gcc/avr/4.9.2/avr5/libgcc.a(_copy_data.o)
 .bss           0x00000000008000c5        0x0 /usr/lib/gcc/avr/4.9.2/avr5/libgcc.a(_clear_bss.o)
 .bss           0x00000000008000c5        0x0 /usr/lib/gcc/avr/4.9.2/../../../avr/lib/avr5/libm.a(addsf3.o)
 .bss           0x00000000008000c5        0x0 /usr/lib/gcc/avr/4.9.2/../../../avr/lib/avr5/libm.a(addsf3x.o)
 .bss           0x00000000008000c5        0x0 /usr/lib/gcc/avr/4.9.2/../../../avr/lib/avr5/libm.a(atan2.o)
 .bss           0x00000000008000c5        0x0 /usr/lib/gcc/avr/4.9.2/../../../avr/lib/avr5/libm.a(atan.o)
 .bss           0x00000000008000c5        0x0 /usr/lib/gcc/avr/4.9.2/../../../avr/lib/avr5/libm.a(cmpsf2.o)
 .bss           0x00000000008000c5        0x0 /usr/lib/gcc/avr/4.9.2/../../../avr/lib/avr5/libm.a(divsf3.o)
 .bss           0x00000000008000c5        0x0 /usr/lib/gcc/avr/4.9.2/../../../avr/lib/avr5/libm.a(divsf3x.o)
 .bss           0x00000000008000c5        0x0 /usr/lib/gcc/avr/4.9.2/../../../avr/lib/avr5/libm.a(fixsfsi.o)
 .bss           0x00000000008000c5        0x0 /usr/lib/gcc/avr/4.9.2/../../../avr/lib/avr5/libm.a(fixunssfsi.o)
 .bss           0x00000000008000c5        0x0 /usr/lib/gcc/avr/4.9.2/../../../avr/lib/avr5/libm.a(floatsisf.o)
 .bss           0x00000000008000c5        0x0 /usr/lib/gcc/avr/4.9.2/../../../avr/lib/avr5/libm.a(fp_cmp.o)
 .bss           0x00000000008000c5        0x0 /usr/lib/gcc/avr/4.9.2/../../../avr/lib/avr5/libm.a(fp_inf.o)
 .bss           0x00000000008000c5        0x0 /usr/lib/gcc/avr/4.9.2/../../../avr/lib/avr5/libm.a(fp_nan.o)
 .bss           0x00000000008000c5        0x0 /usr/lib/gcc/avr/4.9.2/../../../avr/lib/avr5/libm.a(fp_powser.o)
 .bss           0x00000000008000c5        0x0 /usr/lib/gcc/avr/4.9.2/../../../avr/lib/avr5/libm.a(fp_pscA.o)
 .bss           0x00000000008000c5        0x0 /usr/lib/gcc/avr/4.9.2/../../../avr/lib/avr5/libm.a(fp_pscB.o)
 .bss           0x00000000008000c5        0x0 /usr/lib/gcc/avr/4.9.2/../../../avr/lib/avr5/libm.a(fp_round.o)
 .bss           0x00000000008000c5        0x0 /usr/lib/gcc/avr/4.9.2/../../../avr/lib/avr5/libm.a(fp_split3.o)
 .bss           0x00000000008000c5        0x0 /usr/lib/gcc/avr/4.9.2/../../../avr/lib/avr5/libm.a(fp_zero.o)
 .bss           0x00000000008000c5        0x0 /usr/lib/gcc/avr/4.9.2/../../../avr/lib/avr5/libm.a(gesf2.o)
 .bss           0x00000000008000c5        0x0 /usr/lib/gcc/avr/4.9.2/../../../avr/lib/avr5/libm.a(inverse.o)
 .bss           0x00000000008000c5        0x0 /usr/lib/gcc/avr/4.9.2/../../../avr/lib/avr5/libm.a(mulsf3.o)
 .bss           0x00000000008000c5        0x0 /usr/lib/gcc/avr/4.9.2/../../../avr/lib/avr5/libm.a(mulsf3x.o)
 .bss           0x00000000008000c5        0x0 /usr/lib/gcc/avr/4.9.2/../../../avr/lib/avr5/libm.a(sqrt.o)
 .bss           0x00000000008000c5        0x0 /usr/lib/gcc/avr/4.9.2/../../../avr/lib/avr5/libm.a(square.o)
 .bss           0x00000000008000c5        0x0 /usr/lib/gcc/avr/4.9.2/../../../avr/lib/avr5/libm.a(fp_mpack.o)
 .bss           0x00000000008000c5        0x0 /usr/lib/gcc/avr/4.9.2/../../../avr/lib/avr5/libm.a(fp_norm2.o)
 .bss           0x00000000008000c5        0x0 /usr/lib/gcc/avr/4.9.2/../../../avr/lib/avr5/libc.a(dtostrf.o)
 .bss           0x00000000008000c5        0x0 /usr/lib/gcc/avr/4.9.2/../../../avr/lib/avr5/libc.a(sprintf.o)
 .bss           0x00000000008000c5        0x0 /usr/lib/gcc/avr/4.9.2/../../../avr/lib/avr5/libc.a(vfprintf_std.o)
 .bss           0x00000000008000c5        0x0 /usr/lib/gcc/avr/4.9.2/../../../avr/lib/avr5/libc.a(dtoa_prf.o)
 .bss           0x00000000008000c5        0x0 /usr/lib/gcc/avr/4.9.2/../../../avr/lib/avr5/libc.a(ftoa_engine.o)
 .bss           0x00000000008000c5        0x0 /usr/lib/gcc/avr/4.9.2/../../../avr/lib/avr5/libc.a(strnlen_P.o)
 .bss           0x00000000008000c5        0x0 /usr/lib/gcc/avr/4.9.2/../../../avr/lib/avr5/libc.a(strnlen.o)
 .bss           0x00000000008000c5        0x0 /usr/lib/gcc/avr/4.9.2/../../../avr/lib/avr5/libc.a(fputc.o)
 .bss           0x00000000008000c5        0x0 /usr/lib/gcc/avr/4.9.2/../../../avr/lib/avr5/libc.a(ultoa_invert.o)
 .bss           0x00000000008000c5        0x0 /usr/lib/gcc/avr/4.9.2/avr5/libgcc.a(_prologue.o)
 .bss           0x00000000008000c5        0x0 /usr/lib/gcc/avr/4.9.2/avr5/libgcc.a(_epilogue.o)
 *(.bss*)
 *(COMMON)
 COMMON         0x00000000008000c5       0x34 main.o
                0x00000000008000c5                abs_Xa
                0x00000000008000c9                abs_Ya
                0x00000000008000cd                abs_Za
                0x00000000008000d1                x_angle
                0x00000000008000d5                Roll
                0x00000000008000d9                S
                0x00000000008000dd                Roll_res
                0x00000000008000e1                Pitch_res
                0x00000000008000e5                y
                0x00000000008000e9                K_1
                0x00000000008000ed                dt
                0x00000000008000f1                K_0
                0x00000000008000f5                Pitch
 COMMON         0x00000000008000f9       0x1c MPU_6050_prog.o
                0x00000000008000f9                Acc_z
                0x00000000008000fd                Gyro_x
                0x0000000000800101                Temperature
                0x0000000000800105                Acc_y
                0x0000000000800109                Gyro_z
                0x000000000080010d                Acc_x
                0x0000000000800111                Gyro_y
                0x0000000000800115                PROVIDE (__bss_end, .)
                0x0000000000001f62                __data_load_start = LOADADDR (.data)
                0x0000000000001faa                __data_load_end = (__data_load_start + SIZEOF (.data))

.noinit         0x0000000000800115        0x0
                0x0000000000800115                PROVIDE (__noinit_start, .)
 *(.noinit*)
                0x0000000000800115                PROVIDE (__noinit_end, .)
                0x0000000000800115                _end = .
                0x0000000000800115                PROVIDE (__heap_start, .)

.eeprom         0x0000000000810000        0x0
 *(.eeprom*)
                0x0000000000810000                __eeprom_end = .

.fuse
 *(.fuse)
 *(.lfuse)
 *(.hfuse)
 *(.efuse)

.lock
 *(.lock*)

.signature
 *(.signature*)

.user_signatures
 *(.user_signatures*)

.stab           0x0000000000000000     0x1d04
 *(.stab)
 .stab          0x0000000000000000      0xb10 main.o
 .stab          0x0000000000000b10      0x81c I2C_Master_prog.o
                                        0x9d8 (size before relaxing)
 .stab          0x000000000000132c      0x45c UART_prog.o
                                        0x624 (size before relaxing)
 .stab          0x0000000000001788      0x57c MPU_6050_prog.o
                                        0x744 (size before relaxing)

.stabstr        0x0000000000000000     0x12e6
 *(.stabstr)
 .stabstr       0x0000000000000000     0x12e6 main.o

.stab.excl
 *(.stab.excl)

.stab.exclstr
 *(.stab.exclstr)

.stab.index
 *(.stab.index)

.stab.indexstr
 *(.stab.indexstr)

.comment        0x0000000000000000       0x11
 *(.comment)
 .comment       0x0000000000000000       0x11 main.o
                                         0x12 (size before relaxing)
 .comment       0x0000000000000011       0x12 I2C_Master_prog.o
 .comment       0x0000000000000011       0x12 UART_prog.o
 .comment       0x0000000000000011       0x12 MPU_6050_prog.o
 .comment       0x0000000000000011       0x12 /usr/lib/gcc/avr/4.9.2/../../../avr/lib/avr5/libc.a(dtostrf.o)
 .comment       0x0000000000000011       0x12 /usr/lib/gcc/avr/4.9.2/../../../avr/lib/avr5/libc.a(sprintf.o)
 .comment       0x0000000000000011       0x12 /usr/lib/gcc/avr/4.9.2/../../../avr/lib/avr5/libc.a(vfprintf_std.o)
 .comment       0x0000000000000011       0x12 /usr/lib/gcc/avr/4.9.2/../../../avr/lib/avr5/libc.a(dtoa_prf.o)
 .comment       0x0000000000000011       0x12 /usr/lib/gcc/avr/4.9.2/../../../avr/lib/avr5/libc.a(fputc.o)

.note.gnu.avr.deviceinfo
                0x0000000000000000       0x3c
 .note.gnu.avr.deviceinfo
                0x0000000000000000       0x3c /usr/lib/gcc/avr/4.9.2/../../../avr/lib/avr5/crtatmega32.o

.note.gnu.build-id
 *(.note.gnu.build-id)

.debug
 *(.debug)

.line
 *(.line)

.debug_srcinfo
 *(.debug_srcinfo)

.debug_sfnames
 *(.debug_sfnames)

.debug_aranges
 *(.debug_aranges)

.debug_pubnames
 *(.debug_pubnames)

.debug_info
 *(.debug_info .gnu.linkonce.wi.*)

.debug_abbrev
 *(.debug_abbrev)

.debug_line
 *(.debug_line .debug_line.* .debug_line_end)

.debug_frame
 *(.debug_frame)

.debug_str
 *(.debug_str)

.debug_loc
 *(.debug_loc)

.debug_macinfo
 *(.debug_macinfo)

.debug_weaknames
 *(.debug_weaknames)

.debug_funcnames
 *(.debug_funcnames)

.debug_typenames
 *(.debug_typenames)

.debug_varnames
 *(.debug_varnames)

.debug_pubtypes
 *(.debug_pubtypes)

.debug_ranges
 *(.debug_ranges)

.debug_macro
 *(.debug_macro)
OUTPUT(main.elf elf32-avr)
LOAD linker stubs
