******************************************************************************
                  TI ARM Linker Unix v18.1.3                   
******************************************************************************
>> Linked Thu Dec 20 19:03:44 2018

OUTPUT FILE NAME:   <empty_EK_TM4C123GXL_TI.out>
ENTRY POINT SYMBOL: "_c_int00"  address: 00003ca9


MEMORY CONFIGURATION

         name            origin    length      used     unused   attr    fill
----------------------  --------  ---------  --------  --------  ----  --------
  FLASH                 00000000   00040000  00007528  00038ad8  R  X
  SRAM                  20000000   00008000  00001852  000067ae  RW X


SEGMENT ALLOCATION MAP

run origin  load origin   length   init length attrs members
----------  ----------- ---------- ----------- ----- -------
00000000    00000000    00007530   00007530    r-x
  00000000    00000000    0000003c   0000003c    r-- .resetVecs
  00000040    00000040    0000545a   0000545a    r-x .text
  0000549c    0000549c    00001e8a   00001e8a    r-- .const
  00007328    00007328    00000208   00000208    r-- .cinit
20000000    20000000    00001858   00000000    rw-
  20000000    20000000    00000360   00000000    rw- .vecs
  20000360    20000360    00000dec   00000000    rw- .bss
  2000114c    2000114c    00000406   00000000    rw- .data
  20001558    20001558    00000300   00000000    rw- .stack


SECTION ALLOCATION MAP

 output                                  attributes/
section   page    origin      length       input sections
--------  ----  ----------  ----------   ----------------
.text      0    00000040    0000545a     
                  00000040    00000430     sysbios.aem4f : BIOS.obj (.text:ti_sysbios_family_arm_m3_Hwi_excDumpRegs__I)
                  00000470    0000034c     ti.targets.arm.rtsarm.aem4f : System.oem4f (.text:xdc_runtime_System_doPrint__I)
                  000007bc    00000004     rtsv7M4_T_le_v4SPD16_eabi.lib : exit.c.obj (.text:abort:abort)
                  000007c0    000002d0     sysbios.aem4f : BIOS.obj (.text:ti_sysbios_knl_Semaphore_pend__E)
                  00000a90    0000026c                   : BIOS.obj (.text:ti_sysbios_heaps_HeapMem_free__E)
                  00000cfc    00000004     empty_pem4f.oem4f (.text:ti_sysbios_BIOS_RtsGateProxy_enter__E)
                  00000d00    00000250     sysbios.aem4f : BIOS.obj (.text:ti_sysbios_heaps_HeapMem_alloc__E)
                  00000f50    00000234                   : BIOS.obj (.text:ti_sysbios_knl_Task_Instance_finalize__E)
                  00001184    00000004     empty_pem4f.oem4f (.text:ti_sysbios_BIOS_RtsGateProxy_leave__E)
                  00001188    000001fc     sysbios.aem4f : BIOS.obj (.text:ti_sysbios_family_arm_m3_Hwi_excHandlerMax__I)
                  00001384    00000004                   : BIOS.obj (.text:ti_sysbios_family_arm_lm4_Timer_masterEnable__I)
                  00001388    000001f0                   : BIOS.obj (.text:ti_sysbios_knl_Task_sleep__E)
                  00001578    000001c0                   : BIOS.obj (.text:ti_sysbios_knl_Task_Instance_init__E)
                  00001738    00000174                   : BIOS.obj (.text:ti_sysbios_family_arm_m3_Hwi_excBusFault__I)
                  000018ac    00000004     empty_pem4f.oem4f (.text:ti_sysbios_family_arm_m3_TaskSupport_Module__startupDone__S)
                  000018b0    00000164     sysbios.aem4f : BIOS.obj (.text:ti_sysbios_family_arm_m3_Hwi_excUsageFault__I)
                  00001a14    00000150     drivers_tivaware.aem4f : GPIOTiva.oem4f (.text:GPIO_setConfig)
                  00001b64    00000004     empty_pem4f.oem4f (.text:ti_sysbios_heaps_HeapMem_Module_GateProxy_enter__E)
                  00001b68    00000148     sysbios.aem4f : BIOS.obj (.text:ti_sysbios_family_arm_m3_Hwi_excMemFault__I)
                  00001cb0    0000013c                   : BIOS.obj (.text:ti_sysbios_family_arm_lm4_Timer_start__E)
                  00001dec    00000004     empty_pem4f.oem4f (.text:ti_sysbios_heaps_HeapMem_Module_GateProxy_leave__E)
                  00001df0    0000013c     sysbios.aem4f : BIOS.obj (.text:ti_sysbios_heaps_HeapMem_Instance_init__E)
                  00001f2c    00000130     driverlib.lib : gpio.obj (.text:GPIOPadConfigSet)
                  0000205c    00000118     ti.targets.arm.rtsarm.aem4f : Error.oem4f (.text:xdc_runtime_Error_policyDefault__E)
                  00002174    00000100     Boot.aem4f : Boot_sysctl.oem4f (.text:ti_catalog_arm_cortexm4_tiva_ce_Boot_sysCtlClockSetI__I)
                  00002274    00000100     ti.targets.arm.rtsarm.aem4f : Core-mem.oem4f (.text:xdc_runtime_Core_createObject__I)
                  00002374    000000f8                                 : Startup.oem4f (.text:xdc_runtime_Startup_startMods__I)
                  0000246c    000000f8     empty_pem4f.oem4f (.text:xdc_runtime_System_printfExtend__I)
                  00002564    000000f4     sysbios.aem4f : m3_Hwi_asm.obj (.text:ti_sysbios_family_arm_m3_Hwi_dispatch__I)
                  00002658    000000ec                   : BIOS.obj (.text:ti_sysbios_knl_Semaphore_post__E)
                  00002744    000000cc     ti.targets.arm.rtsarm.aem4f : Core-smem.oem4f (.text:xdc_runtime_Core_constructObject__I)
                  00002810    000000c4     empty.obj (.text:main)
                  000028d4    00000004     empty_pem4f.oem4f (.text:ti_sysbios_knl_Clock_TimerProxy_getMaxTicks__E)
                  000028d8    000000bc     sysbios.aem4f : BIOS.obj (.text:ti_sysbios_family_arm_m3_Hwi_excDebugMon__I)
                  00002994    00000004     empty_pem4f.oem4f (.text:ti_sysbios_knl_Queue_destruct)
                  00002998    000000bc     sysbios.aem4f : BIOS.obj (.text:ti_sysbios_family_arm_m3_Hwi_excHardFault__I)
                  00002a54    00000004     empty_pem4f.oem4f (.text:ti_sysbios_knl_Semaphore_destruct)
                  00002a58    000000b4     sysbios.aem4f : BIOS.obj (.text:ti_sysbios_gates_GateMutex_enter__E)
                  00002b0c    00000004     ti.targets.arm.rtsarm.aem4f : Error.oem4f (.text:xdc_runtime_Error_getSite__E)
                  00002b10    000000b4     sysbios.aem4f : BIOS.obj (.text:ti_sysbios_knl_Task_checkStacks__E)
                  00002bc4    00000004     empty_pem4f.oem4f (.text:xdc_runtime_System_Module_GateProxy_enter__E)
                  00002bc8    000000ac     sysbios.aem4f : BIOS.obj (.text:ti_sysbios_family_arm_lm4_Timer_enableTiva__I)
                  00002c74    00000004     empty_pem4f.oem4f (.text:xdc_runtime_System_Module_GateProxy_leave__E)
                  00002c78    000000a8     sysbios.aem4f : BIOS.obj (.text:ti_sysbios_family_arm_lm4_Timer_enableTimers__I)
                  00002d20    000000a8                   : BIOS.obj (.text:ti_sysbios_knl_Task_postInit__I)
                  00002dc8    000000a0     auto_init.aem4f : auto_init.oem4f (.text)
                  00002e68    000000a0     ti.targets.arm.rtsarm.aem4f : Text.oem4f (.text:xdc_runtime_Text_putMod__E)
                  00002f08    0000009c     rtsv7M4_T_le_v4SPD16_eabi.lib : memcpy_t2.asm.obj (.text)
                  00002fa4    00000004     ti.targets.arm.rtsarm.aem4f : System.oem4f (.text:xdc_runtime_System_aprintf_va__F)
                  00002fa8    0000009c     sysbios.aem4f : BIOS.obj (.text:ti_sysbios_knl_Semaphore_Instance_init__E)
                  00003044    0000009a     ti.targets.arm.rtsarm.aem4f : Text.oem4f (.text:xdc_runtime_Text_putSite__E)
                  000030de    00000002     rtsv7M4_T_le_v4SPD16_eabi.lib : _lock.c.obj (.text:_nop)
                  000030e0    00000098     Boot.aem4f : Boot.oem4f (.text:ti_catalog_arm_cortexm4_tiva_ce_Boot_sysCtlClockSet__E)
                  00003178    00000094     sysbios.aem4f : BIOS.obj (.text:ti_sysbios_family_arm_m3_Hwi_Instance_init__E)
                  0000320c    00000004     ti.targets.arm.rtsarm.aem4f : System.oem4f (.text:xdc_runtime_System_printf_va__F)
                  00003210    00000094     sysbios.aem4f : BIOS.obj (.text:ti_sysbios_family_arm_m3_Hwi_initNVIC__E)
                  000032a4    0000008c     drivers_tivaware.aem4f : GPIOTiva.oem4f (.text:GPIO_init)
                  00003330    0000008c     sysbios.aem4f : m3_TaskSupport_asm.obj (.text:ti_sysbios_family_arm_m3_TaskSupport_buildTaskStack)
                  000033bc    00000002     rtsv7M4_T_le_v4SPD16_eabi.lib : div0.asm.obj (.text)
                  000033be    00000002     empty_pem4f.oem4f (.text:ti_sysbios_BIOS_nullFunc__I)
                  000033c0    00000084     sysbios.aem4f : BIOS.obj (.text:ti_sysbios_family_arm_m3_Hwi_postInit__I)
                  00003444    0000007a     rtsv7M4_T_le_v4SPD16_eabi.lib : memset_t2.asm.obj (.text)
                  000034be    00000002     empty_pem4f.oem4f (.text:xdc_runtime_Startup_reset__I)
                  000034c0    00000070     sysbios.aem4f : BIOS.obj (.text:ti_sysbios_knl_Clock_workFunc__E)
                  00003530    00000070                   : BIOS.obj (.text:ti_sysbios_knl_Task_exit__E)
                  000035a0    0000006d     ti.targets.arm.rtsarm.aem4f : System.oem4f (.text:xdc_runtime_System_formatNum__I)
                  0000360d    00000003     --HOLE-- [fill = 0]
                  00003610    0000006c     sysbios.aem4f : BIOS.obj (.text:ti_sysbios_knl_Swi_restoreHwi__E)
                  0000367c    0000006c     ti.targets.arm.rtsarm.aem4f : Error.oem4f (.text:xdc_runtime_Error_print__E)
                  000036e8    0000006c                                 : Memory.oem4f (.text:xdc_runtime_Memory_alloc__E)
                  00003754    00000068     rtsv7M4_T_le_v4SPD16_eabi.lib : copy_decompress_lzss.c.obj (.text:decompress:lzss:__TI_decompress_lzss)
                  000037bc    00000066     ti.targets.arm.rtsarm.aem4f : Core-mem.oem4f (.text:xdc_runtime_Core_deleteObject__I)
                  00003822    00000002     --HOLE-- [fill = 0]
                  00003824    00000064     drivers_tivaware.aem4f : GPIOTiva.oem4f (.text:GPIO_hwiIntFxn)
                  00003888    00000064     sysbios.aem4f : BIOS.obj (.text:ti_sysbios_family_arm_lm4_Timer_Module_startup__E)
                  000038ec    00000064     empty_pem4f.oem4f (.text:ti_sysbios_family_arm_m3_Hwi_create)
                  00003950    00000064     sysbios.aem4f : BIOS.obj (.text:ti_sysbios_family_arm_m3_Hwi_dispatchC__I)
                  000039b4    00000004     --HOLE-- [fill = 0]
                  000039b8    00000060                   : BIOS.obj (.text:ti_sysbios_family_arm_lm4_Timer_isrStub__E)
                  00003a18    00000060                   : BIOS.obj (.text:ti_sysbios_knl_Task_schedule__I)
                  00003a78    0000005c                   : BIOS.obj (.text:ti_sysbios_knl_Swi_run__I)
                  00003ad4    00000004     --HOLE-- [fill = 0]
                  00003ad8    0000005c                   : BIOS.obj (.text:ti_sysbios_knl_Swi_schedule__I)
                  00003b34    00000004     --HOLE-- [fill = 0]
                  00003b38    0000005c                   : BIOS.obj (.text:ti_sysbios_knl_Task_Module_startup__E)
                  00003b94    00000004     --HOLE-- [fill = 0]
                  00003b98    0000005c                   : BIOS.obj (.text:ti_sysbios_knl_Task_startCore__E)
                  00003bf4    0000005b     ti.targets.arm.rtsarm.aem4f : Text.oem4f (.text:xdc_runtime_Text_putLab__E)
                  00003c4f    00000001     --HOLE-- [fill = 0]
                  00003c50    00000058     rtsv7M4_T_le_v4SPD16_eabi.lib : hostwrite.c.obj (.text:HOSTwrite)
                  00003ca8    00000058     boot.aem4f : boot.oem4f (.text)
                  00003d00    00000058     sysbios.aem4f : m3_Hwi_asm_switch.obj (.text:ti_sysbios_family_arm_m3_Hwi_initStacks__E)
                  00003d58    00000056     driverlib.lib : gpio.obj (.text:GPIOIntTypeSet)
                  00003dae    00000002     --HOLE-- [fill = 0]
                  00003db0    00000054     empty_pem4f.oem4f (.text:ti_sysbios_knl_Task_construct)
                  00003e04    00000054     ti.targets.arm.rtsarm.aem4f : Assert.oem4f (.text:xdc_runtime_Assert_raise__I)
                  00003e58    00000050     drivers_tivaware.aem4f : GPIOTiva.oem4f (.text:GPIO_setCallback)
                  00003ea8    00000050                            : GPIOTiva.oem4f (.text:GPIO_toggle)
                  00003ef8    00000050                            : GPIOTiva.oem4f (.text:GPIO_write)
                  00003f48    00000050     sysbios.aem4f : BIOS.obj (.text:ti_sysbios_family_arm_m3_Hwi_Module_startup__E)
                  00003f98    00000050     ti.targets.arm.rtsarm.aem4f : Startup.oem4f (.text:xdc_runtime_Startup_exec__E)
                  00003fe8    00000050                                 : Text.oem4f (.text:xdc_runtime_Text_visitRope2__I)
                  00004038    0000004c     rtsv7M4_T_le_v4SPD16_eabi.lib : cpy_tbl.c.obj (.text:copy_in)
                  00004084    00000004     --HOLE-- [fill = 0]
                  00004088    0000004c     sysbios.aem4f : BIOS.obj (.text:ti_sysbios_heaps_HeapMem_getStats__E)
                  000040d4    00000004     --HOLE-- [fill = 0]
                  000040d8    0000004c                   : BIOS.obj (.text:ti_sysbios_knl_Swi_runLoop__I)
                  00004124    00000004     --HOLE-- [fill = 0]
                  00004128    0000004c                   : BIOS.obj (.text:ti_sysbios_knl_Task_allBlockedFunction__I)
                  00004174    00000004     --HOLE-- [fill = 0]
                  00004178    00000048                   : BIOS.obj (.text:ti_sysbios_family_arm_m3_Hwi_disableInterrupt__E)
                  000041c0    00000048                   : BIOS.obj (.text:ti_sysbios_family_arm_m3_Hwi_enableInterrupt__E)
                  00004208    00000048                   : BIOS.obj (.text:ti_sysbios_family_arm_m3_Hwi_excReserved__I)
                  00004250    00000046     ti.targets.arm.rtsarm.aem4f : Core-params.oem4f (.text:xdc_runtime_Core_assignParams__I)
                  00004296    00000002     --HOLE-- [fill = 0]
                  00004298    00000044     sysbios.aem4f : BIOS.obj (.text:ti_sysbios_family_arm_m3_Hwi_getStackInfo__E)
                  000042dc    00000004     --HOLE-- [fill = 0]
                  000042e0    00000044                   : BIOS.obj (.text:ti_sysbios_knl_Swi_post__E)
                  00004324    00000044     ti.targets.arm.rtsarm.aem4f : Error.oem4f (.text:xdc_runtime_Error_setX__E)
                  00004368    00000044                                 : SysMin.oem4f (.text:xdc_runtime_SysMin_flush__E)
                  000043ac    00000044                                 : Text.oem4f (.text:xdc_runtime_Text_xprintf__I)
                  000043f0    00000040     EK_TM4C123GXL.obj (.text:EK_TM4C123GXL_initGeneral)
                  00004430    00000040     rtsv7M4_T_le_v4SPD16_eabi.lib : u_divt2.asm.obj (.text)
                  00004470    00000040     sysbios.aem4f : BIOS.obj (.text:ti_sysbios_family_arm_lm4_Timer_startup__E)
                  000044b0    0000003c                   : BIOS.obj (.text:ti_sysbios_family_arm_m3_Hwi_excSvCall__I)
                  000044ec    00000004     --HOLE-- [fill = 0]
                  000044f0    0000003c                   : BIOS.obj (.text:ti_sysbios_heaps_HeapMem_init__I)
                  0000452c    00000004     --HOLE-- [fill = 0]
                  00004530    0000003c                   : BIOS.obj (.text:ti_sysbios_knl_Swi_restore__E)
                  0000456c    00000038     rtsv7M4_T_le_v4SPD16_eabi.lib : trgmsg.c.obj (.text:__TI_writemsg)
                  000045a4    00000004     --HOLE-- [fill = 0]
                  000045a8    00000038     sysbios.aem4f : BIOS.obj (.text:ti_sysbios_family_arm_m3_Hwi_excNoIsr__I)
                  000045e0    00000038                   : BIOS.obj (.text:ti_sysbios_knl_Task_processVitalTaskFlag__I)
                  00004618    00000038     ti.targets.arm.rtsarm.aem4f : SysMin.oem4f (.text:xdc_runtime_SysMin_putch__E)
                  00004650    00000038                                 : System.oem4f (.text:xdc_runtime_System_atexit__E)
                  00004688    00000034     driverlib.lib : sysctl.obj (.text:SysCtlPeripheralEnable)
                  000046bc    00000034     rtsv7M4_T_le_v4SPD16_eabi.lib : trgmsg.c.obj (.text:__TI_readmsg)
                  000046f0    00000034     sysbios.aem4f : BIOS.obj (.text:ti_sysbios_family_arm_m3_Hwi_Instance_finalize__E)
                  00004724    00000004     --HOLE-- [fill = 0]
                  00004728    00000034                   : BIOS.obj (.text:ti_sysbios_family_arm_m3_Hwi_excNmi__I)
                  0000475c    00000004     --HOLE-- [fill = 0]
                  00004760    00000034                   : BIOS.obj (.text:ti_sysbios_hal_Hwi_checkStack)
                  00004794    00000034     ti.targets.arm.rtsarm.aem4f : Core-label.oem4f (.text:xdc_runtime_Core_assignLabel__I)
                  000047c8    00000033                                 : Text.oem4f (.text:xdc_runtime_Text_printVisFxn__I)
                  000047fb    00000005     --HOLE-- [fill = 0]
                  00004800    00000032     sysbios.aem4f : BIOS.obj (.text:ti_sysbios_hal_Hwi_initStack)
                  00004832    00000002     --HOLE-- [fill = 0]
                  00004834    00000030     EK_TM4C123GXL.obj (.text:EK_TM4C123GXL_initGPIO)
                  00004864    00000030     empty_pem4f.oem4f (.text:ti_sysbios_BIOS_atExitFunc__I)
                  00004894    00000004     --HOLE-- [fill = 0]
                  00004898    00000030     sysbios.aem4f : BIOS.obj (.text:ti_sysbios_family_arm_lm4_Timer_stop__E)
                  000048c8    00000030                   : BIOS.obj (.text:ti_sysbios_family_arm_m3_TaskSupport_start__E)
                  000048f8    00000030     empty_pem4f.oem4f (.text:ti_sysbios_gates_GateHwi_Object__create__S)
                  00004928    00000030     empty_pem4f.oem4f (.text:ti_sysbios_gates_GateMutex_Object__create__S)
                  00004958    00000030     empty_pem4f.oem4f (.text:ti_sysbios_heaps_HeapMem_Object__create__S)
                  00004988    00000030     empty_pem4f.oem4f (.text:ti_sysbios_knl_Semaphore_construct)
                  000049b8    00000030     sysbios.aem4f : BIOS.obj (.text:ti_sysbios_knl_Semaphore_pendTimeout__I)
                  000049e8    00000030                   : BIOS.obj (.text:ti_sysbios_knl_Task_unblockI__E)
                  00004a18    00000030     ti.targets.arm.rtsarm.aem4f : SysMin.oem4f (.text:xdc_runtime_SysMin_abort__E)
                  00004a48    00000030                                 : System.oem4f (.text:xdc_runtime_System_processAtExit__E)
                  00004a78    0000002c     empty_pem4f.oem4f (.text:ti_sysbios_knl_Clock_doTick__I)
                  00004aa4    0000002c     empty_pem4f.oem4f (.text:ti_sysbios_knl_Queue_construct)
                  00004ad0    0000002c     sysbios.aem4f : BIOS.obj (.text:ti_sysbios_knl_Task_restore__E)
                  00004afc    0000002c     ti.targets.arm.rtsarm.aem4f : Text.oem4f (.text:xdc_runtime_Text_cordText__E)
                  00004b28    0000002a     driverlib.lib : gpio.obj (.text:GPIODirModeSet)
                  00004b52    0000002a     ti.targets.arm.rtsarm.aem4f : System.oem4f (.text:xdc_runtime_System_putchar__I)
                  00004b7c    00000004     --HOLE-- [fill = 0]
                  00004b80    00000028     sysbios.aem4f : BIOS.obj (.text:ti_sysbios_knl_Swi_Module_startup__E)
                  00004ba8    00000026                   : m3_Hwi_asm.obj (.text:ti_sysbios_family_arm_m3_Hwi_pendSV__I)
                  00004bce    00000026     ti.targets.arm.rtsarm.aem4f : System.oem4f (.text:xdc_runtime_System_avprintf__E)
                  00004bf4    00000024     empty_pem4f.oem4f (.text:ti_sysbios_BIOS_errorRaiseHook__I)
                  00004c18    00000024     empty_pem4f.oem4f (.text:ti_sysbios_BIOS_registerRTSLock__I)
                  00004c3c    00000024     empty_pem4f.oem4f (.text:ti_sysbios_BIOS_removeRTSLock__I)
                  00004c60    00000024     empty_pem4f.oem4f (.text:ti_sysbios_BIOS_startFunc__I)
                  00004c84    00000024     empty_pem4f.oem4f (.text:ti_sysbios_gates_GateMutex_Object__delete__S)
                  00004ca8    00000024     sysbios.aem4f : BIOS.obj (.text:ti_sysbios_knl_Clock_Module_startup__E)
                  00004ccc    00000004     --HOLE-- [fill = 0]
                  00004cd0    00000024                   : BIOS.obj (.text:ti_sysbios_knl_Task_restoreHwi__E)
                  00004cf4    00000024     ti.targets.arm.rtsarm.aem4f : System.oem4f (.text:xdc_runtime_System_vprintf__E)
                  00004d18    00000022     sysbios.aem4f : BIOS.obj (.text:ti_sysbios_family_arm_lm4_Timer_write__I)
                  00004d3a    00000022     empty_pem4f.oem4f (.text:xdc_runtime_SysMin_output__I)
                  00004d5c    00000020     empty_pem4f.oem4f (.text:ti_sysbios_BIOS_rtsLock__I)
                  00004d7c    00000020     sysbios.aem4f : m3_Hwi_asm.obj (.text:ti_sysbios_family_arm_m3_Hwi_excHandlerAsm__I)
                  00004d9c    00000004     --HOLE-- [fill = 0]
                  00004da0    00000020                   : BIOS.obj (.text:ti_sysbios_family_arm_m3_Hwi_excHandler__I)
                  00004dc0    00000020     empty_pem4f.oem4f (.text:ti_sysbios_gates_GateHwi_Object__delete__S)
                  00004de0    00000020     empty_pem4f.oem4f (.text:ti_sysbios_heaps_HeapMem_Object__delete__S)
                  00004e00    00000020     sysbios.aem4f : BIOS.obj (.text:ti_sysbios_knl_Idle_run__E)
                  00004e20    00000020     empty_pem4f.oem4f (.text:ti_sysbios_knl_Semaphore_Object__destruct__S)
                  00004e40    00000020     ti.targets.arm.rtsarm.aem4f : Registry.oem4f (.text:xdc_runtime_Registry_findById__E)
                  00004e60    00000020                                 : SysMin.oem4f (.text:xdc_runtime_SysMin_Module_startup__E)
                  00004e80    0000001e     sysbios.aem4f : m3_Hwi_asm_switch.obj (.text:ti_sysbios_family_xxx_Hwi_switchAndRunFunc)
                  00004e9e    0000001c     drivers_tivaware.aem4f : GPIOTiva.oem4f (.text:getGpioIntIndex)
                  00004eba    00000006     driverlib.lib : gpio.obj (.text:GPIOIntClear)
                  00004ec0    0000001c     sysbios.aem4f : BIOS.obj (.text:ti_sysbios_gates_GateMutex_Instance_init__E)
                  00004edc    0000001c     empty_pem4f.oem4f (.text:ti_sysbios_knl_Queue_Object__destruct__S)
                  00004ef8    0000001c     sysbios.aem4f : BIOS.obj (.text:ti_sysbios_knl_Task_enter__I)
                  00004f14    0000001c     ti.targets.arm.rtsarm.aem4f : Error.oem4f (.text:xdc_runtime_Error_raiseX__E)
                  00004f30    0000001c                                 : Memory.oem4f (.text:xdc_runtime_Memory_valloc__E)
                  00004f4c    0000001c                                 : SysMin.oem4f (.text:xdc_runtime_SysMin_exit__E)
                  00004f68    0000001c                                 : System.oem4f (.text:xdc_runtime_System_abort__E)
                  00004f84    0000001a     empty_pem4f.oem4f (.text:ti_sysbios_family_arm_m3_Hwi_Handle__label__S)
                  00004f9e    0000001a     empty_pem4f.oem4f (.text:ti_sysbios_gates_GateHwi_Handle__label__S)
                  00004fb8    0000001a     empty_pem4f.oem4f (.text:ti_sysbios_gates_GateMutex_Handle__label__S)
                  00004fd2    0000001a     empty_pem4f.oem4f (.text:ti_sysbios_heaps_HeapMem_Handle__label__S)
                  00004fec    0000001a     empty_pem4f.oem4f (.text:ti_sysbios_knl_Swi_Handle__label__S)
                  00005006    0000001a     empty_pem4f.oem4f (.text:ti_sysbios_knl_Task_Handle__label__S)
                  00005020    0000001a     empty_pem4f.oem4f (.text:xdc_runtime_System_aprintf__E)
                  0000503a    0000001a     empty_pem4f.oem4f (.text:xdc_runtime_System_printf__E)
                  00005054    00000018     rtsv7M4_T_le_v4SPD16_eabi.lib : args_main.c.obj (.text:_args_main)
                  0000506c    00000018     empty_pem4f.oem4f (.text:ti_sysbios_BIOS_rtsUnlock__I)
                  00005084    00000018     empty_pem4f.oem4f (.text:ti_sysbios_family_arm_lm4_Timer_Module__startupDone__F)
                  0000509c    00000018     empty_pem4f.oem4f (.text:ti_sysbios_family_arm_m3_Hwi_Module__startupDone__F)
                  000050b4    00000018     sysbios.aem4f : m3_TaskSupport_asm.obj (.text:ti_sysbios_family_arm_m3_TaskSupport_swap__E)
                  000050cc    00000004     --HOLE-- [fill = 0]
                  000050d0    00000018                   : BIOS.obj (.text:ti_sysbios_gates_GateMutex_leave__E)
                  000050e8    00000018                   : BIOS.obj (.text:ti_sysbios_knl_Task_sleepTimeout__I)
                  00005100    00000018     ti.targets.arm.rtsarm.aem4f : Error.oem4f (.text:xdc_runtime_Error_check__E)
                  00005118    00000018                                 : System.oem4f (.text:xdc_runtime_System_exit__E)
                  00005130    00000018                                 : Text.oem4f (.text:xdc_runtime_Text_ropeText__E)
                  00005148    00000016     empty_pem4f.oem4f (.text:ti_sysbios_BIOS_exitFunc__I)
                  0000515e    00000016     empty.obj (.text:ti_sysbios_knl_Task_Params_init)
                  00005174    00000014     empty.obj (.text:heartBeatFxn)
                  00005188    00000014     rtsv7M4_T_le_v4SPD16_eabi.lib : strlen.c.obj (.text:strlen)
                  0000519c    00000014     empty_pem4f.oem4f (.text:ti_sysbios_family_arm_m3_Hwi_Object__get__S)
                  000051b0    00000014     sysbios.aem4f : BIOS.obj (.text:ti_sysbios_family_arm_m3_Hwi_switchFromBootStack__E)
                  000051c4    00000014     empty_pem4f.oem4f (.text:ti_sysbios_heaps_HeapMem_Object__get__S)
                  000051d8    00000014     empty_pem4f.oem4f (.text:ti_sysbios_knl_Swi_Object__get__S)
                  000051ec    00000012     driverlib.lib : gpio.obj (.text:GPIOPinTypeGPIOInput)
                  000051fe    00000002     --HOLE-- [fill = 0]
                  00005200    00000012     sysbios.aem4f : BIOS.obj (.text:ti_sysbios_hal_Hwi_Module_startup__E)
                  00005212    00000012     empty_pem4f.oem4f (.text:xdc_runtime_Startup_exec__I)
                  00005224    00000004     --HOLE-- [fill = 0]
                  00005228    00000010     sysbios.aem4f : BIOS.obj (.text:ti_sysbios_BIOS_setThreadType__E)
                  00005238    00000010                   : BIOS.obj (.text:ti_sysbios_BIOS_start__E)
                  00005248    00000010                   : m3_TaskSupport_asm.obj (.text:ti_sysbios_family_arm_m3_TaskSupport_glue)
                  00005258    00000010                   : BIOS.obj (.text:ti_sysbios_gates_GateMutex_Instance_finalize__E)
                  00005268    00000010                   : BIOS.obj (.text:ti_sysbios_knl_Semaphore_Instance_finalize__E)
                  00005278    00000010                   : BIOS.obj (.text:ti_sysbios_knl_Swi_disable__E)
                  00005288    00000010     empty_pem4f.oem4f (.text:ti_sysbios_knl_Task_Object__get__S)
                  00005298    00000010     sysbios.aem4f : BIOS.obj (.text:ti_sysbios_knl_Task_disable__E)
                  000052a8    00000010     ti.targets.arm.rtsarm.aem4f : Gate.oem4f (.text:xdc_runtime_Gate_leaveSystem__E)
                  000052b8    00000010                                 : Memory.oem4f (.text:xdc_runtime_Memory_free__E)
                  000052c8    00000010                                 : SysMin.oem4f (.text:xdc_runtime_SysMin_ready__E)
                  000052d8    00000010                                 : System.oem4f (.text:xdc_runtime_System_vsnprintf__E)
                  000052e8    00000010     empty_pem4f.oem4f (.text:xdc_runtime_Text_visitRope__I)
                  000052f8    0000000e     driverlib.lib : gpio.obj (.text:GPIOIntStatus)
                  00005306    0000000e     rtsv7M4_T_le_v4SPD16_eabi.lib : copy_decompress_none.c.obj (.text:decompress:none:__TI_decompress_none)
                  00005314    00000004     --HOLE-- [fill = 0]
                  00005318    0000000e     sysbios.aem4f : BIOS.obj (.text:ti_sysbios_knl_Idle_loop__E)
                  00005326    00000002     --HOLE-- [fill = 0]
                  00005328    0000000e                   : BIOS.obj (.text:ti_sysbios_knl_Queue_empty__E)
                  00005336    00000002     --HOLE-- [fill = 0]
                  00005338    0000000c     empty_pem4f.oem4f (.text:.bootCodeSection:ti_catalog_arm_cortexm4_tiva_ce_Boot_init__I)
                  00005344    0000000c     rtsv7M4_T_le_v4SPD16_eabi.lib : _lock.c.obj (.text:_register_lock)
                  00005350    0000000c                                   : _lock.c.obj (.text:_register_unlock)
                  0000535c    0000000c                                   : copy_zero_init.c.obj (.text:decompress:ZI:__TI_zero_init)
                  00005368    0000000c     sysbios.aem4f : BIOS.obj (.text:ti_sysbios_family_arm_lm4_Timer_getMaxTicks__E)
                  00005374    0000000c     empty_pem4f.oem4f (.text:ti_sysbios_family_arm_m3_Hwi_Params__init__S)
                  00005380    0000000c     sysbios.aem4f : BIOS.obj (.text:ti_sysbios_family_arm_m3_Hwi_disableFxn__E)
                  0000538c    00000004     --HOLE-- [fill = 0]
                  00005390    0000000c                   : BIOS.obj (.text:ti_sysbios_family_arm_m3_TaskSupport_checkStack__E)
                  0000539c    00000004     --HOLE-- [fill = 0]
                  000053a0    0000000c                   : BIOS.obj (.text:ti_sysbios_family_arm_m3_TaskSupport_getStackAlignment__E)
                  000053ac    00000004     --HOLE-- [fill = 0]
                  000053b0    0000000c                   : BIOS.obj (.text:ti_sysbios_gates_GateHwi_enter__E)
                  000053bc    0000000c     empty_pem4f.oem4f (.text:ti_sysbios_knl_Queue_Object__get__S)
                  000053c8    0000000c     empty_pem4f.oem4f (.text:ti_sysbios_knl_Task_Params__init__S)
                  000053d4    0000000c     ti.targets.arm.rtsarm.aem4f : Error.oem4f (.text:xdc_runtime_Error_init__E)
                  000053e0    0000000c                                 : Gate.oem4f (.text:xdc_runtime_Gate_enterSystem__E)
                  000053ec    0000000c                                 : Memory.oem4f (.text:xdc_runtime_Memory_calloc__E)
                  000053f8    0000000c                                 : Memory.oem4f (.text:xdc_runtime_Memory_getMaxDefaultTypeAlign__E)
                  00005404    0000000a     empty_pem4f.oem4f (.text:xdc_runtime_IHeap_alloc)
                  0000540e    0000000a     empty_pem4f.oem4f (.text:xdc_runtime_IHeap_free)
                  00005418    00000008     sysbios.aem4f : BIOS.obj (.text:ti_sysbios_family_arm_lm4_Timer_masterDisable__I)
                  00005420    00000008                   : BIOS.obj (.text:ti_sysbios_family_arm_m3_Hwi_doSwiRestore__I)
                  00005428    00000008                   : BIOS.obj (.text:ti_sysbios_family_arm_m3_Hwi_startup__E)
                  00005430    00000006     driverlib.lib : gpio.obj (.text:GPIOPinRead)
                  00005436    00000006                   : gpio.obj (.text:GPIOPinWrite)
                  0000543c    00000006     Boot.aem4f : Boot_sysctl.oem4f (.text:ti_catalog_arm_cortexm4_tiva_ce_Boot_sysCtlDelayI__I)
                  00005442    00000006     ti.targets.arm.rtsarm.aem4f : System.oem4f (.text:xdc_runtime_System_Module_startup__E)
                  00005448    00000006     sysbios.aem4f : BIOS.obj (.text:ti_sysbios_family_arm_m3_Hwi_doTaskRestore__I)
                  0000544e    00000002     --HOLE-- [fill = 0]
                  00005450    00000006                   : BIOS.obj (.text:ti_sysbios_family_arm_m3_Hwi_restoreFxn__E)
                  00005456    00000002     --HOLE-- [fill = 0]
                  00005458    00000006                   : BIOS.obj (.text:ti_sysbios_gates_GateHwi_leave__E)
                  0000545e    00000002     --HOLE-- [fill = 0]
                  00005460    00000006                   : BIOS.obj (.text:ti_sysbios_heaps_HeapMem_isBlocking__E)
                  00005466    00000002     --HOLE-- [fill = 0]
                  00005468    00000006                   : BIOS.obj (.text:ti_sysbios_knl_Queue_Instance_init__E)
                  0000546e    00000002     --HOLE-- [fill = 0]
                  00005470    00000006                   : BIOS.obj (.text:ti_sysbios_knl_Swi_startup__E)
                  00005476    00000002     --HOLE-- [fill = 0]
                  00005478    00000004                   : BIOS.obj (.text:ti_sysbios_gates_GateHwi_query__E)
                  0000547c    00000004     --HOLE-- [fill = 0]
                  00005480    00000004                   : BIOS.obj (.text:ti_sysbios_gates_GateMutex_query__E)
                  00005484    00000004     --HOLE-- [fill = 0]
                  00005488    00000004                   : BIOS.obj (.text:ti_sysbios_knl_Task_startup__E)
                  0000548c    00000004     --HOLE-- [fill = 0]
                  00005490    00000002                   : BIOS.obj (.text:ti_sysbios_gates_GateHwi_Instance_init__E)
                  00005492    00000006     --HOLE-- [fill = 0]
                  00005498    00000002                   : BIOS.obj (.text:ti_sysbios_knl_Clock_logTick__E)

.const     0    0000549c    00001e8a     
                  0000549c    00001861     empty_pem4f.oem4f (.const:xdc_runtime_Text_charTab__A)
                  00006cfd    00000001     empty_pem4f.oem4f (.const:xdc_runtime_Error_policy__C)
                  00006cfe    000000bc     empty_pem4f.oem4f (.const:xdc_runtime_Text_nodeTab__A)
                  00006dba    00000054     drivers_tivaware.aem4f : GPIOTiva.oem4f (.const:.string)
                  00006e0e    00000002     empty_pem4f.oem4f (.const:ti_catalog_arm_cortexm4_tiva_ce_Boot_Module__id__C)
                  00006e10    00000048     empty_pem4f.oem4f (.const:.string)
                  00006e58    00000048     drivers_tivaware.aem4f : GPIOTiva.oem4f (.const:gpioBaseAddresses)
                  00006ea0    0000003c     empty_pem4f.oem4f (.const:ti_sysbios_knl_Task_Object__PARAMS__C)
                  00006edc    00000030     empty_pem4f.oem4f (.const:ti_sysbios_family_arm_m3_Hwi_Object__PARAMS__C)
                  00006f0c    00000028     empty_pem4f.oem4f (.const:ti_sysbios_heaps_HeapMem_Module__FXNS__C)
                  00006f34    00000024     empty_pem4f.oem4f (.const:ti_sysbios_gates_GateHwi_Module__FXNS__C)
                  00006f58    00000024     empty_pem4f.oem4f (.const:ti_sysbios_gates_GateMutex_Module__FXNS__C)
                  00006f7c    00000024     empty_pem4f.oem4f (.const:ti_sysbios_heaps_HeapMem_Object__PARAMS__C)
                  00006fa0    00000024     empty_pem4f.oem4f (.const:ti_sysbios_knl_Semaphore_Object__PARAMS__C)
                  00006fc4    00000020     empty_pem4f.oem4f (.const:ti_sysbios_family_arm_m3_Hwi_Object__DESC__C)
                  00006fe4    00000020     empty_pem4f.oem4f (.const:ti_sysbios_gates_GateHwi_Object__DESC__C)
                  00007004    00000020     empty_pem4f.oem4f (.const:ti_sysbios_gates_GateMutex_Object__DESC__C)
                  00007024    00000020     empty_pem4f.oem4f (.const:ti_sysbios_heaps_HeapMem_Object__DESC__C)
                  00007044    00000020     empty_pem4f.oem4f (.const:ti_sysbios_knl_Queue_Object__DESC__C)
                  00007064    00000020     empty_pem4f.oem4f (.const:ti_sysbios_knl_Semaphore_Object__DESC__C)
                  00007084    00000020     empty_pem4f.oem4f (.const:ti_sysbios_knl_Task_Object__DESC__C)
                  000070a4    00000020     empty_pem4f.oem4f (.const:xdc_runtime_Startup_sfxnTab__A)
                  000070c4    00000018     empty_pem4f.oem4f (.const:ti_sysbios_gates_GateHwi_Object__PARAMS__C)
                  000070dc    00000018     empty_pem4f.oem4f (.const:ti_sysbios_gates_GateMutex_Object__PARAMS__C)
                  000070f4    00000018     empty_pem4f.oem4f (.const:ti_sysbios_knl_Queue_Object__PARAMS__C)
                  0000710c    00000014     EK_TM4C123GXL.obj (.const:GPIOTiva_config)
                  00007120    00000014     empty_pem4f.oem4f (.const:xdc_runtime_Startup_firstFxns__A)
                  00007134    00000010     empty_pem4f.oem4f (.const:xdc_runtime_Startup_sfxnRts__A)
                  00007144    00000008     empty_pem4f.oem4f (.const:ti_sysbios_family_arm_m3_Hwi_excHookFuncs__A)
                  0000714c    00000008     empty_pem4f.oem4f (.const:ti_sysbios_knl_Idle_funcList__C)
                  00007154    00000008     empty_pem4f.oem4f (.const:xdc_runtime_Startup_firstFxns__C)
                  0000715c    00000008     empty_pem4f.oem4f (.const:xdc_runtime_Startup_lastFxns__C)
                  00007164    00000004     empty_pem4f.oem4f (.const:ti_catalog_arm_cortexm4_tiva_ce_Boot_A_mustUseEnhancedClockMode__C)
                  00007168    00000004     empty_pem4f.oem4f (.const:ti_catalog_arm_cortexm4_tiva_ce_Boot_Module__diagsEnabled__C)
                  0000716c    00000004     empty_pem4f.oem4f (.const:ti_catalog_arm_cortexm4_tiva_ce_Boot_Module__diagsIncluded__C)
                  00007170    00000004     empty_pem4f.oem4f (.const:ti_catalog_arm_cortexm4_tiva_ce_Boot_Module__diagsMask__C)
                  00007174    00000004     empty_pem4f.oem4f (.const:ti_sysbios_family_arm_lm4_Timer_enableFunc__C)
                  00007178    00000004     empty_pem4f.oem4f (.const:ti_sysbios_family_arm_lm4_Timer_numTimerDevices__C)
                  0000717c    00000004     empty_pem4f.oem4f (.const:ti_sysbios_family_arm_lm4_Timer_startupNeeded__C)
                  00007180    00000004     empty_pem4f.oem4f (.const:ti_sysbios_family_arm_m3_Hwi_E_NMI__C)
                  00007184    00000004     empty_pem4f.oem4f (.const:ti_sysbios_family_arm_m3_Hwi_E_alreadyDefined__C)
                  00007188    00000004     empty_pem4f.oem4f (.const:ti_sysbios_family_arm_m3_Hwi_E_busFault__C)
                  0000718c    00000004     empty_pem4f.oem4f (.const:ti_sysbios_family_arm_m3_Hwi_E_debugMon__C)
                  00007190    00000004     empty_pem4f.oem4f (.const:ti_sysbios_family_arm_m3_Hwi_E_hardFault__C)
                  00007194    00000004     empty_pem4f.oem4f (.const:ti_sysbios_family_arm_m3_Hwi_E_memFault__C)
                  00007198    00000004     empty_pem4f.oem4f (.const:ti_sysbios_family_arm_m3_Hwi_E_noIsr__C)
                  0000719c    00000004     empty_pem4f.oem4f (.const:ti_sysbios_family_arm_m3_Hwi_E_reserved__C)
                  000071a0    00000004     empty_pem4f.oem4f (.const:ti_sysbios_family_arm_m3_Hwi_E_svCall__C)
                  000071a4    00000004     empty_pem4f.oem4f (.const:ti_sysbios_family_arm_m3_Hwi_E_usageFault__C)
                  000071a8    00000004     empty_pem4f.oem4f (.const:ti_sysbios_family_arm_m3_Hwi_NUM_INTERRUPTS__C)
                  000071ac    00000004     empty_pem4f.oem4f (.const:ti_sysbios_family_arm_m3_Hwi_Object__count__C)
                  000071b0    00000004     empty_pem4f.oem4f (.const:ti_sysbios_family_arm_m3_Hwi_ccr__C)
                  000071b4    00000004     empty_pem4f.oem4f (.const:ti_sysbios_family_arm_m3_Hwi_excHandlerFunc__C)
                  000071b8    00000004     empty_pem4f.oem4f (.const:ti_sysbios_family_arm_m3_Hwi_excHookFuncs__C)
                  000071bc    00000004     empty_pem4f.oem4f (.const:ti_sysbios_family_arm_m3_Hwi_nullIsrFunc__C)
                  000071c0    00000004     empty_pem4f.oem4f (.const:ti_sysbios_family_arm_m3_Hwi_priGroup__C)
                  000071c4    00000004     empty_pem4f.oem4f (.const:ti_sysbios_family_arm_m3_TaskSupport_stackAlignment__C)
                  000071c8    00000004     empty_pem4f.oem4f (.const:ti_sysbios_gates_GateMutex_A_badContext__C)
                  000071cc    00000004     empty_pem4f.oem4f (.const:ti_sysbios_gates_GateMutex_Instance_State_sem__O)
                  000071d0    00000004     empty_pem4f.oem4f (.const:ti_sysbios_gates_GateMutex_Module__diagsEnabled__C)
                  000071d4    00000004     empty_pem4f.oem4f (.const:ti_sysbios_gates_GateMutex_Module__diagsIncluded__C)
                  000071d8    00000004     empty_pem4f.oem4f (.const:ti_sysbios_gates_GateMutex_Module__diagsMask__C)
                  000071dc    00000004     empty_pem4f.oem4f (.const:ti_sysbios_hal_Hwi_E_stackOverflow__C)
                  000071e0    00000004     empty_pem4f.oem4f (.const:ti_sysbios_heaps_HeapMem_A_align__C)
                  000071e4    00000004     empty_pem4f.oem4f (.const:ti_sysbios_heaps_HeapMem_A_heapSize__C)
                  000071e8    00000004     empty_pem4f.oem4f (.const:ti_sysbios_heaps_HeapMem_A_invalidFree__C)
                  000071ec    00000004     empty_pem4f.oem4f (.const:ti_sysbios_heaps_HeapMem_A_zeroBlock__C)
                  000071f0    00000004     empty_pem4f.oem4f (.const:ti_sysbios_heaps_HeapMem_E_memory__C)
                  000071f4    00000004     empty_pem4f.oem4f (.const:ti_sysbios_heaps_HeapMem_Module__diagsEnabled__C)
                  000071f8    00000004     empty_pem4f.oem4f (.const:ti_sysbios_heaps_HeapMem_Module__diagsIncluded__C)
                  000071fc    00000004     empty_pem4f.oem4f (.const:ti_sysbios_heaps_HeapMem_Module__diagsMask__C)
                  00007200    00000004     empty_pem4f.oem4f (.const:ti_sysbios_heaps_HeapMem_Module__gateObj__C)
                  00007204    00000004     empty_pem4f.oem4f (.const:ti_sysbios_heaps_HeapMem_Object__count__C)
                  00007208    00000004     empty_pem4f.oem4f (.const:ti_sysbios_heaps_HeapMem_reqAlign__C)
                  0000720c    00000004     empty_pem4f.oem4f (.const:ti_sysbios_knl_Clock_Module_State_clockQ__O)
                  00007210    00000004     empty_pem4f.oem4f (.const:ti_sysbios_knl_Idle_funcList__A)
                  00007214    00000004     empty_pem4f.oem4f (.const:ti_sysbios_knl_Semaphore_A_badContext__C)
                  00007218    00000004     empty_pem4f.oem4f (.const:ti_sysbios_knl_Semaphore_A_noEvents__C)
                  0000721c    00000004     empty_pem4f.oem4f (.const:ti_sysbios_knl_Semaphore_A_overflow__C)
                  00007220    00000004     empty_pem4f.oem4f (.const:ti_sysbios_knl_Semaphore_A_pendTaskDisabled__C)
                  00007224    00000004     empty_pem4f.oem4f (.const:ti_sysbios_knl_Semaphore_Instance_State_pendQ__O)
                  00007228    00000004     empty_pem4f.oem4f (.const:ti_sysbios_knl_Semaphore_Module__diagsEnabled__C)
                  0000722c    00000004     empty_pem4f.oem4f (.const:ti_sysbios_knl_Semaphore_Module__diagsIncluded__C)
                  00007230    00000004     empty_pem4f.oem4f (.const:ti_sysbios_knl_Semaphore_Module__diagsMask__C)
                  00007234    00000004     empty_pem4f.oem4f (.const:ti_sysbios_knl_Swi_Object__count__C)
                  00007238    00000004     empty_pem4f.oem4f (.const:ti_sysbios_knl_Task_A_badPriority__C)
                  0000723c    00000004     empty_pem4f.oem4f (.const:ti_sysbios_knl_Task_A_badTaskState__C)
                  00007240    00000004     empty_pem4f.oem4f (.const:ti_sysbios_knl_Task_A_badThreadType__C)
                  00007244    00000004     empty_pem4f.oem4f (.const:ti_sysbios_knl_Task_A_badTimeout__C)
                  00007248    00000004     empty_pem4f.oem4f (.const:ti_sysbios_knl_Task_A_noPendElem__C)
                  0000724c    00000004     empty_pem4f.oem4f (.const:ti_sysbios_knl_Task_A_sleepTaskDisabled__C)
                  00007250    00000004     empty_pem4f.oem4f (.const:ti_sysbios_knl_Task_E_spOutOfBounds__C)
                  00007254    00000004     empty_pem4f.oem4f (.const:ti_sysbios_knl_Task_E_stackOverflow__C)
                  00007258    00000004     empty_pem4f.oem4f (.const:ti_sysbios_knl_Task_Module_State_inactiveQ__O)
                  0000725c    00000004     empty_pem4f.oem4f (.const:ti_sysbios_knl_Task_Module__diagsEnabled__C)
                  00007260    00000004     empty_pem4f.oem4f (.const:ti_sysbios_knl_Task_Module__diagsIncluded__C)
                  00007264    00000004     empty_pem4f.oem4f (.const:ti_sysbios_knl_Task_Module__diagsMask__C)
                  00007268    00000004     empty_pem4f.oem4f (.const:ti_sysbios_knl_Task_Object__count__C)
                  0000726c    00000004     empty_pem4f.oem4f (.const:ti_sysbios_knl_Task_allBlockedFunc__C)
                  00007270    00000004     empty_pem4f.oem4f (.const:ti_sysbios_knl_Task_defaultStackHeap__C)
                  00007274    00000004     empty_pem4f.oem4f (.const:ti_sysbios_knl_Task_defaultStackSize__C)
                  00007278    00000004     empty_pem4f.oem4f (.const:ti_sysbios_knl_Task_numConstructedTasks__C)
                  0000727c    00000004     empty_pem4f.oem4f (.const:xdc_runtime_Assert_E_assertFailed__C)
                  00007280    00000004     empty_pem4f.oem4f (.const:xdc_runtime_Core_A_initializedParams__C)
                  00007284    00000004     empty_pem4f.oem4f (.const:xdc_runtime_Core_Module__diagsEnabled__C)
                  00007288    00000004     empty_pem4f.oem4f (.const:xdc_runtime_Core_Module__diagsIncluded__C)
                  0000728c    00000004     empty_pem4f.oem4f (.const:xdc_runtime_Core_Module__diagsMask__C)
                  00007290    00000004     empty_pem4f.oem4f (.const:xdc_runtime_Error_E_memory__C)
                  00007294    00000004     empty_pem4f.oem4f (.const:xdc_runtime_Error_Module__diagsEnabled__C)
                  00007298    00000004     empty_pem4f.oem4f (.const:xdc_runtime_Error_Module__diagsIncluded__C)
                  0000729c    00000004     empty_pem4f.oem4f (.const:xdc_runtime_Error_Module__diagsMask__C)
                  000072a0    00000004     empty_pem4f.oem4f (.const:xdc_runtime_Error_Module__loggerFxn8__C)
                  000072a4    00000004     empty_pem4f.oem4f (.const:xdc_runtime_Error_Module__loggerObj__C)
                  000072a8    00000004     empty_pem4f.oem4f (.const:xdc_runtime_Error_policyFxn__C)
                  000072ac    00000004     empty_pem4f.oem4f (.const:xdc_runtime_Error_raiseHook__C)
                  000072b0    00000004     empty_pem4f.oem4f (.const:xdc_runtime_IGateProvider_Interface__BASE__C)
                  000072b4    00000004     empty_pem4f.oem4f (.const:xdc_runtime_IHeap_Interface__BASE__C)
                  000072b8    00000004     empty_pem4f.oem4f (.const:xdc_runtime_IModule_Interface__BASE__C)
                  000072bc    00000004     empty_pem4f.oem4f (.const:xdc_runtime_Log_L_error__C)
                  000072c0    00000004     empty_pem4f.oem4f (.const:xdc_runtime_Memory_defaultHeapInstance__C)
                  000072c4    00000004     empty_pem4f.oem4f (.const:xdc_runtime_Startup_execImpl__C)
                  000072c8    00000004     empty_pem4f.oem4f (.const:xdc_runtime_Startup_maxPasses__C)
                  000072cc    00000004     empty_pem4f.oem4f (.const:xdc_runtime_Startup_sfxnRts__C)
                  000072d0    00000004     empty_pem4f.oem4f (.const:xdc_runtime_Startup_sfxnTab__C)
                  000072d4    00000004     empty_pem4f.oem4f (.const:xdc_runtime_SysMin_bufSize__C)
                  000072d8    00000004     empty_pem4f.oem4f (.const:xdc_runtime_SysMin_outputFunc__C)
                  000072dc    00000004     empty_pem4f.oem4f (.const:xdc_runtime_System_Module__gateObj__C)
                  000072e0    00000004     empty_pem4f.oem4f (.const:xdc_runtime_System_abortFxn__C)
                  000072e4    00000004     empty_pem4f.oem4f (.const:xdc_runtime_System_exitFxn__C)
                  000072e8    00000004     empty_pem4f.oem4f (.const:xdc_runtime_System_extendFxn__C)
                  000072ec    00000004     empty_pem4f.oem4f (.const:xdc_runtime_System_maxAtexitHandlers__C)
                  000072f0    00000004     empty_pem4f.oem4f (.const:xdc_runtime_Text_charTab__C)
                  000072f4    00000004     empty_pem4f.oem4f (.const:xdc_runtime_Text_nameEmpty__C)
                  000072f8    00000004     empty_pem4f.oem4f (.const:xdc_runtime_Text_nameStatic__C)
                  000072fc    00000004     empty_pem4f.oem4f (.const:xdc_runtime_Text_nameUnknown__C)
                  00007300    00000004     empty_pem4f.oem4f (.const:xdc_runtime_Text_nodeTab__C)
                  00007304    00000004     empty_pem4f.oem4f (.const:xdc_runtime_Text_visitRopeFxn__C)
                  00007308    00000002     empty_pem4f.oem4f (.const:ti_sysbios_family_arm_m3_Hwi_Module__id__C)
                  0000730a    00000002     empty_pem4f.oem4f (.const:ti_sysbios_gates_GateMutex_Module__id__C)
                  0000730c    00000002     empty_pem4f.oem4f (.const:ti_sysbios_hal_Hwi_Module__id__C)
                  0000730e    00000002     empty_pem4f.oem4f (.const:ti_sysbios_heaps_HeapMem_Module__id__C)
                  00007310    00000002     empty_pem4f.oem4f (.const:ti_sysbios_knl_Semaphore_Module__id__C)
                  00007312    00000002     empty_pem4f.oem4f (.const:ti_sysbios_knl_Task_Module__id__C)
                  00007314    00000002     empty_pem4f.oem4f (.const:xdc_runtime_Core_Module__id__C)
                  00007316    00000002     empty_pem4f.oem4f (.const:xdc_runtime_Error_Module__loggerDefined__C)
                  00007318    00000002     empty_pem4f.oem4f (.const:xdc_runtime_Error_maxDepth__C)
                  0000731a    00000002     empty_pem4f.oem4f (.const:xdc_runtime_Memory_Module__id__C)
                  0000731c    00000002     empty_pem4f.oem4f (.const:xdc_runtime_SysMin_flushAtExit__C)
                  0000731e    00000002     empty_pem4f.oem4f (.const:xdc_runtime_Text_charCnt__C)
                  00007320    00000002     empty_pem4f.oem4f (.const:xdc_runtime_Text_isLoaded__C)
                  00007322    00000002     empty_pem4f.oem4f (.const:xdc_runtime_Text_registryModsLastId__C)
                  00007324    00000002     empty_pem4f.oem4f (.const:xdc_runtime_Text_unnamedModsLastId__C)

.cinit     0    00007328    00000208     
                  00007328    000001ce     (.cinit..data.load) [load image, compression = lzss]
                  000074f6    00000002     --HOLE-- [fill = 0]
                  000074f8    0000000c     (__TI_handler_table)
                  00007504    00000004     --HOLE-- [fill = 0]
                  00007508    00000008     (.cinit..bss.load) [load image, compression = zero_init]
                  00007510    00000008     (.cinit..vecs.load) [load image, compression = zero_init]
                  00007518    00000018     (__TI_cinit_table)

.init_array 
*          0    00000000    00000000     UNINITIALIZED

.resetVecs 
*          0    00000000    0000003c     
                  00000000    0000003c     empty_pem4f.oem4f (.resetVecs)

.bss       0    20000360    00000dec     UNINITIALIZED
                  20000360    00000400     (.common:ti_sysbios_heaps_HeapMem_Instance_State_0_buf__A)
                  20000760    00000360     (.common:ti_sysbios_family_arm_m3_Hwi_dispatchTable)
                  20000ac0    00000200     empty_pem4f.oem4f (.bss:taskStackSection)
                  20000cc0    00000200     (.common:task0Stack)
                  20000ec0    00000120     rtsv7M4_T_le_v4SPD16_eabi.lib : trgmsg.c.obj (.bss:_CIOBUF_)
                  20000fe0    00000090     drivers_tivaware.aem4f : GPIOTiva.oem4f (.bss:gpioCallbackInfo)
                  20001070    00000080     (.common:xdc_runtime_SysMin_Module_State_0_outbuf__A)
                  200010f0    00000050     (.common:task0Struct)
                  20001140    00000008     (.common:parmbuf)
                  20001148    00000004     (.common:gpioInterruptVectors)

.data      0    2000114c    00000406     UNINITIALIZED
                  2000114c    00000080     empty_pem4f.oem4f (.data:ti_sysbios_knl_Swi_Module_State_0_readyQ__A)
                  200011cc    00000080     empty_pem4f.oem4f (.data:ti_sysbios_knl_Task_Module_State_0_readyQ__A)
                  2000124c    0000004c     empty_pem4f.oem4f (.data:ti_sysbios_knl_Task_Object__table__V)
                  20001298    00000044     empty_pem4f.oem4f (.data:ti_sysbios_knl_Task_Module__state__V)
                  200012dc    00000040     empty_pem4f.oem4f (.data:ti_sysbios_family_arm_lm4_Timer_Object__table__V)
                  2000131c    00000038     empty_pem4f.oem4f (.data:ti_sysbios_gates_GateMutex_Object__table__V)
                  20001354    00000034     empty_pem4f.oem4f (.data:ti_sysbios_family_arm_m3_Hwi_Module__state__V)
                  20001388    00000030     empty_pem4f.oem4f (.data:ti_sysbios_family_arm_lm4_Timer_Module_State_0_device__A)
                  200013b8    00000030     empty_pem4f.oem4f (.data:ti_sysbios_knl_Swi_Object__table__V)
                  200013e8    0000002c     empty_pem4f.oem4f (.data:ti_sysbios_knl_Clock_Module__state__V)
                  20001414    00000024     empty_pem4f.oem4f (.data:ti_sysbios_BIOS_Module__state__V)
                  20001438    0000001c     empty_pem4f.oem4f (.data:ti_sysbios_knl_Swi_Module__state__V)
                  20001454    00000018     empty_pem4f.oem4f (.data:ti_sysbios_family_arm_lm4_Timer_Module_State_0_handles__A)
                  2000146c    00000018     empty_pem4f.oem4f (.data:ti_sysbios_family_arm_m3_Hwi_Object__table__V)
                  20001484    00000018     empty_pem4f.oem4f (.data:ti_sysbios_heaps_HeapMem_Object__table__V)
                  2000149c    00000014     EK_TM4C123GXL.obj (.data:gpioPinConfigs)
                  200014b0    0000000c     empty_pem4f.oem4f (.data:ti_sysbios_family_arm_lm4_Timer_Module__state__V)
                  200014bc    0000000c     empty_pem4f.oem4f (.data:xdc_runtime_SysMin_Module__state__V)
                  200014c8    00000008     rtsv7M4_T_le_v4SPD16_eabi.lib : _lock.c.obj (.data:$O1$$)
                  200014d0    00000008     EK_TM4C123GXL.obj (.data:gpioCallbackFunctions)
                  200014d8    00000008     empty_pem4f.oem4f (.data:ti_sysbios_family_arm_m3_Hwi_Module__root__V)
                  200014e0    00000008     empty_pem4f.oem4f (.data:ti_sysbios_gates_GateHwi_Module__root__V)
                  200014e8    00000008     empty_pem4f.oem4f (.data:ti_sysbios_gates_GateMutex_Module__root__V)
                  200014f0    00000008     empty_pem4f.oem4f (.data:ti_sysbios_heaps_HeapMem_Module__root__V)
                  200014f8    00000008     empty_pem4f.oem4f (.data:ti_sysbios_knl_Queue_Module__root__V)
                  20001500    00000008     empty_pem4f.oem4f (.data:ti_sysbios_knl_Semaphore_Module__root__V)
                  20001508    00000008     empty_pem4f.oem4f (.data:ti_sysbios_knl_Task_Module__root__V)
                  20001510    00000008     empty_pem4f.oem4f (.data:xdc_runtime_Registry_Module__state__V)
                  20001518    00000008     empty_pem4f.oem4f (.data:xdc_runtime_Startup_Module__state__V)
                  20001520    00000008     empty_pem4f.oem4f (.data:xdc_runtime_System_Module_State_0_atexitHandlers__A)
                  20001528    00000008     empty_pem4f.oem4f (.data:xdc_runtime_System_Module__state__V)
                  20001530    00000005     drivers_tivaware.aem4f : GPIOTiva.oem4f (.data)
                  20001535    00000001     --HOLE--
                  20001536    00000002     empty_pem4f.oem4f (.data:ti_sysbios_family_arm_m3_Hwi_Module_State_0_excActive__A)
                  20001538    00000004     rtsv7M4_T_le_v4SPD16_eabi.lib : stkdepth_vars.c.obj (.data)
                  2000153c    00000004     empty_pem4f.oem4f (.data:ti_sysbios_family_arm_m3_Hwi_Module_State_0_excContext__A)
                  20001540    00000004     empty_pem4f.oem4f (.data:ti_sysbios_family_arm_m3_Hwi_Module_State_0_excStack__A)
                  20001544    00000004     empty_pem4f.oem4f (.data:ti_sysbios_gates_GateHwi_Object__table__V)
                  20001548    00000004     empty_pem4f.oem4f (.data:ti_sysbios_knl_Task_Module_State_0_idleTask__A)
                  2000154c    00000004     empty_pem4f.oem4f (.data:xdc_runtime_Memory_Module__state__V)
                  20001550    00000002     empty_pem4f.oem4f (.data:xdc_runtime_Error_Module__state__V)

.stack     0    20001558    00000300     UNINITIALIZED
                  20001558    00000300     --HOLE--

.bootVecs 
*          0    00000000    00000008     DSECT
                  00000000    00000008     boot.aem4f : boot.oem4f (.bootVecs)

.vecs      0    20000000    00000360     UNINITIALIZED
                  20000000    00000360     empty_pem4f.oem4f (.vecs)

xdc.meta   0    00000000    000000e9     COPY SECTION
                  00000000    000000e9     empty_pem4f.oem4f (xdc.meta)

MODULE SUMMARY

       Module                       code    ro data   rw data
       ------                       ----    -------   -------
    ./
       empty.obj                    238     0         592    
       EK_TM4C123GXL.obj            112     20        28     
    +--+----------------------------+-------+---------+---------+
       Total:                       350     20        620    
                                                             
    /home/khaled/workspace_v8/empty_EK_TM4C123GXL_TI/Debug/configPkg/package/cfg/
       empty_pem4f.oem4f            1654    7702      4376   
    +--+----------------------------+-------+---------+---------+
       Total:                       1654    7702      4376   
                                                             
    /home/khaled/ti/ccsv8/tools/compiler/ti-cgt-arm_18.1.3.LTS/lib/rtsv7M4_T_le_v4SPD16_eabi.lib
       trgmsg.c.obj                 108     0         288    
       memcpy_t2.asm.obj            156     0         0      
       memset_t2.asm.obj            122     0         0      
       copy_decompress_lzss.c.obj   104     0         0      
       hostwrite.c.obj              88      0         0      
       cpy_tbl.c.obj                76      0         0      
       u_divt2.asm.obj              64      0         0      
       _lock.c.obj                  26      0         8      
       args_main.c.obj              24      0         0      
       strlen.c.obj                 20      0         0      
       copy_decompress_none.c.obj   14      0         0      
       copy_zero_init.c.obj         12      0         0      
       hostopen.c.obj               0       0         8      
       exit.c.obj                   4       0         0      
       stkdepth_vars.c.obj          0       0         4      
       div0.asm.obj                 2       0         0      
    +--+----------------------------+-------+---------+---------+
       Total:                       820     0         308    
                                                             
    /home/khaled/ti/tirtos_tivac_2_16_00_08/products/TivaWare_C_Series-2.1.1.71b/driverlib/ccs/Debug/driverlib.lib
       gpio.obj                     482     0         0      
       sysctl.obj                   52      0         0      
    +--+----------------------------+-------+---------+---------+
       Total:                       534     0         0      
                                                             
    /home/khaled/ti/tirtos_tivac_2_16_00_08/products/bios_6_45_01_29/packages/ti/catalog/arm/cortexm4/tiva/ce/lib/Boot.aem4f
       Boot_sysctl.oem4f            262     0         0      
       Boot.oem4f                   152     0         0      
    +--+----------------------------+-------+---------+---------+
       Total:                       414     0         0      
                                                             
    /home/khaled/ti/tirtos_tivac_2_16_00_08/products/bios_6_45_01_29/packages/ti/targets/arm/rtsarm/lib/auto_init.aem4f
       auto_init.oem4f              160     0         0      
    +--+----------------------------+-------+---------+---------+
       Total:                       160     0         0      
                                                             
    /home/khaled/ti/tirtos_tivac_2_16_00_08/products/bios_6_45_01_29/packages/ti/targets/arm/rtsarm/lib/boot.aem4f
       boot.oem4f                   88      0         0      
    +--+----------------------------+-------+---------+---------+
       Total:                       88      0         0      
                                                             
    /home/khaled/ti/tirtos_tivac_2_16_00_08/products/bios_6_45_01_29/packages/ti/targets/arm/rtsarm/lib/ti.targets.arm.rtsarm.aem4f
       System.oem4f                 1255    0         0      
       Text.oem4f                   672     0         0      
       Error.oem4f                  524     0         0      
       Core-mem.oem4f               358     0         0      
       Startup.oem4f                328     0         0      
       SysMin.oem4f                 248     0         0      
       Core-smem.oem4f              204     0         0      
       Memory.oem4f                 176     0         0      
       Assert.oem4f                 84      0         0      
       Core-params.oem4f            70      0         0      
       Core-label.oem4f             52      0         0      
       Registry.oem4f               32      0         0      
       Gate.oem4f                   28      0         0      
    +--+----------------------------+-------+---------+---------+
       Total:                       4031    0         0      
                                                             
    /home/khaled/ti/tirtos_tivac_2_16_00_08/products/tidrivers_tivac_2_16_00_08/packages/ti/drivers/lib/drivers_tivaware.aem4f
       GPIOTiva.oem4f               844     156       153    
    +--+----------------------------+-------+---------+---------+
       Total:                       844     156       153    
                                                             
    /home/khaled/workspace_v8/empty_EK_TM4C123GXL_TI/src/sysbios/sysbios.aem4f
       BIOS.obj                     11938   0         0      
       m3_Hwi_asm.obj               314     0         0      
       m3_TaskSupport_asm.obj       180     0         0      
       m3_Hwi_asm_switch.obj        118     0         0      
    +--+----------------------------+-------+---------+---------+
       Total:                       12550   0         0      
                                                             
       Stack:                       0       0         768    
       Linker Generated:            0       514       0      
    +--+----------------------------+-------+---------+---------+
       Grand Total:                 21445   8392      6225   


LINKER GENERATED COPY TABLES

__TI_cinit_table @ 00007518 records: 3, size/record: 8, table size: 24
	.data: load addr=00007328, load size=000001ce bytes, run addr=2000114c, run size=00000406 bytes, compression=lzss
	.bss: load addr=00007508, load size=00000008 bytes, run addr=20000360, run size=00000dec bytes, compression=zero_init
	.vecs: load addr=00007510, load size=00000008 bytes, run addr=20000000, run size=00000360 bytes, compression=zero_init


LINKER GENERATED HANDLER TABLE

__TI_handler_table @ 000074f8 records: 3, size/record: 4, table size: 12
	index: 0, handler: __TI_decompress_lzss
	index: 1, handler: __TI_decompress_none
	index: 2, handler: __TI_zero_init


GLOBAL SYMBOLS: SORTED ALPHABETICALLY BY Name 

address   name                                                              
-------   ----                                                              
000007bd  C$$EXIT                                                           
0000459b  C$$IO$$                                                           
00004835  EK_TM4C123GXL_initGPIO                                            
000043f1  EK_TM4C123GXL_initGeneral                                         
00004b29  GPIODirModeSet                                                    
00004ebb  GPIOIntClear                                                      
000052f9  GPIOIntStatus                                                     
00003d59  GPIOIntTypeSet                                                    
00001f2d  GPIOPadConfigSet                                                  
00005431  GPIOPinRead                                                       
000051ed  GPIOPinTypeGPIOInput                                              
00005437  GPIOPinWrite                                                      
0000710c  GPIOTiva_config                                                   
00003825  GPIO_hwiIntFxn                                                    
000032a5  GPIO_init                                                         
00003e59  GPIO_setCallback                                                  
00001a15  GPIO_setConfig                                                    
00003ea9  GPIO_toggle                                                       
00003ef9  GPIO_write                                                        
00003c51  HOSTwrite                                                         
UNDEFED   SHT$$INIT_ARRAY$$Base                                             
UNDEFED   SHT$$INIT_ARRAY$$Limit                                            
00004689  SysCtlPeripheralEnable                                            
00000000  __ASM__                                                           
20000ec0  __CIOBUF_                                                         
00000067  __ISA__                                                           
0000007a  __PLAT__                                                          
20001858  __STACK_END                                                       
00000300  __STACK_SIZE                                                      
0000009b  __TARG__                                                          
00007518  __TI_CINIT_Base                                                   
00007530  __TI_CINIT_Limit                                                  
000074f8  __TI_Handler_Table_Base                                           
00007504  __TI_Handler_Table_Limit                                          
00002dc9  __TI_auto_init                                                    
00003755  __TI_decompress_lzss                                              
00005307  __TI_decompress_none                                              
ffffffff  __TI_pprof_out_hndl                                               
ffffffff  __TI_prof_data_size                                               
ffffffff  __TI_prof_data_start                                              
000046bd  __TI_readmsg                                                      
00007328  __TI_static_base__                                                
0000456d  __TI_writemsg                                                     
0000535d  __TI_zero_init                                                    
000000c1  __TRDR__                                                          
000033bd  __aeabi_idiv0                                                     
000033bd  __aeabi_ldiv0                                                     
00003445  __aeabi_memclr                                                    
00003445  __aeabi_memclr4                                                   
00003445  __aeabi_memclr8                                                   
00002f09  __aeabi_memcpy                                                    
00002f09  __aeabi_memcpy4                                                   
00002f09  __aeabi_memcpy8                                                   
00003447  __aeabi_memset                                                    
00003447  __aeabi_memset4                                                   
00003447  __aeabi_memset8                                                   
00004431  __aeabi_uidiv                                                     
00004431  __aeabi_uidivmod                                                  
ffffffff  __binit__                                                         
ffffffff  __c_args__                                                        
20001558  __stack                                                           
00005055  _args_main                                                        
00003ca9  _c_int00                                                          
200014c8  _lock                                                             
000030df  _nop                                                              
00005345  _register_lock                                                    
00005351  _register_unlock                                                  
200014cc  _unlock                                                           
000007bd  abort                                                             
ffffffff  binit                                                             
00004039  copy_in                                                           
200014d0  gpioCallbackFunctions                                             
2000149c  gpioPinConfigs                                                    
00005175  heartBeatFxn                                                      
00002811  main                                                              
20001538  main_func_sp                                                      
00002f09  memcpy                                                            
0000344d  memset                                                            
00005299  osi_TaskDisable                                                   
00005239  osi_start                                                         
20001140  parmbuf                                                           
00005189  strlen                                                            
20000cc0  task0Stack                                                        
200010f0  task0Struct                                                       
00007164  ti_catalog_arm_cortexm4_tiva_ce_Boot_A_mustUseEnhancedClockMode__C
00007168  ti_catalog_arm_cortexm4_tiva_ce_Boot_Module__diagsEnabled__C      
0000716c  ti_catalog_arm_cortexm4_tiva_ce_Boot_Module__diagsIncluded__C     
00007170  ti_catalog_arm_cortexm4_tiva_ce_Boot_Module__diagsMask__C         
00006e0e  ti_catalog_arm_cortexm4_tiva_ce_Boot_Module__id__C                
00005339  ti_catalog_arm_cortexm4_tiva_ce_Boot_init__I                      
00002175  ti_catalog_arm_cortexm4_tiva_ce_Boot_sysCtlClockSetI__I           
000030e1  ti_catalog_arm_cortexm4_tiva_ce_Boot_sysCtlClockSet__E            
0000543d  ti_catalog_arm_cortexm4_tiva_ce_Boot_sysCtlDelayI__I              
20001414  ti_sysbios_BIOS_Module__state__V                                  
00004fb9  ti_sysbios_BIOS_RtsGateProxy_Handle__label__S                     
00004c85  ti_sysbios_BIOS_RtsGateProxy_Object__delete__S                    
00000cfd  ti_sysbios_BIOS_RtsGateProxy_enter__E                             
00001185  ti_sysbios_BIOS_RtsGateProxy_leave__E                             
00005481  ti_sysbios_BIOS_RtsGateProxy_query__E                             
00004865  ti_sysbios_BIOS_atExitFunc__I                                     
00004bf5  ti_sysbios_BIOS_errorRaiseHook__I                                 
00005149  ti_sysbios_BIOS_exitFunc__I                                       
000033bf  ti_sysbios_BIOS_nullFunc__I                                       
00004c19  ti_sysbios_BIOS_registerRTSLock__I                                
00004c3d  ti_sysbios_BIOS_removeRTSLock__I                                  
00004d5d  ti_sysbios_BIOS_rtsLock__I                                        
0000506d  ti_sysbios_BIOS_rtsUnlock__I                                      
00005229  ti_sysbios_BIOS_setThreadType__E                                  
00004c61  ti_sysbios_BIOS_startFunc__I                                      
00005239  ti_sysbios_BIOS_start__E                                          
20001388  ti_sysbios_family_arm_lm4_Timer_Module_State_0_device__A          
20001454  ti_sysbios_family_arm_lm4_Timer_Module_State_0_handles__A         
00005085  ti_sysbios_family_arm_lm4_Timer_Module__startupDone__F            
00005085  ti_sysbios_family_arm_lm4_Timer_Module__startupDone__S            
200014b0  ti_sysbios_family_arm_lm4_Timer_Module__state__V                  
00003889  ti_sysbios_family_arm_lm4_Timer_Module_startup__E                 
200012dc  ti_sysbios_family_arm_lm4_Timer_Object__table__V                  
00007174  ti_sysbios_family_arm_lm4_Timer_enableFunc__C                     
00002c79  ti_sysbios_family_arm_lm4_Timer_enableTimers__I                   
00002bc9  ti_sysbios_family_arm_lm4_Timer_enableTiva__I                     
00005369  ti_sysbios_family_arm_lm4_Timer_getMaxTicks__E                    
000039b9  ti_sysbios_family_arm_lm4_Timer_isrStub__E                        
00005419  ti_sysbios_family_arm_lm4_Timer_masterDisable__I                  
00001385  ti_sysbios_family_arm_lm4_Timer_masterEnable__I                   
00007178  ti_sysbios_family_arm_lm4_Timer_numTimerDevices__C                
00001cb1  ti_sysbios_family_arm_lm4_Timer_start__E                          
0000717c  ti_sysbios_family_arm_lm4_Timer_startupNeeded__C                  
00004471  ti_sysbios_family_arm_lm4_Timer_startup__E                        
00004899  ti_sysbios_family_arm_lm4_Timer_stop__E                           
00004d19  ti_sysbios_family_arm_lm4_Timer_write__I                          
00007180  ti_sysbios_family_arm_m3_Hwi_E_NMI__C                             
00007184  ti_sysbios_family_arm_m3_Hwi_E_alreadyDefined__C                  
00007188  ti_sysbios_family_arm_m3_Hwi_E_busFault__C                        
0000718c  ti_sysbios_family_arm_m3_Hwi_E_debugMon__C                        
00007190  ti_sysbios_family_arm_m3_Hwi_E_hardFault__C                       
00007194  ti_sysbios_family_arm_m3_Hwi_E_memFault__C                        
00007198  ti_sysbios_family_arm_m3_Hwi_E_noIsr__C                           
0000719c  ti_sysbios_family_arm_m3_Hwi_E_reserved__C                        
000071a0  ti_sysbios_family_arm_m3_Hwi_E_svCall__C                          
000071a4  ti_sysbios_family_arm_m3_Hwi_E_usageFault__C                      
00004f85  ti_sysbios_family_arm_m3_Hwi_Handle__label__S                     
000046f1  ti_sysbios_family_arm_m3_Hwi_Instance_finalize__E                 
00003179  ti_sysbios_family_arm_m3_Hwi_Instance_init__E                     
20001536  ti_sysbios_family_arm_m3_Hwi_Module_State_0_excActive__A          
2000153c  ti_sysbios_family_arm_m3_Hwi_Module_State_0_excContext__A         
20001540  ti_sysbios_family_arm_m3_Hwi_Module_State_0_excStack__A           
00007308  ti_sysbios_family_arm_m3_Hwi_Module__id__C                        
200014d8  ti_sysbios_family_arm_m3_Hwi_Module__root__V                      
0000509d  ti_sysbios_family_arm_m3_Hwi_Module__startupDone__F               
0000509d  ti_sysbios_family_arm_m3_Hwi_Module__startupDone__S               
20001354  ti_sysbios_family_arm_m3_Hwi_Module__state__V                     
00003f49  ti_sysbios_family_arm_m3_Hwi_Module_startup__E                    
000071a8  ti_sysbios_family_arm_m3_Hwi_NUM_INTERRUPTS__C                    
00006fc4  ti_sysbios_family_arm_m3_Hwi_Object__DESC__C                      
00006edc  ti_sysbios_family_arm_m3_Hwi_Object__PARAMS__C                    
000071ac  ti_sysbios_family_arm_m3_Hwi_Object__count__C                     
0000519d  ti_sysbios_family_arm_m3_Hwi_Object__get__S                       
2000146c  ti_sysbios_family_arm_m3_Hwi_Object__table__V                     
00005375  ti_sysbios_family_arm_m3_Hwi_Params__init__S                      
000071b0  ti_sysbios_family_arm_m3_Hwi_ccr__C                               
000038ed  ti_sysbios_family_arm_m3_Hwi_create                               
00005381  ti_sysbios_family_arm_m3_Hwi_disableFxn__E                        
00004179  ti_sysbios_family_arm_m3_Hwi_disableInterrupt__E                  
00003951  ti_sysbios_family_arm_m3_Hwi_dispatchC__I                         
20000760  ti_sysbios_family_arm_m3_Hwi_dispatchTable                        
00002565  ti_sysbios_family_arm_m3_Hwi_dispatch__I                          
00005421  ti_sysbios_family_arm_m3_Hwi_doSwiRestore__I                      
00005449  ti_sysbios_family_arm_m3_Hwi_doTaskRestore__I                     
000041c1  ti_sysbios_family_arm_m3_Hwi_enableInterrupt__E                   
00001739  ti_sysbios_family_arm_m3_Hwi_excBusFault__I                       
000028d9  ti_sysbios_family_arm_m3_Hwi_excDebugMon__I                       
00000041  ti_sysbios_family_arm_m3_Hwi_excDumpRegs__I                       
00004d7d  ti_sysbios_family_arm_m3_Hwi_excHandlerAsm__I                     
000071b4  ti_sysbios_family_arm_m3_Hwi_excHandlerFunc__C                    
00001189  ti_sysbios_family_arm_m3_Hwi_excHandlerMax__I                     
00004da1  ti_sysbios_family_arm_m3_Hwi_excHandler__I                        
00002999  ti_sysbios_family_arm_m3_Hwi_excHardFault__I                      
00007144  ti_sysbios_family_arm_m3_Hwi_excHookFuncs__A                      
000071b8  ti_sysbios_family_arm_m3_Hwi_excHookFuncs__C                      
00001b69  ti_sysbios_family_arm_m3_Hwi_excMemFault__I                       
00004729  ti_sysbios_family_arm_m3_Hwi_excNmi__I                            
000045a9  ti_sysbios_family_arm_m3_Hwi_excNoIsr__I                          
00004209  ti_sysbios_family_arm_m3_Hwi_excReserved__I                       
000044b1  ti_sysbios_family_arm_m3_Hwi_excSvCall__I                         
000018b1  ti_sysbios_family_arm_m3_Hwi_excUsageFault__I                     
00004299  ti_sysbios_family_arm_m3_Hwi_getStackInfo__E                      
00003211  ti_sysbios_family_arm_m3_Hwi_initNVIC__E                          
00003d01  ti_sysbios_family_arm_m3_Hwi_initStacks__E                        
000071bc  ti_sysbios_family_arm_m3_Hwi_nullIsrFunc__C                       
e000e000  ti_sysbios_family_arm_m3_Hwi_nvic                                 
00004ba9  ti_sysbios_family_arm_m3_Hwi_pendSV__I                            
000033c1  ti_sysbios_family_arm_m3_Hwi_postInit__I                          
000071c0  ti_sysbios_family_arm_m3_Hwi_priGroup__C                          
20000000  ti_sysbios_family_arm_m3_Hwi_ramVectors                           
00000000  ti_sysbios_family_arm_m3_Hwi_resetVectors                         
00005451  ti_sysbios_family_arm_m3_Hwi_restoreFxn__E                        
00004bcd  ti_sysbios_family_arm_m3_Hwi_return                               
00005429  ti_sysbios_family_arm_m3_Hwi_startup__E                           
000051b1  ti_sysbios_family_arm_m3_Hwi_switchFromBootStack__E               
000018ad  ti_sysbios_family_arm_m3_TaskSupport_Module__startupDone__S       
00003331  ti_sysbios_family_arm_m3_TaskSupport_buildTaskStack               
00005391  ti_sysbios_family_arm_m3_TaskSupport_checkStack__E                
000053a1  ti_sysbios_family_arm_m3_TaskSupport_getStackAlignment__E         
00005249  ti_sysbios_family_arm_m3_TaskSupport_glue                         
000071c4  ti_sysbios_family_arm_m3_TaskSupport_stackAlignment__C            
000048c9  ti_sysbios_family_arm_m3_TaskSupport_start__E                     
000050b5  ti_sysbios_family_arm_m3_TaskSupport_swap__E                      
00004e81  ti_sysbios_family_xxx_Hwi_switchAndRunFunc                        
[...]
00005351  _register_unlock                                                  
0000535d  __TI_zero_init                                                    
00005369  ti_sysbios_family_arm_lm4_Timer_getMaxTicks__E                    
00005375  ti_sysbios_family_arm_m3_Hwi_Params__init__S                      
00005375  ti_sysbios_hal_Hwi_HwiProxy_Params__init__S                       
00005381  ti_sysbios_family_arm_m3_Hwi_disableFxn__E                        
00005381  ti_sysbios_hal_Hwi_HwiProxy_disable__E                            
00005391  ti_sysbios_family_arm_m3_TaskSupport_checkStack__E                
00005391  ti_sysbios_knl_Task_SupportProxy_checkStack__E                    
000053a1  ti_sysbios_family_arm_m3_TaskSupport_getStackAlignment__E         
000053a1  ti_sysbios_knl_Task_SupportProxy_getStackAlignment__E             
000053b1  ti_sysbios_gates_GateHwi_enter__E                                 
000053bd  ti_sysbios_knl_Queue_Object__get__S                               
000053c9  ti_sysbios_knl_Task_Params__init__S                               
000053d5  xdc_runtime_Error_init__E                                         
000053e1  xdc_runtime_Gate_enterSystem__E                                   
000053ed  xdc_runtime_Memory_calloc__E                                      
000053f9  xdc_runtime_Memory_getMaxDefaultTypeAlign__E                      
00005405  xdc_runtime_Memory_HeapProxy_alloc__E                             
0000540f  xdc_runtime_Memory_HeapProxy_free__E                              
00005419  ti_sysbios_family_arm_lm4_Timer_masterDisable__I                  
00005421  ti_sysbios_family_arm_m3_Hwi_doSwiRestore__I                      
00005429  ti_sysbios_family_arm_m3_Hwi_startup__E                           
00005429  ti_sysbios_hal_Hwi_HwiProxy_startup__E                            
00005429  ti_sysbios_hal_Hwi_startup__E                                     
00005431  GPIOPinRead                                                       
00005437  GPIOPinWrite                                                      
0000543d  ti_catalog_arm_cortexm4_tiva_ce_Boot_sysCtlDelayI__I              
00005443  xdc_runtime_System_Module_startup__E                              
00005449  ti_sysbios_family_arm_m3_Hwi_doTaskRestore__I                     
00005451  ti_sysbios_family_arm_m3_Hwi_restoreFxn__E                        
00005451  ti_sysbios_hal_Hwi_HwiProxy_restore__E                            
00005459  ti_sysbios_gates_GateHwi_leave__E                                 
00005461  ti_sysbios_heaps_HeapMem_isBlocking__E                            
00005469  ti_sysbios_knl_Queue_Instance_init__E                             
00005471  ti_sysbios_knl_Swi_startup__E                                     
00005479  ti_sysbios_gates_GateHwi_query__E                                 
00005479  xdc_runtime_Main_Module_GateProxy_query__E                        
00005479  xdc_runtime_System_Module_GateProxy_query__E                      
00005481  ti_sysbios_BIOS_RtsGateProxy_query__E                             
00005481  ti_sysbios_gates_GateMutex_query__E                               
00005481  ti_sysbios_heaps_HeapMem_Module_GateProxy_query__E                
00005489  ti_sysbios_knl_Task_startup__E                                    
00005491  ti_sysbios_gates_GateHwi_Instance_init__E                         
00005499  ti_sysbios_knl_Clock_logTick__E                                   
0000549c  xdc_runtime_Text_charTab__A                                       
00006cfd  xdc_runtime_Error_policy__C                                       
00006cfe  xdc_runtime_Text_nodeTab__A                                       
00006e0e  ti_catalog_arm_cortexm4_tiva_ce_Boot_Module__id__C                
00006ea0  ti_sysbios_knl_Task_Object__PARAMS__C                             
00006edc  ti_sysbios_family_arm_m3_Hwi_Object__PARAMS__C                    
00006f0c  ti_sysbios_heaps_HeapMem_Module__FXNS__C                          
00006f34  ti_sysbios_gates_GateHwi_Module__FXNS__C                          
00006f58  ti_sysbios_gates_GateMutex_Module__FXNS__C                        
00006f7c  ti_sysbios_heaps_HeapMem_Object__PARAMS__C                        
00006fa0  ti_sysbios_knl_Semaphore_Object__PARAMS__C                        
00006fc4  ti_sysbios_family_arm_m3_Hwi_Object__DESC__C                      
00006fe4  ti_sysbios_gates_GateHwi_Object__DESC__C                          
00007004  ti_sysbios_gates_GateMutex_Object__DESC__C                        
00007024  ti_sysbios_heaps_HeapMem_Object__DESC__C                          
00007044  ti_sysbios_knl_Queue_Object__DESC__C                              
00007064  ti_sysbios_knl_Semaphore_Object__DESC__C                          
00007084  ti_sysbios_knl_Task_Object__DESC__C                               
000070a4  xdc_runtime_Startup_sfxnTab__A                                    
000070c4  ti_sysbios_gates_GateHwi_Object__PARAMS__C                        
000070dc  ti_sysbios_gates_GateMutex_Object__PARAMS__C                      
000070f4  ti_sysbios_knl_Queue_Object__PARAMS__C                            
0000710c  GPIOTiva_config                                                   
00007120  xdc_runtime_Startup_firstFxns__A                                  
00007134  xdc_runtime_Startup_sfxnRts__A                                    
00007144  ti_sysbios_family_arm_m3_Hwi_excHookFuncs__A                      
0000714c  ti_sysbios_knl_Idle_funcList__C                                   
00007154  xdc_runtime_Startup_firstFxns__C                                  
0000715c  xdc_runtime_Startup_lastFxns__C                                   
00007164  ti_catalog_arm_cortexm4_tiva_ce_Boot_A_mustUseEnhancedClockMode__C
00007168  ti_catalog_arm_cortexm4_tiva_ce_Boot_Module__diagsEnabled__C      
0000716c  ti_catalog_arm_cortexm4_tiva_ce_Boot_Module__diagsIncluded__C     
00007170  ti_catalog_arm_cortexm4_tiva_ce_Boot_Module__diagsMask__C         
00007174  ti_sysbios_family_arm_lm4_Timer_enableFunc__C                     
00007178  ti_sysbios_family_arm_lm4_Timer_numTimerDevices__C                
0000717c  ti_sysbios_family_arm_lm4_Timer_startupNeeded__C                  
00007180  ti_sysbios_family_arm_m3_Hwi_E_NMI__C                             
00007184  ti_sysbios_family_arm_m3_Hwi_E_alreadyDefined__C                  
00007188  ti_sysbios_family_arm_m3_Hwi_E_busFault__C                        
0000718c  ti_sysbios_family_arm_m3_Hwi_E_debugMon__C                        
00007190  ti_sysbios_family_arm_m3_Hwi_E_hardFault__C                       
00007194  ti_sysbios_family_arm_m3_Hwi_E_memFault__C                        
00007198  ti_sysbios_family_arm_m3_Hwi_E_noIsr__C                           
0000719c  ti_sysbios_family_arm_m3_Hwi_E_reserved__C                        
000071a0  ti_sysbios_family_arm_m3_Hwi_E_svCall__C                          
000071a4  ti_sysbios_family_arm_m3_Hwi_E_usageFault__C                      
000071a8  ti_sysbios_family_arm_m3_Hwi_NUM_INTERRUPTS__C                    
000071ac  ti_sysbios_family_arm_m3_Hwi_Object__count__C                     
000071b0  ti_sysbios_family_arm_m3_Hwi_ccr__C                               
000071b4  ti_sysbios_family_arm_m3_Hwi_excHandlerFunc__C                    
000071b8  ti_sysbios_family_arm_m3_Hwi_excHookFuncs__C                      
000071bc  ti_sysbios_family_arm_m3_Hwi_nullIsrFunc__C                       
000071c0  ti_sysbios_family_arm_m3_Hwi_priGroup__C                          
000071c4  ti_sysbios_family_arm_m3_TaskSupport_stackAlignment__C            
000071c8  ti_sysbios_gates_GateMutex_A_badContext__C                        
000071cc  ti_sysbios_gates_GateMutex_Instance_State_sem__O                  
000071d0  ti_sysbios_gates_GateMutex_Module__diagsEnabled__C                
000071d4  ti_sysbios_gates_GateMutex_Module__diagsIncluded__C               
000071d8  ti_sysbios_gates_GateMutex_Module__diagsMask__C                   
000071dc  ti_sysbios_hal_Hwi_E_stackOverflow__C                             
000071e0  ti_sysbios_heaps_HeapMem_A_align__C                               
000071e4  ti_sysbios_heaps_HeapMem_A_heapSize__C                            
000071e8  ti_sysbios_heaps_HeapMem_A_invalidFree__C                         
000071ec  ti_sysbios_heaps_HeapMem_A_zeroBlock__C                           
000071f0  ti_sysbios_heaps_HeapMem_E_memory__C                              
000071f4  ti_sysbios_heaps_HeapMem_Module__diagsEnabled__C                  
000071f8  ti_sysbios_heaps_HeapMem_Module__diagsIncluded__C                 
000071fc  ti_sysbios_heaps_HeapMem_Module__diagsMask__C                     
00007200  ti_sysbios_heaps_HeapMem_Module__gateObj__C                       
00007204  ti_sysbios_heaps_HeapMem_Object__count__C                         
00007208  ti_sysbios_heaps_HeapMem_reqAlign__C                              
0000720c  ti_sysbios_knl_Clock_Module_State_clockQ__O                       
00007210  ti_sysbios_knl_Idle_funcList__A                                   
00007214  ti_sysbios_knl_Semaphore_A_badContext__C                          
00007218  ti_sysbios_knl_Semaphore_A_noEvents__C                            
0000721c  ti_sysbios_knl_Semaphore_A_overflow__C                            
00007220  ti_sysbios_knl_Semaphore_A_pendTaskDisabled__C                    
00007224  ti_sysbios_knl_Semaphore_Instance_State_pendQ__O                  
00007228  ti_sysbios_knl_Semaphore_Module__diagsEnabled__C                  
0000722c  ti_sysbios_knl_Semaphore_Module__diagsIncluded__C                 
00007230  ti_sysbios_knl_Semaphore_Module__diagsMask__C                     
00007234  ti_sysbios_knl_Swi_Object__count__C                               
00007238  ti_sysbios_knl_Task_A_badPriority__C                              
0000723c  ti_sysbios_knl_Task_A_badTaskState__C                             
00007240  ti_sysbios_knl_Task_A_badThreadType__C                            
00007244  ti_sysbios_knl_Task_A_badTimeout__C                               
00007248  ti_sysbios_knl_Task_A_noPendElem__C                               
0000724c  ti_sysbios_knl_Task_A_sleepTaskDisabled__C                        
00007250  ti_sysbios_knl_Task_E_spOutOfBounds__C                            
00007254  ti_sysbios_knl_Task_E_stackOverflow__C                            
00007258  ti_sysbios_knl_Task_Module_State_inactiveQ__O                     
0000725c  ti_sysbios_knl_Task_Module__diagsEnabled__C                       
00007260  ti_sysbios_knl_Task_Module__diagsIncluded__C                      
00007264  ti_sysbios_knl_Task_Module__diagsMask__C                          
00007268  ti_sysbios_knl_Task_Object__count__C                              
0000726c  ti_sysbios_knl_Task_allBlockedFunc__C                             
00007270  ti_sysbios_knl_Task_defaultStackHeap__C                           
00007274  ti_sysbios_knl_Task_defaultStackSize__C                           
00007278  ti_sysbios_knl_Task_numConstructedTasks__C                        
0000727c  xdc_runtime_Assert_E_assertFailed__C                              
00007280  xdc_runtime_Core_A_initializedParams__C                           
00007284  xdc_runtime_Core_Module__diagsEnabled__C                          
00007288  xdc_runtime_Core_Module__diagsIncluded__C                         
0000728c  xdc_runtime_Core_Module__diagsMask__C                             
00007290  xdc_runtime_Error_E_memory__C                                     
00007294  xdc_runtime_Error_Module__diagsEnabled__C                         
00007298  xdc_runtime_Error_Module__diagsIncluded__C                        
0000729c  xdc_runtime_Error_Module__diagsMask__C                            
000072a0  xdc_runtime_Error_Module__loggerFxn8__C                           
000072a4  xdc_runtime_Error_Module__loggerObj__C                            
000072a8  xdc_runtime_Error_policyFxn__C                                    
000072ac  xdc_runtime_Error_raiseHook__C                                    
000072b0  xdc_runtime_IGateProvider_Interface__BASE__C                      
000072b4  xdc_runtime_IHeap_Interface__BASE__C                              
000072b8  xdc_runtime_IModule_Interface__BASE__C                            
000072bc  xdc_runtime_Log_L_error__C                                        
000072c0  xdc_runtime_Memory_defaultHeapInstance__C                         
000072c4  xdc_runtime_Startup_execImpl__C                                   
000072c8  xdc_runtime_Startup_maxPasses__C                                  
000072cc  xdc_runtime_Startup_sfxnRts__C                                    
000072d0  xdc_runtime_Startup_sfxnTab__C                                    
000072d4  xdc_runtime_SysMin_bufSize__C                                     
000072d8  xdc_runtime_SysMin_outputFunc__C                                  
000072dc  xdc_runtime_System_Module__gateObj__C                             
000072e0  xdc_runtime_System_abortFxn__C                                    
000072e4  xdc_runtime_System_exitFxn__C                                     
000072e8  xdc_runtime_System_extendFxn__C                                   
000072ec  xdc_runtime_System_maxAtexitHandlers__C                           
000072f0  xdc_runtime_Text_charTab__C                                       
000072f4  xdc_runtime_Text_nameEmpty__C                                     
000072f8  xdc_runtime_Text_nameStatic__C                                    
000072fc  xdc_runtime_Text_nameUnknown__C                                   
00007300  xdc_runtime_Text_nodeTab__C                                       
00007304  xdc_runtime_Text_visitRopeFxn__C                                  
00007308  ti_sysbios_family_arm_m3_Hwi_Module__id__C                        
0000730a  ti_sysbios_gates_GateMutex_Module__id__C                          
0000730c  ti_sysbios_hal_Hwi_Module__id__C                                  
0000730e  ti_sysbios_heaps_HeapMem_Module__id__C                            
00007310  ti_sysbios_knl_Semaphore_Module__id__C                            
00007312  ti_sysbios_knl_Task_Module__id__C                                 
00007314  xdc_runtime_Core_Module__id__C                                    
00007316  xdc_runtime_Error_Module__loggerDefined__C                        
00007318  xdc_runtime_Error_maxDepth__C                                     
0000731a  xdc_runtime_Memory_Module__id__C                                  
0000731c  xdc_runtime_SysMin_flushAtExit__C                                 
0000731e  xdc_runtime_Text_charCnt__C                                       
00007320  xdc_runtime_Text_isLoaded__C                                      
00007322  xdc_runtime_Text_registryModsLastId__C                            
00007324  xdc_runtime_Text_unnamedModsLastId__C                             
00007328  __TI_static_base__                                                
000074f8  __TI_Handler_Table_Base                                           
00007504  __TI_Handler_Table_Limit                                          
00007518  __TI_CINIT_Base                                                   
00007530  __TI_CINIT_Limit                                                  
20000000  ti_sysbios_family_arm_m3_Hwi_ramVectors                           
20000360  ti_sysbios_heaps_HeapMem_Instance_State_0_buf__A                  
20000760  ti_sysbios_family_arm_m3_Hwi_dispatchTable                        
20000ac0  ti_sysbios_knl_Task_Instance_State_0_stack__A                     
20000cc0  task0Stack                                                        
20000ec0  __CIOBUF_                                                         
20001070  xdc_runtime_SysMin_Module_State_0_outbuf__A                       
200010f0  task0Struct                                                       
20001140  parmbuf                                                           
2000114c  ti_sysbios_knl_Swi_Module_State_0_readyQ__A                       
200011cc  ti_sysbios_knl_Task_Module_State_0_readyQ__A                      
2000124c  ti_sysbios_knl_Task_Object__table__V                              
20001298  ti_sysbios_knl_Task_Module__state__V                              
200012dc  ti_sysbios_family_arm_lm4_Timer_Object__table__V                  
2000131c  ti_sysbios_gates_GateMutex_Object__table__V                       
20001354  ti_sysbios_family_arm_m3_Hwi_Module__state__V                     
20001388  ti_sysbios_family_arm_lm4_Timer_Module_State_0_device__A          
200013b8  ti_sysbios_knl_Swi_Object__table__V                               
200013e8  ti_sysbios_knl_Clock_Module__state__V                             
20001414  ti_sysbios_BIOS_Module__state__V                                  
20001438  ti_sysbios_knl_Swi_Module__state__V                               
20001454  ti_sysbios_family_arm_lm4_Timer_Module_State_0_handles__A         
2000146c  ti_sysbios_family_arm_m3_Hwi_Object__table__V                     
20001484  ti_sysbios_heaps_HeapMem_Object__table__V                         
2000149c  gpioPinConfigs                                                    
200014b0  ti_sysbios_family_arm_lm4_Timer_Module__state__V                  
200014bc  xdc_runtime_SysMin_Module__state__V                               
200014c8  _lock                                                             
200014cc  _unlock                                                           
200014d0  gpioCallbackFunctions                                             
200014d8  ti_sysbios_family_arm_m3_Hwi_Module__root__V                      
200014e0  ti_sysbios_gates_GateHwi_Module__root__V                          
200014e8  ti_sysbios_gates_GateMutex_Module__root__V                        
200014f0  ti_sysbios_heaps_HeapMem_Module__root__V                          
200014f8  ti_sysbios_knl_Queue_Module__root__V                              
20001500  ti_sysbios_knl_Semaphore_Module__root__V                          
20001508  ti_sysbios_knl_Task_Module__root__V                               
20001510  xdc_runtime_Registry_Module__state__V                             
20001518  xdc_runtime_Startup_Module__state__V                              
20001520  xdc_runtime_System_Module_State_0_atexitHandlers__A               
20001528  xdc_runtime_System_Module__state__V                               
20001536  ti_sysbios_family_arm_m3_Hwi_Module_State_0_excActive__A          
20001538  main_func_sp                                                      
2000153c  ti_sysbios_family_arm_m3_Hwi_Module_State_0_excContext__A         
20001540  ti_sysbios_family_arm_m3_Hwi_Module_State_0_excStack__A           
20001544  ti_sysbios_gates_GateHwi_Object__table__V                         
20001548  ti_sysbios_knl_Task_Module_State_0_idleTask__A                    
2000154c  xdc_runtime_Memory_Module__state__V                               
20001550  xdc_runtime_Error_Module__state__V                                
20001558  __stack                                                           
20001858  __STACK_END                                                       
e000e000  ti_sysbios_family_arm_m3_Hwi_nvic                                 
ffffffff  __TI_pprof_out_hndl                                               
ffffffff  __TI_prof_data_size                                               
ffffffff  __TI_prof_data_start                                              
ffffffff  __binit__                                                         
ffffffff  __c_args__                                                        
ffffffff  binit                                                             
UNDEFED   SHT$$INIT_ARRAY$$Base                                             
UNDEFED   SHT$$INIT_ARRAY$$Limit                                            

[542 symbols]
